Archive member included to satisfy reference by file (symbol)

/usr/lib/gcc/arm-none-eabi/14.2.1/thumb/v6-m/nofp/libgcc.a(_dvmd_tls.o)
                              CMakeFiles/serv_http_esp8266.dir/home/kali/pico/pico-sdk/src/rp2_common/pico_divider/divider_hardware.S.o (__aeabi_idiv0)
/usr/lib/gcc/arm-none-eabi/14.2.1/../../../arm-none-eabi/lib/thumb/v6-m/nofp/libg.a(libc_a-strncpy.o)
                              CMakeFiles/serv_http_esp8266.dir/lib/Esp8266HttpServer.cpp.o (strncpy)
/usr/lib/gcc/arm-none-eabi/14.2.1/../../../arm-none-eabi/lib/thumb/v6-m/nofp/libg.a(libc_a-toupper.o)
                              CMakeFiles/serv_http_esp8266.dir/lib/Esp8266HttpServer.cpp.o (toupper)
/usr/lib/gcc/arm-none-eabi/14.2.1/../../../arm-none-eabi/lib/thumb/v6-m/nofp/libg.a(libc_a-strlen-stub.o)
                              CMakeFiles/serv_http_esp8266.dir/lib/Esp8266HttpServer.cpp.o (strlen)
/usr/lib/gcc/arm-none-eabi/14.2.1/../../../arm-none-eabi/lib/thumb/v6-m/nofp/libg.a(libc_a-memchr-stub.o)
                              CMakeFiles/serv_http_esp8266.dir/lib/Esp8266HttpServer.cpp.o (memchr)
/usr/lib/gcc/arm-none-eabi/14.2.1/../../../arm-none-eabi/lib/thumb/v6-m/nofp/libg.a(libc_a-strchr.o)
                              CMakeFiles/serv_http_esp8266.dir/lib/Esp8266HttpServer.cpp.o (strchr)
/usr/lib/gcc/arm-none-eabi/14.2.1/../../../arm-none-eabi/lib/thumb/v6-m/nofp/libg.a(libc_a-fini.o)
                              /usr/lib/gcc/arm-none-eabi/14.2.1/../../../arm-none-eabi/lib/thumb/v6-m/nofp/crt0.o (__libc_fini_array)
/usr/lib/gcc/arm-none-eabi/14.2.1/../../../arm-none-eabi/lib/thumb/v6-m/nofp/libg.a(libc_a-strncmp.o)
                              CMakeFiles/serv_http_esp8266.dir/lib/Esp8266HttpServer.cpp.o (strncmp)
/usr/lib/gcc/arm-none-eabi/14.2.1/../../../arm-none-eabi/lib/thumb/v6-m/nofp/libg.a(libc_a-calloc.o)
                              CMakeFiles/serv_http_esp8266.dir/home/kali/pico/pico-sdk/src/rp2_common/pico_malloc/malloc.c.o (calloc)
/usr/lib/gcc/arm-none-eabi/14.2.1/../../../arm-none-eabi/lib/thumb/v6-m/nofp/libg.a(libc_a-callocr.o)
                              /usr/lib/gcc/arm-none-eabi/14.2.1/../../../arm-none-eabi/lib/thumb/v6-m/nofp/libg.a(libc_a-calloc.o) (_calloc_r)
/usr/lib/gcc/arm-none-eabi/14.2.1/../../../arm-none-eabi/lib/thumb/v6-m/nofp/libg.a(libc_a-realloc.o)
                              CMakeFiles/serv_http_esp8266.dir/home/kali/pico/pico-sdk/src/rp2_common/pico_malloc/malloc.c.o (realloc)
/usr/lib/gcc/arm-none-eabi/14.2.1/../../../arm-none-eabi/lib/thumb/v6-m/nofp/libg.a(libc_a-mallocr.o)
                              /usr/lib/gcc/arm-none-eabi/14.2.1/../../../arm-none-eabi/lib/thumb/v6-m/nofp/libg.a(libc_a-callocr.o) (_malloc_r)
/usr/lib/gcc/arm-none-eabi/14.2.1/../../../arm-none-eabi/lib/thumb/v6-m/nofp/libg.a(libc_a-freer.o)
                              /usr/lib/gcc/arm-none-eabi/14.2.1/../../../arm-none-eabi/lib/thumb/v6-m/nofp/libg.a(libc_a-mallocr.o) (_free_r)
/usr/lib/gcc/arm-none-eabi/14.2.1/../../../arm-none-eabi/lib/thumb/v6-m/nofp/libg.a(libc_a-memcmp.o)
                              CMakeFiles/serv_http_esp8266.dir/lib/Esp8266HttpServer.cpp.o (memcmp)
/usr/lib/gcc/arm-none-eabi/14.2.1/../../../arm-none-eabi/lib/thumb/v6-m/nofp/libg.a(libc_a-errno.o)
                              /usr/lib/gcc/arm-none-eabi/14.2.1/../../../arm-none-eabi/lib/thumb/v6-m/nofp/libg.a(libc_a-callocr.o) (__errno)
/usr/lib/gcc/arm-none-eabi/14.2.1/../../../arm-none-eabi/lib/thumb/v6-m/nofp/libg.a(libc_a-malloc.o)
                              CMakeFiles/serv_http_esp8266.dir/home/kali/pico/pico-sdk/src/rp2_common/pico_malloc/malloc.c.o (malloc)
/usr/lib/gcc/arm-none-eabi/14.2.1/../../../arm-none-eabi/lib/thumb/v6-m/nofp/libg.a(libc_a-reallocr.o)
                              /usr/lib/gcc/arm-none-eabi/14.2.1/../../../arm-none-eabi/lib/thumb/v6-m/nofp/libg.a(libc_a-realloc.o) (_realloc_r)
/usr/lib/gcc/arm-none-eabi/14.2.1/../../../arm-none-eabi/lib/thumb/v6-m/nofp/libg.a(libc_a-mktime.o)
                              CMakeFiles/serv_http_esp8266.dir/home/kali/pico/pico-sdk/src/common/pico_util/datetime.c.o (mktime)
/usr/lib/gcc/arm-none-eabi/14.2.1/../../../arm-none-eabi/lib/thumb/v6-m/nofp/libg.a(libc_a-mlock.o)
                              /usr/lib/gcc/arm-none-eabi/14.2.1/../../../arm-none-eabi/lib/thumb/v6-m/nofp/libg.a(libc_a-mallocr.o) (__malloc_lock)
/usr/lib/gcc/arm-none-eabi/14.2.1/../../../arm-none-eabi/lib/thumb/v6-m/nofp/libg.a(libc_a-tzlock.o)
                              /usr/lib/gcc/arm-none-eabi/14.2.1/../../../arm-none-eabi/lib/thumb/v6-m/nofp/libg.a(libc_a-mktime.o) (__tz_lock)
/usr/lib/gcc/arm-none-eabi/14.2.1/../../../arm-none-eabi/lib/thumb/v6-m/nofp/libg.a(libc_a-sbrkr.o)
                              /usr/lib/gcc/arm-none-eabi/14.2.1/../../../arm-none-eabi/lib/thumb/v6-m/nofp/libg.a(libc_a-mallocr.o) (_sbrk_r)
/usr/lib/gcc/arm-none-eabi/14.2.1/../../../arm-none-eabi/lib/thumb/v6-m/nofp/libg.a(libc_a-ctype_.o)
[...]
Memory Configuration

Name             Origin             Length             Attributes
FLASH            0x10000000         0x00200000         xr
RAM              0x20000000         0x00040000         xrw
SCRATCH_X        0x20040000         0x00001000         xrw
SCRATCH_Y        0x20041000         0x00001000         xrw
*default*        0x00000000         0xffffffff

Linker script and memory map

LOAD /usr/lib/gcc/arm-none-eabi/14.2.1/thumb/v6-m/nofp/crti.o
LOAD /usr/lib/gcc/arm-none-eabi/14.2.1/thumb/v6-m/nofp/crtbegin.o
LOAD /usr/lib/gcc/arm-none-eabi/14.2.1/../../../arm-none-eabi/lib/thumb/v6-m/nofp/crt0.o

.flash_begin    0x10000000        0x0
                0x10000000                        __flash_binary_start = .

.boot2          0x10000000      0x100
                0x10000000                        __boot2_start__ = .
 *(.boot2)
 .boot2         0x10000000      0x100 pico-sdk/src/rp2040/boot_stage2/CMakeFiles/bs2_default_library.dir/bs2_default_padded_checksummed.S.o
                0x10000100                        __boot2_end__ = .
                0x00000001                        ASSERT (((__boot2_end__ - __boot2_start__) == 0x100), ERROR: Pico second stage bootloader must be 256 bytes in size)

.text           0x10000100     0x75c8
                0x10000100                        __logical_binary_start = .
 *(.vectors)
 .vectors       0x10000100       0xd4 CMakeFiles/serv_http_esp8266.dir/home/kali/pico/pico-sdk/src/rp2_common/pico_crt0/crt0.S.o
                0x10000100                __vectors
                0x10000100                __VECTOR_TABLE
                0x100001c0                isr_irq30
                0x100001c0                __unhandled_user_irq
                0x100001c0                isr_irq13
                0x100001c0                isr_irq27
                0x100001c0                isr_irq31
                0x100001c0                isr_irq5
                0x100001c0                isr_irq11
                0x100001c0                isr_irq23
                0x100001c0                isr_irq18
                0x100001c0                isr_irq28
                0x100001c0                isr_irq19
                0x100001c0                isr_irq0
                0x100001c0                isr_irq6
                0x100001c0                isr_irq22
                0x100001c0                isr_irq17
                0x100001c0                isr_irq14
                0x100001c0                __vectors_end
                0x100001c0                __default_isrs_start
                0x100001c0                isr_irq2
                0x100001c0                isr_irq10
                0x100001c0                isr_irq8
                0x100001c0                isr_irq24
                0x100001c0                isr_irq1
                0x100001c0                isr_irq7
                0x100001c0                isr_irq21
                0x100001c0                isr_irq20
                0x100001c0                isr_irq15
                0x100001c0                isr_irq25
                0x100001c0                isr_irq4
                0x100001c0                isr_irq16
                0x100001c0                isr_irq29
                0x100001c0                isr_irq26
                0x100001c0                isr_irq3
                0x100001c0                isr_irq12
                0x100001c0                isr_irq9
                0x100001c6                unhandled_user_irq_num_in_r0
                0x100001c8                isr_invalid
                0x100001ca                isr_nmi
                0x100001cc                isr_hardfault
                0x100001ce                isr_svcall
                0x100001d0                isr_pendsv
                0x100001d2                isr_systick
                0x100001d4                __default_isrs_end
 *(.binary_info_header)
 .binary_info_header
                0x100001d4       0x14 CMakeFiles/serv_http_esp8266.dir/home/kali/pico/pico-sdk/src/rp2_common/pico_crt0/crt0.S.o
                0x100001e8                        __binary_info_header_end = .
 *(.embedded_block)
                0x100001e8                        __embedded_block_end = .
 *(.reset)
 .reset         0x100001e8       0x9c CMakeFiles/serv_http_esp8266.dir/home/kali/pico/pico-sdk/src/rp2_common/pico_crt0/crt0.S.o
                0x100001e8                _entry_point
 *(.init)
 .init          0x10000284        0x4 /usr/lib/gcc/arm-none-eabi/14.2.1/thumb/v6-m/nofp/crti.o
                0x10000284                _init
 *(EXCLUDE_FILE(*libm.a: *libc.a:*lib_a-mem*.o *libgcc.a:) .text*)
 .text          0x10000288       0x98 /usr/lib/gcc/arm-none-eabi/14.2.1/thumb/v6-m/nofp/crtbegin.o
 .text.startup.main
                0x10000320       0x64 CMakeFiles/serv_http_esp8266.dir/main.cpp.o
                0x10000320                main
 .text._ZN17Esp8266HttpServerC2Ev
                0x10000384       0x18 CMakeFiles/serv_http_esp8266.dir/lib/Esp8266HttpServer.cpp.o
                0x10000384                Esp8266HttpServer::Esp8266HttpServer()
                0x10000384                Esp8266HttpServer::Esp8266HttpServer()
 .text._ZN17Esp8266HttpServer11diag_bridgeEv
                0x1000039c       0x60 CMakeFiles/serv_http_esp8266.dir/lib/Esp8266HttpServer.cpp.o
                0x1000039c                Esp8266HttpServer::diag_bridge()
 .text._ZN17Esp8266HttpServer7send_atEPKc
                0x100003fc       0x40 CMakeFiles/serv_http_esp8266.dir/lib/Esp8266HttpServer.cpp.o
                0x100003fc                Esp8266HttpServer::send_at(char const*)
 .text._ZN17Esp8266HttpServer16flush_uart_quietEm
                0x1000043c       0x98 CMakeFiles/serv_http_esp8266.dir/lib/Esp8266HttpServer.cpp.o
                0x1000043c                Esp8266HttpServer::flush_uart_quiet(unsigned long)
 .text._ZN17Esp8266HttpServer12wait_for_anyEPKPKcim
                0x100004d4      0x140 CMakeFiles/serv_http_esp8266.dir/lib/Esp8266HttpServer.cpp.o
                0x100004d4                Esp8266HttpServer::wait_for_any(char const* const*, int, unsigned long)
 .text._ZN17Esp8266HttpServer8wait_forEPKcm
                0x10000614       0x1c CMakeFiles/serv_http_esp8266.dir/lib/Esp8266HttpServer.cpp.o
                0x10000614                Esp8266HttpServer::wait_for(char const*, unsigned long)
 .text._ZN17Esp8266HttpServer10read_bytesEPhim
                0x10000630       0xb8 CMakeFiles/serv_http_esp8266.dir/lib/Esp8266HttpServer.cpp.o
                0x10000630                Esp8266HttpServer::read_bytes(unsigned char*, int, unsigned long)
 .text._ZN17Esp8266HttpServer17wait_ipd_or_readyEPiS0_m
                0x100006e8      0x1e4 CMakeFiles/serv_http_esp8266.dir/lib/Esp8266HttpServer.cpp.o
                0x100006e8                Esp8266HttpServer::wait_ipd_or_ready(int*, int*, unsigned long)
 .text._ZN17Esp8266HttpServer13send_http_200Ei
                0x100008cc       0xd8 CMakeFiles/serv_http_esp8266.dir/lib/Esp8266HttpServer.cpp.o
                0x100008cc                Esp8266HttpServer::send_http_200(int)
 .text._ZN17Esp8266HttpServer13send_http_404Ei
                0x100009a4       0xc4 CMakeFiles/serv_http_esp8266.dir/lib/Esp8266HttpServer.cpp.o
                0x100009a4                Esp8266HttpServer::send_http_404(int)
 .text._ZN17Esp8266HttpServer12start_serverEv
                0x10000a68       0xec CMakeFiles/serv_http_esp8266.dir/lib/Esp8266HttpServer.cpp.o
                0x10000a68                Esp8266HttpServer::start_server()
 .text._ZN17Esp8266HttpServer5beginEv
                0x10000b54      0x174 CMakeFiles/serv_http_esp8266.dir/lib/Esp8266HttpServer.cpp.o
                0x10000b54                Esp8266HttpServer::begin()
 .text._ZN17Esp8266HttpServer4loopEv
                0x10000cc8      0x4fc CMakeFiles/serv_http_esp8266.dir/lib/Esp8266HttpServer.cpp.o
                0x10000cc8                Esp8266HttpServer::loop()
 .text.gpio_set_function
                0x100011c4       0x34 CMakeFiles/serv_http_esp8266.dir/home/kali/pico/pico-sdk/src/rp2_common/hardware_gpio/gpio.c.o
                0x100011c4                gpio_set_function
 .text.gpio_init
                0x100011f8       0x40 CMakeFiles/serv_http_esp8266.dir/home/kali/pico/pico-sdk/src/rp2_common/hardware_gpio/gpio.c.o
                0x100011f8                gpio_init
 .text.rp2040_chip_version
                0x10001238        0xc CMakeFiles/serv_http_esp8266.dir/home/kali/pico/pico-sdk/src/rp2040/pico_platform/platform.c.o
                0x10001238                rp2040_chip_version
 .text.panic    0x10001244       0x30 CMakeFiles/serv_http_esp8266.dir/home/kali/pico/pico-sdk/src/rp2_common/pico_platform_panic/panic.c.o
                0x10001244                panic
 .text.hw_claim_or_assert
                0x10001274       0x44 CMakeFiles/serv_http_esp8266.dir/home/kali/pico/pico-sdk/src/common/hardware_claim/claim.c.o
                0x10001274                hw_claim_or_assert
 .text.hw_claim_unused_from_range
                0x100012b8       0x88 CMakeFiles/serv_http_esp8266.dir/home/kali/pico/pico-sdk/src/common/hardware_claim/claim.c.o
                0x100012b8                hw_claim_unused_from_range
 .text.next_striped_spin_lock_num
                0x10001340       0x18 CMakeFiles/serv_http_esp8266.dir/home/kali/pico/pico-sdk/src/rp2_common/hardware_sync/sync.c.o
                0x10001340                next_striped_spin_lock_num
 .text.spin_lock_claim_unused
                0x10001358       0x24 CMakeFiles/serv_http_esp8266.dir/home/kali/pico/pico-sdk/src/rp2_common/hardware_sync/sync.c.o
                0x10001358                spin_lock_claim_unused
 .text.spin_locks_reset
                0x1000137c       0x1c CMakeFiles/serv_http_esp8266.dir/home/kali/pico/pico-sdk/src/rp2_common/hardware_sync_spin_lock/sync_spin_lock.c.o
                0x1000137c                spin_locks_reset
 .text.runtime_init_per_core_irq_priorities
                0x10001398       0x24 CMakeFiles/serv_http_esp8266.dir/home/kali/pico/pico-sdk/src/rp2_common/hardware_irq/irq.c.o
                0x10001398                runtime_init_per_core_irq_priorities
 .text.irq_set_enabled
                0x100013bc       0x24 CMakeFiles/serv_http_esp8266.dir/home/kali/pico/pico-sdk/src/rp2_common/hardware_irq/irq.c.o
                0x100013bc                irq_set_enabled
 .text.irq_is_enabled
                0x100013e0       0x18 CMakeFiles/serv_http_esp8266.dir/home/kali/pico/pico-sdk/src/rp2_common/hardware_irq/irq.c.o
                0x100013e0                irq_is_enabled
 .text.irq_set_pending
                0x100013f8       0x10 CMakeFiles/serv_http_esp8266.dir/home/kali/pico/pico-sdk/src/rp2_common/hardware_irq/irq.c.o
                0x100013f8                irq_set_pending
 .text.irq_has_shared_handler
                0x10001408       0x24 CMakeFiles/serv_http_esp8266.dir/home/kali/pico/pico-sdk/src/rp2_common/hardware_irq/irq.c.o
                0x10001408                irq_has_shared_handler
 .text.irq_set_exclusive_handler
                0x1000142c       0x54 CMakeFiles/serv_http_esp8266.dir/home/kali/pico/pico-sdk/src/rp2_common/hardware_irq/irq.c.o
                0x1000142c                irq_set_exclusive_handler
 .text.irq_add_shared_handler
                0x10001480      0x1f4 CMakeFiles/serv_http_esp8266.dir/home/kali/pico/pico-sdk/src/rp2_common/hardware_irq/irq.c.o
                0x10001480                irq_add_shared_handler
 .text.irq_add_tail_to_free_list
                0x10001674       0xa4 CMakeFiles/serv_http_esp8266.dir/home/kali/pico/pico-sdk/src/rp2_common/hardware_irq/irq.c.o
                0x10001674                irq_add_tail_to_free_list
 .text.user_irq_claim_unused
                0x10001718       0x2c CMakeFiles/serv_http_esp8266.dir/home/kali/pico/pico-sdk/src/rp2_common/hardware_irq/irq.c.o
                0x10001718                user_irq_claim_unused
 .text.lock_init
                0x10001744       0x10 CMakeFiles/serv_http_esp8266.dir/home/kali/pico/pico-sdk/src/common/pico_sync/lock_core.c.o
                0x10001744                lock_init
 .text.runtime_init_mutex
                0x10001754       0x50 CMakeFiles/serv_http_esp8266.dir/home/kali/pico/pico-sdk/src/common/pico_sync/mutex.c.o
                0x10001754                runtime_init_mutex
 .text.mutex_init
                0x100017a4       0x1c CMakeFiles/serv_http_esp8266.dir/home/kali/pico/pico-sdk/src/common/pico_sync/mutex.c.o
                0x100017a4                mutex_init
 .text.critical_section_init
                0x100017c0       0x1c CMakeFiles/serv_http_esp8266.dir/home/kali/pico/pico-sdk/src/common/pico_sync/critical_section.c.o
                0x100017c0                critical_section_init
 .text.critical_section_init_with_lock_num
                0x100017dc       0x14 CMakeFiles/serv_http_esp8266.dir/home/kali/pico/pico-sdk/src/common/pico_sync/critical_section.c.o
                0x100017dc                critical_section_init_with_lock_num
 .text.sleep_until_callback
                0x100017f0       0x30 CMakeFiles/serv_http_esp8266.dir/home/kali/pico/pico-sdk/src/common/pico_time/time.c.o
 .text.alarm_pool_irq_handler
                0x10001820      0x2f8 CMakeFiles/serv_http_esp8266.dir/home/kali/pico/pico-sdk/src/common/pico_time/time.c.o
 .text.runtime_init_default_alarm_pool
                0x10001b18       0x9c CMakeFiles/serv_http_esp8266.dir/home/kali/pico/pico-sdk/src/common/pico_time/time.c.o
                0x10001b18                runtime_init_default_alarm_pool
 .text.alarm_pool_get_default
                0x10001bb4        0x8 CMakeFiles/serv_http_esp8266.dir/home/kali/pico/pico-sdk/src/common/pico_time/time.c.o
                0x10001bb4                alarm_pool_get_default
 .text.alarm_pool_add_alarm_at_force_in_context
                0x10001bbc       0xb0 CMakeFiles/serv_http_esp8266.dir/home/kali/pico/pico-sdk/src/common/pico_time/time.c.o
                0x10001bbc                alarm_pool_add_alarm_at_force_in_context
 .text.alarm_pool_add_alarm_at
                0x10001c6c       0x3c CMakeFiles/serv_http_esp8266.dir/home/kali/pico/pico-sdk/src/common/pico_time/time.c.o
                0x10001c6c                alarm_pool_add_alarm_at
 .text.alarm_pool_cancel_alarm
                0x10001ca8       0x74 CMakeFiles/serv_http_esp8266.dir/home/kali/pico/pico-sdk/src/common/pico_time/time.c.o
                0x10001ca8                alarm_pool_cancel_alarm
 .text.alarm_pool_core_num
                0x10001d1c        0x4 CMakeFiles/serv_http_esp8266.dir/home/kali/pico/pico-sdk/src/common/pico_time/time.c.o
                0x10001d1c                alarm_pool_core_num
 .text.sleep_until
                0x10001d20       0xd0 CMakeFiles/serv_http_esp8266.dir/home/kali/pico/pico-sdk/src/common/pico_time/time.c.o
                0x10001d20                sleep_until
 .text.sleep_ms
                0x10001df0       0x34 CMakeFiles/serv_http_esp8266.dir/home/kali/pico/pico-sdk/src/common/pico_time/time.c.o
                0x10001df0                sleep_ms
 .text.best_effort_wfe_or_timeout
                0x10001e24      0x10c CMakeFiles/serv_http_esp8266.dir/home/kali/pico/pico-sdk/src/common/pico_time/time.c.o
                0x10001e24                best_effort_wfe_or_timeout
 .text.timer_hardware_alarm_claim
                0x10001f30       0x14 CMakeFiles/serv_http_esp8266.dir/home/kali/pico/pico-sdk/src/rp2_common/hardware_timer/timer.c.o
                0x10001f30                timer_hardware_alarm_claim
 .text.timer_time_us_64
                0x10001f44       0x10 CMakeFiles/serv_http_esp8266.dir/home/kali/pico/pico-sdk/src/rp2_common/hardware_timer/timer.c.o
                0x10001f44                timer_time_us_64
 .text.time_us_64
                0x10001f54       0x14 CMakeFiles/serv_http_esp8266.dir/home/kali/pico/pico-sdk/src/rp2_common/hardware_timer/timer.c.o
                0x10001f54                time_us_64
 .text.busy_wait_us
                0x10001f68       0x68 CMakeFiles/serv_http_esp8266.dir/home/kali/pico/pico-sdk/src/rp2_common/hardware_timer/timer.c.o
                0x10001f68                busy_wait_us
 .text.busy_wait_until
                0x10001fd0       0x20 CMakeFiles/serv_http_esp8266.dir/home/kali/pico/pico-sdk/src/rp2_common/hardware_timer/timer.c.o
                0x10001fd0                busy_wait_until
 .text.uart_set_baudrate
                0x10001ff0       0xb4 CMakeFiles/serv_http_esp8266.dir/home/kali/pico/pico-sdk/src/rp2_common/hardware_uart/uart.c.o
                0x10001ff0                uart_set_baudrate
 .text.uart_init
                0x100020a4       0x88 CMakeFiles/serv_http_esp8266.dir/home/kali/pico/pico-sdk/src/rp2_common/hardware_uart/uart.c.o
                0x100020a4                uart_init
 .text.uart_set_format
                0x1000212c       0x78 CMakeFiles/serv_http_esp8266.dir/home/kali/pico/pico-sdk/src/rp2_common/hardware_uart/uart.c.o
                0x1000212c                uart_set_format
 .text.uart_set_fifo_enabled
                0x100021a4       0x5c CMakeFiles/serv_http_esp8266.dir/home/kali/pico/pico-sdk/src/rp2_common/hardware_uart/uart.c.o
                0x100021a4                uart_set_fifo_enabled
 .text.clock_configure_internal
                0x10002200       0xe4 CMakeFiles/serv_http_esp8266.dir/home/kali/pico/pico-sdk/src/rp2_common/hardware_clocks/clocks.c.o
 .text.clock_configure_int_divider
                0x100022e4       0x28 CMakeFiles/serv_http_esp8266.dir/home/kali/pico/pico-sdk/src/rp2_common/hardware_clocks/clocks.c.o
                0x100022e4                clock_configure_int_divider
 .text.clock_configure_undivided
                0x1000230c       0x14 CMakeFiles/serv_http_esp8266.dir/home/kali/pico/pico-sdk/src/rp2_common/hardware_clocks/clocks.c.o
                0x1000230c                clock_configure_undivided
 .text.clock_get_hz
                0x10002320        0xc CMakeFiles/serv_http_esp8266.dir/home/kali/pico/pico-sdk/src/rp2_common/hardware_clocks/clocks.c.o
                0x10002320                clock_get_hz
 .text.pll_init
                0x1000232c       0xa4 CMakeFiles/serv_http_esp8266.dir/home/kali/pico/pico-sdk/src/rp2_common/hardware_pll/pll.c.o
                0x1000232c                pll_init
 .text.watchdog_reboot
                0x100023d0       0x9c CMakeFiles/serv_http_esp8266.dir/home/kali/pico/pico-sdk/src/rp2_common/hardware_watchdog/watchdog.c.o
                0x100023d0                watchdog_reboot
 .text.tick_start
                0x1000246c       0x10 CMakeFiles/serv_http_esp8266.dir/home/kali/pico/pico-sdk/src/rp2_common/hardware_ticks/ticks.c.o
                0x1000246c                tick_start
 .text.rom_func_lookup
                0x1000247c       0x10 CMakeFiles/serv_http_esp8266.dir/home/kali/pico/pico-sdk/src/rp2_common/pico_bootrom/bootrom.c.o
                0x1000247c                rom_func_lookup
 .text.rom_data_lookup
                0x1000248c       0x10 CMakeFiles/serv_http_esp8266.dir/home/kali/pico/pico-sdk/src/rp2_common/pico_bootrom/bootrom.c.o
                0x1000248c                rom_data_lookup
 .text.rom_funcs_lookup
                0x1000249c       0x44 CMakeFiles/serv_http_esp8266.dir/home/kali/pico/pico-sdk/src/rp2_common/pico_bootrom/bootrom.c.o
                0x1000249c                rom_funcs_lookup
 .text.rom_reset_usb_boot_extra
                0x100024e0       0x24 CMakeFiles/serv_http_esp8266.dir/home/kali/pico/pico-sdk/src/rp2_common/pico_bootrom/bootrom.c.o
                0x100024e0                rom_reset_usb_boot_extra
 .text.xosc_init
                0x10002504       0x28 CMakeFiles/serv_http_esp8266.dir/home/kali/pico/pico-sdk/src/rp2_common/hardware_xosc/xosc.c.o
                0x10002504                xosc_init
 .text.first_per_core_initializer
                0x1000252c        0x4 CMakeFiles/serv_http_esp8266.dir/home/kali/pico/pico-sdk/src/rp2_common/pico_runtime/runtime.c.o
 .text.hard_assertion_failure
                0x10002530        0xc CMakeFiles/serv_http_esp8266.dir/home/kali/pico/pico-sdk/src/rp2_common/pico_runtime/runtime.c.o
                0x10002530                hard_assertion_failure
 .text.runtime_run_initializers
                0x1000253c       0x28 CMakeFiles/serv_http_esp8266.dir/home/kali/pico/pico-sdk/src/rp2_common/pico_runtime/runtime.c.o
                0x1000253c                runtime_run_initializers
 .text.runtime_init_early_resets
                0x10002564       0x2c CMakeFiles/serv_http_esp8266.dir/home/kali/pico/pico-sdk/src/rp2_common/pico_runtime_init/runtime_init.c.o
                0x10002564                runtime_init_early_resets
 .text.runtime_init_usb_power_down
                0x10002590       0x1c CMakeFiles/serv_http_esp8266.dir/home/kali/pico/pico-sdk/src/rp2_common/pico_runtime_init/runtime_init.c.o
                0x10002590                runtime_init_usb_power_down
 .text.runtime_init_post_clock_resets
                0x100025ac       0x20 CMakeFiles/serv_http_esp8266.dir/home/kali/pico/pico-sdk/src/rp2_common/pico_runtime_init/runtime_init.c.o
                0x100025ac                runtime_init_post_clock_resets
 .text.runtime_init_rp2040_gpio_ie_disable
                0x100025cc       0x14 CMakeFiles/serv_http_esp8266.dir/home/kali/pico/pico-sdk/src/rp2_common/pico_runtime_init/runtime_init.c.o
                0x100025cc                runtime_init_rp2040_gpio_ie_disable
 .text.runtime_init_spin_locks_reset
                0x100025e0        0x8 CMakeFiles/serv_http_esp8266.dir/home/kali/pico/pico-sdk/src/rp2_common/pico_runtime_init/runtime_init.c.o
                0x100025e0                runtime_init_spin_locks_reset
 .text.runtime_init_install_ram_vector_table
                0x100025e8       0x48 CMakeFiles/serv_http_esp8266.dir/home/kali/pico/pico-sdk/src/rp2_common/pico_runtime_init/runtime_init.c.o
                0x100025e8                runtime_init_install_ram_vector_table
 .text.runtime_init_clocks
                0x10002630       0xd8 CMakeFiles/serv_http_esp8266.dir/home/kali/pico/pico-sdk/src/rp2_common/pico_runtime_init/runtime_init_clocks.c.o
                0x10002630                runtime_init_clocks
 .text          0x10002708       0x10 CMakeFiles/serv_http_esp8266.dir/home/kali/pico/pico-sdk/src/rp2_common/pico_bit_ops/bit_ops_aeabi.S.o
 .text.__wrap___aeabi_idiv
                0x10002718       0x50 CMakeFiles/serv_http_esp8266.dir/home/kali/pico/pico-sdk/src/rp2_common/pico_divider/divider_hardware.S.o
                0x10002718                __wrap___aeabi_idivmod
                0x10002718                divmod_s32s32
                0x10002718                div_s32s32
                0x10002718                __wrap___aeabi_idiv
                0x10002720                divmod_s32s32_unsafe
                0x1000274c                divmod_s32s32_savestate
 .text.__wrap___aeabi_uidiv
                0x10002768       0x4c CMakeFiles/serv_http_esp8266.dir/home/kali/pico/pico-sdk/src/rp2_common/pico_divider/divider_hardware.S.o
                0x10002768                __wrap___aeabi_uidiv
                0x10002768                __wrap___aeabi_uidivmod
                0x10002768                div_u32u32
                0x10002768                divmod_u32u32
                0x10002770                divmod_u32u32_unsafe
                0x10002798                divmod_u32u32_savestate
 .text.__wrap___aeabi_ldiv
                0x100027b4      0x424 CMakeFiles/serv_http_esp8266.dir/home/kali/pico/pico-sdk/src/rp2_common/pico_divider/divider_hardware.S.o
                0x100027b4                div_s64s64
                0x100027b4                divmod_s64s64
                0x100027b4                __wrap___aeabi_ldivmod
                0x100027e4                div_u64u64
                0x100027e4                divmod_u64u64
                0x100027e4                __wrap___aeabi_uldivmod
                0x100027f4                divmod_u64u64_savestate
                0x10002814                divmod_s64s64_unsafe
                0x1000289c                divmod_u64u64_unsafe
 .text.__wrap___aeabi_darithmetic
                0x10002bd8       0x80 CMakeFiles/serv_http_esp8266.dir/home/kali/pico/pico-sdk/src/rp2_common/pico_double/double_aeabi_rp2040.S.o
                0x10002bd8                __wrap___aeabi_drsub
                0x10002bde                __wrap___aeabi_dsub
                0x10002bf0                __wrap___aeabi_dadd
                0x10002c02                __wrap___aeabi_ddiv
                0x10002c3e                __wrap___aeabi_dmul
 .text.__wrap___aeabi_cdcmple
                0x10002c58       0x6c CMakeFiles/serv_http_esp8266.dir/home/kali/pico/pico-sdk/src/rp2_common/pico_double/double_aeabi_rp2040.S.o
                0x10002c58                __wrap___aeabi_cdrcmple
                0x10002c68                __wrap___aeabi_cdcmple
                0x10002c68                __wrap___aeabi_cdcmpeq
 .text.__wrap___aeabi_dcmplt
                0x10002cc4        0xc CMakeFiles/serv_http_esp8266.dir/home/kali/pico/pico-sdk/src/rp2_common/pico_double/double_aeabi_rp2040.S.o
                0x10002cc4                __wrap___aeabi_dcmplt
 .text.__wrap___aeabi_dcmple
                0x10002cd0       0x10 CMakeFiles/serv_http_esp8266.dir/home/kali/pico/pico-sdk/src/rp2_common/pico_double/double_aeabi_rp2040.S.o
                0x10002cd0                __wrap___aeabi_dcmple
 .text.__wrap___aeabi_dcmpge
                0x10002ce0       0x10 CMakeFiles/serv_http_esp8266.dir/home/kali/pico/pico-sdk/src/rp2_common/pico_double/double_aeabi_rp2040.S.o
                0x10002ce0                __wrap___aeabi_dcmpge
 .text.__wrap___aeabi_dcmpgt
                0x10002cf0        0xa CMakeFiles/serv_http_esp8266.dir/home/kali/pico/pico-sdk/src/rp2_common/pico_double/double_aeabi_rp2040.S.o
                0x10002cf0                __wrap___aeabi_dcmpgt
 .text.__wrap___aeabi_dcmpun
                0x10002cfa       0x18 CMakeFiles/serv_http_esp8266.dir/home/kali/pico/pico-sdk/src/rp2_common/pico_double/double_aeabi_rp2040.S.o
                0x10002cfa                __wrap___aeabi_dcmpun
 *fill*         0x10002d12        0x2 
 .text.__wrap___aeabi_i2d
                0x10002d14       0x38 CMakeFiles/serv_http_esp8266.dir/home/kali/pico/pico-sdk/src/rp2_common/pico_double/double_aeabi_rp2040.S.o
                0x10002d14                __wrap___aeabi_ui2d
                0x10002d14                uint2double
                0x10002d1c                __wrap___aeabi_i2d
                0x10002d1c                int2double
 .text.__wrap___aeabi_d2iz
                0x10002d4c       0x48 CMakeFiles/serv_http_esp8266.dir/home/kali/pico/pico-sdk/src/rp2_common/pico_double/double_aeabi_rp2040.S.o
                0x10002d4c                __wrap___aeabi_d2iz
                0x10002d4c                double2int_z
 .text.__wrap___aeabi_d2uiz
                0x10002d94       0x18 CMakeFiles/serv_http_esp8266.dir/home/kali/pico/pico-sdk/src/rp2_common/pico_double/double_aeabi_rp2040.S.o
                0x10002d94                double2uint_z
                0x10002d94                double2uint
                0x10002d94                __wrap___aeabi_d2uiz
 .text.__aeabi_double_init
                0x10002dac       0x70 CMakeFiles/serv_http_esp8266.dir/home/kali/pico/pico-sdk/src/rp2_common/pico_double/double_init_rom_rp2040.c.o
                0x10002dac                __aeabi_double_init
 .text.double_table_shim_on_use_helper
                0x10002e1c       0x2c CMakeFiles/serv_http_esp8266.dir/home/kali/pico/pico-sdk/src/rp2_common/pico_double/double_v1_rom_shim_rp2040.S.o
                0x10002e1c                double_table_shim_on_use_helper
 .text.__wrap___aeabi_dsub
                0x10002e48       0x10 CMakeFiles/serv_http_esp8266.dir/home/kali/pico/pico-sdk/src/rp2_common/pico_double/double_v1_rom_shim_rp2040.S.o
                0x10002e48                drsub_shim
                0x10002e4e                dsub_shim
 .text.dadd_shim
                0x10002e58      0x15c CMakeFiles/serv_http_esp8266.dir/home/kali/pico/pico-sdk/src/rp2_common/pico_double/double_v1_rom_shim_rp2040.S.o
                0x10002e58                dadd_shim
 .text.dmul_shim
                0x10002fb4      0x15c CMakeFiles/serv_http_esp8266.dir/home/kali/pico/pico-sdk/src/rp2_common/pico_double/double_v1_rom_shim_rp2040.S.o
                0x10002fb4                dmul_shim
 .text.ddiv_shim
                0x10003110      0x1b0 CMakeFiles/serv_http_esp8266.dir/home/kali/pico/pico-sdk/src/rp2_common/pico_double/double_v1_rom_shim_rp2040.S.o
                0x10003110                ddiv_shim
 .text.double2uint_shim
                0x100032c0        0xe CMakeFiles/serv_http_esp8266.dir/home/kali/pico/pico-sdk/src/rp2_common/pico_double/double_v1_rom_shim_rp2040.S.o
                0x100032c0                double2uint_shim
                0x100032c2                double2ufix_shim
 *fill*         0x100032ce        0x2 
 .text.double2uint64_shim
                0x100032d0       0x70 CMakeFiles/serv_http_esp8266.dir/home/kali/pico/pico-sdk/src/rp2_common/pico_double/double_v1_rom_shim_rp2040.S.o
                0x100032d0                double2uint64_shim
                0x100032d2                double2ufix64_shim
                0x100032f2                d2fix_a
 .text.dunpacks
                0x10003340       0x3c CMakeFiles/serv_http_esp8266.dir/home/kali/pico/pico-sdk/src/rp2_common/pico_double/double_v1_rom_shim_rp2040.S.o
                0x10003340                dunpacks
 .text.__aeabi_lmul
                0x1000337c       0x32 CMakeFiles/serv_http_esp8266.dir/home/kali/pico/pico-sdk/src/rp2_common/pico_int64_ops/pico_int64_ops_aeabi.S.o
                0x1000337c                __wrap___aeabi_lmul
 *fill*         0x100033ae        0x2 
 .text.__aeabi_float_init
                0x100033b0       0x5c CMakeFiles/serv_http_esp8266.dir/home/kali/pico/pico-sdk/src/rp2_common/pico_float/float_init_rom_rp2040.c.o
                0x100033b0                __aeabi_float_init
 .text.float_table_shim_on_use_helper
                0x1000340c       0x2c CMakeFiles/serv_http_esp8266.dir/home/kali/pico/pico-sdk/src/rp2_common/pico_float/float_v1_rom_shim_rp2040.S.o
                0x1000340c                float_table_shim_on_use_helper
 .text          0x10003438       0x10 CMakeFiles/serv_http_esp8266.dir/home/kali/pico/pico-sdk/src/rp2_common/pico_mem_ops/mem_ops_aeabi.S.o
                0x10003438                __aeabi_mem_init
 .text.memset   0x10003448        0xc CMakeFiles/serv_http_esp8266.dir/home/kali/pico/pico-sdk/src/rp2_common/pico_mem_ops/mem_ops_aeabi.S.o
                0x10003448                __wrap_memset
 .text.memcpy   0x10003454        0xc CMakeFiles/serv_http_esp8266.dir/home/kali/pico/pico-sdk/src/rp2_common/pico_mem_ops/mem_ops_aeabi.S.o
                0x10003454                __wrap___aeabi_memcpy
                0x10003454                __wrap_memcpy
 .text._out_buffer
                0x10003460        0x8 CMakeFiles/serv_http_esp8266.dir/home/kali/pico/pico-sdk/src/rp2_common/pico_printf/printf.c.o
 .text._out_null
                0x10003468        0x4 CMakeFiles/serv_http_esp8266.dir/home/kali/pico/pico-sdk/src/rp2_common/pico_printf/printf.c.o
 .text._out_rev
                0x1000346c       0xb0 CMakeFiles/serv_http_esp8266.dir/home/kali/pico/pico-sdk/src/rp2_common/pico_printf/printf.c.o
 .text._ntoa_format
                0x1000351c      0x1d0 CMakeFiles/serv_http_esp8266.dir/home/kali/pico/pico-sdk/src/rp2_common/pico_printf/printf.c.o
 .text._ntoa_long
                0x100036ec       0xb4 CMakeFiles/serv_http_esp8266.dir/home/kali/pico/pico-sdk/src/rp2_common/pico_printf/printf.c.o
 .text._ntoa_long_long
                0x100037a0       0xdc CMakeFiles/serv_http_esp8266.dir/home/kali/pico/pico-sdk/src/rp2_common/pico_printf/printf.c.o
 .text._etoa    0x1000387c      0x518 CMakeFiles/serv_http_esp8266.dir/home/kali/pico/pico-sdk/src/rp2_common/pico_printf/printf.c.o
 .text._ftoa    0x10003d94      0x3ac CMakeFiles/serv_http_esp8266.dir/home/kali/pico/pico-sdk/src/rp2_common/pico_printf/printf.c.o
 .text._out_char
                0x10004140       0x10 CMakeFiles/serv_http_esp8266.dir/home/kali/pico/pico-sdk/src/rp2_common/pico_printf/printf.c.o
 .text._out_fct
                0x10004150       0x10 CMakeFiles/serv_http_esp8266.dir/home/kali/pico/pico-sdk/src/rp2_common/pico_printf/printf.c.o
 .text._vsnprintf
                0x10004160      0x710 CMakeFiles/serv_http_esp8266.dir/home/kali/pico/pico-sdk/src/rp2_common/pico_printf/printf.c.o
 .text.__wrap_snprintf
                0x10004870       0x28 CMakeFiles/serv_http_esp8266.dir/home/kali/pico/pico-sdk/src/rp2_common/pico_printf/printf.c.o
                0x10004870                __wrap_snprintf
 .text.vfctprintf
                0x10004898       0x24 CMakeFiles/serv_http_esp8266.dir/home/kali/pico/pico-sdk/src/rp2_common/pico_printf/printf.c.o
                0x10004898                vfctprintf
 .text.weak_raw_vprintf
                0x100048bc       0x30 CMakeFiles/serv_http_esp8266.dir/home/kali/pico/pico-sdk/src/rp2_common/pico_printf/printf.c.o
                0x100048bc                weak_raw_vprintf
 .text._exit    0x100048ec        0x4 CMakeFiles/serv_http_esp8266.dir/home/kali/pico/pico-sdk/src/rp2_common/pico_clib_interface/newlib_interface.c.o
                0x100048ec                _exit
 .text.exit     0x100048f0        0x8 CMakeFiles/serv_http_esp8266.dir/home/kali/pico/pico-sdk/src/rp2_common/pico_clib_interface/newlib_interface.c.o
                0x100048f0                exit
 .text.runtime_init
                0x100048f8       0x2c CMakeFiles/serv_http_esp8266.dir/home/kali/pico/pico-sdk/src/rp2_common/pico_clib_interface/newlib_interface.c.o
                0x100048f8                runtime_init
 .text.stdio_out_chars_no_crlf
                0x10004924       0x10 CMakeFiles/serv_http_esp8266.dir/home/kali/pico/pico-sdk/src/rp2_common/pico_stdio/stdio.c.o
 .text.stdio_out_chars_crlf
                0x10004934       0xb8 CMakeFiles/serv_http_esp8266.dir/home/kali/pico/pico-sdk/src/rp2_common/pico_stdio/stdio.c.o
 .text.stdio_buffered_printer
                0x100049ec       0x64 CMakeFiles/serv_http_esp8266.dir/home/kali/pico/pico-sdk/src/rp2_common/pico_stdio/stdio.c.o
 .text.stdio_put_string
                0x10004a50       0xd0 CMakeFiles/serv_http_esp8266.dir/home/kali/pico/pico-sdk/src/rp2_common/pico_stdio/stdio.c.o
                0x10004a50                stdio_put_string
 .text.stdio_get_until
                0x10004b20       0x84 CMakeFiles/serv_http_esp8266.dir/home/kali/pico/pico-sdk/src/rp2_common/pico_stdio/stdio.c.o
                0x10004b20                stdio_get_until
 .text.stdio_set_driver_enabled
                0x10004ba4       0x30 CMakeFiles/serv_http_esp8266.dir/home/kali/pico/pico-sdk/src/rp2_common/pico_stdio/stdio.c.o
                0x10004ba4                stdio_set_driver_enabled
 .text.stdio_init_all
                0x10004bd4        0x8 CMakeFiles/serv_http_esp8266.dir/home/kali/pico/pico-sdk/src/rp2_common/pico_stdio/stdio.c.o
                0x10004bd4                stdio_init_all
 .text.stdio_getchar_timeout_us
                0x10004bdc       0x3c CMakeFiles/serv_http_esp8266.dir/home/kali/pico/pico-sdk/src/rp2_common/pico_stdio/stdio.c.o
                0x10004bdc                stdio_getchar_timeout_us
 .text.__wrap_putchar
                0x10004c18       0x1c CMakeFiles/serv_http_esp8266.dir/home/kali/pico/pico-sdk/src/rp2_common/pico_stdio/stdio.c.o
                0x10004c18                stdio_putchar
                0x10004c18                __wrap_putchar
 .text.__wrap_puts
                0x10004c34       0x34 CMakeFiles/serv_http_esp8266.dir/home/kali/pico/pico-sdk/src/rp2_common/pico_stdio/stdio.c.o
                0x10004c34                __wrap_puts
                0x10004c34                stdio_puts
 .text.__wrap_vprintf
                0x10004c68       0xc8 CMakeFiles/serv_http_esp8266.dir/home/kali/pico/pico-sdk/src/rp2_common/pico_stdio/stdio.c.o
                0x10004c68                __wrap_vprintf
                0x10004c68                stdio_vprintf
 .text.__wrap_printf
                0x10004d30       0x18 CMakeFiles/serv_http_esp8266.dir/home/kali/pico/pico-sdk/src/rp2_common/pico_stdio/stdio.c.o
                0x10004d30                stdio_printf
                0x10004d30                __wrap_printf
 .text.resetd_init
                0x10004d48        0x4 CMakeFiles/serv_http_esp8266.dir/home/kali/pico/pico-sdk/src/rp2_common/pico_stdio_usb/reset_interface.c.o
 .text.resetd_reset
                0x10004d4c        0xc CMakeFiles/serv_http_esp8266.dir/home/kali/pico/pico-sdk/src/rp2_common/pico_stdio_usb/reset_interface.c.o
 .text.resetd_open
                0x10004d58       0x28 CMakeFiles/serv_http_esp8266.dir/home/kali/pico/pico-sdk/src/rp2_common/pico_stdio_usb/reset_interface.c.o
 .text.resetd_xfer_cb
                0x10004d80        0x4 CMakeFiles/serv_http_esp8266.dir/home/kali/pico/pico-sdk/src/rp2_common/pico_stdio_usb/reset_interface.c.o
 .text.resetd_control_xfer_cb
                0x10004d84       0x54 CMakeFiles/serv_http_esp8266.dir/home/kali/pico/pico-sdk/src/rp2_common/pico_stdio_usb/reset_interface.c.o
 .text.tud_descriptor_bos_cb
                0x10004dd8        0x8 CMakeFiles/serv_http_esp8266.dir/home/kali/pico/pico-sdk/src/rp2_common/pico_stdio_usb/reset_interface.c.o
                0x10004dd8                tud_descriptor_bos_cb
 .text.tud_vendor_control_xfer_cb
                0x10004de0       0x34 CMakeFiles/serv_http_esp8266.dir/home/kali/pico/pico-sdk/src/rp2_common/pico_stdio_usb/reset_interface.c.o
                0x10004de0                tud_vendor_control_xfer_cb
 .text.usbd_app_driver_get_cb
                0x10004e14        0xc CMakeFiles/serv_http_esp8266.dir/home/kali/pico/pico-sdk/src/rp2_common/pico_stdio_usb/reset_interface.c.o
                0x10004e14                usbd_app_driver_get_cb
 .text.tud_cdc_line_coding_cb
                0x10004e20       0x2c CMakeFiles/serv_http_esp8266.dir/home/kali/pico/pico-sdk/src/rp2_common/pico_stdio_usb/reset_interface.c.o
                0x10004e20                tud_cdc_line_coding_cb
 .text.stdio_usb_set_chars_available_callback
                0x10004e4c       0x14 CMakeFiles/serv_http_esp8266.dir/home/kali/pico/pico-sdk/src/rp2_common/pico_stdio_usb/stdio_usb.c.o
                0x10004e4c                stdio_usb_set_chars_available_callback
 .text.usb_irq  0x10004e60       0x10 CMakeFiles/serv_http_esp8266.dir/home/kali/pico/pico-sdk/src/rp2_common/pico_stdio_usb/stdio_usb.c.o
 .text.timer_task
                0x10004e70       0x64 CMakeFiles/serv_http_esp8266.dir/home/kali/pico/pico-sdk/src/rp2_common/pico_stdio_usb/stdio_usb.c.o
 .text.stdio_usb_in_chars
                0x10004ed4       0x8c CMakeFiles/serv_http_esp8266.dir/home/kali/pico/pico-sdk/src/rp2_common/pico_stdio_usb/stdio_usb.c.o
                0x10004ed4                stdio_usb_in_chars
 .text.stdio_usb_out_flush
                0x10004f60       0x4c CMakeFiles/serv_http_esp8266.dir/home/kali/pico/pico-sdk/src/rp2_common/pico_stdio_usb/stdio_usb.c.o
 .text.stdio_usb_out_chars
                0x10004fac      0x100 CMakeFiles/serv_http_esp8266.dir/home/kali/pico/pico-sdk/src/rp2_common/pico_stdio_usb/stdio_usb.c.o
 .text.low_priority_worker_irq
                0x100050ac       0xc8 CMakeFiles/serv_http_esp8266.dir/home/kali/pico/pico-sdk/src/rp2_common/pico_stdio_usb/stdio_usb.c.o
 .text.stdio_usb_init
                0x10005174       0xe8 CMakeFiles/serv_http_esp8266.dir/home/kali/pico/pico-sdk/src/rp2_common/pico_stdio_usb/stdio_usb.c.o
                0x10005174                stdio_usb_init
 .text.tud_descriptor_device_cb
                0x1000525c        0x8 CMakeFiles/serv_http_esp8266.dir/home/kali/pico/pico-sdk/src/rp2_common/pico_stdio_usb/stdio_usb_descriptors.c.o
                0x1000525c                tud_descriptor_device_cb
 .text.tud_descriptor_configuration_cb
                0x10005264        0x8 CMakeFiles/serv_http_esp8266.dir/home/kali/pico/pico-sdk/src/rp2_common/pico_stdio_usb/stdio_usb_descriptors.c.o
                0x10005264                tud_descriptor_configuration_cb
 .text.tud_descriptor_string_cb
                0x1000526c       0x78 CMakeFiles/serv_http_esp8266.dir/home/kali/pico/pico-sdk/src/rp2_common/pico_stdio_usb/stdio_usb_descriptors.c.o
                0x1000526c                tud_descriptor_string_cb
 .text.startup._retrieve_unique_id_on_boot
                0x100052e4       0x10 CMakeFiles/serv_http_esp8266.dir/home/kali/pico/pico-sdk/src/rp2_common/pico_unique_id/unique_id.c.o
 .text.pico_get_unique_board_id_string
                0x100052f4       0x50 CMakeFiles/serv_http_esp8266.dir/home/kali/pico/pico-sdk/src/rp2_common/pico_unique_id/unique_id.c.o
                0x100052f4                pico_get_unique_board_id_string
 .text.flash_get_unique_id
                0x10005344       0x3c CMakeFiles/serv_http_esp8266.dir/home/kali/pico/pico-sdk/src/rp2_common/hardware_flash/flash.c.o
                0x10005344                flash_get_unique_id
 .text.hw_endpoint_init
                0x10005380       0x8c CMakeFiles/serv_http_esp8266.dir/home/kali/pico/pico-sdk/lib/tinyusb/src/portable/raspberrypi/rp2040/dcd_rp2040.c.o
 .text.dcd_init
                0x1000540c       0x90 CMakeFiles/serv_http_esp8266.dir/home/kali/pico/pico-sdk/lib/tinyusb/src/portable/raspberrypi/rp2040/dcd_rp2040.c.o
                0x1000540c                dcd_init
 .text.dcd_int_enable
                0x1000549c        0xc CMakeFiles/serv_http_esp8266.dir/home/kali/pico/pico-sdk/lib/tinyusb/src/portable/raspberrypi/rp2040/dcd_rp2040.c.o
                0x1000549c                dcd_int_enable
 .text.dcd_set_address
                0x100054a8       0x14 CMakeFiles/serv_http_esp8266.dir/home/kali/pico/pico-sdk/lib/tinyusb/src/portable/raspberrypi/rp2040/dcd_rp2040.c.o
                0x100054a8                dcd_set_address
 .text.dcd_sof_enable
                0x100054bc       0x1c CMakeFiles/serv_http_esp8266.dir/home/kali/pico/pico-sdk/lib/tinyusb/src/portable/raspberrypi/rp2040/dcd_rp2040.c.o
                0x100054bc                dcd_sof_enable
 .text.dcd_edpt0_status_complete
                0x100054d8       0x1c CMakeFiles/serv_http_esp8266.dir/home/kali/pico/pico-sdk/lib/tinyusb/src/portable/raspberrypi/rp2040/dcd_rp2040.c.o
                0x100054d8                dcd_edpt0_status_complete
 .text.dcd_edpt_open
                0x100054f4       0x98 CMakeFiles/serv_http_esp8266.dir/home/kali/pico/pico-sdk/lib/tinyusb/src/portable/raspberrypi/rp2040/dcd_rp2040.c.o
                0x100054f4                dcd_edpt_open
 .text.dcd_edpt_close_all
                0x1000558c        0x8 CMakeFiles/serv_http_esp8266.dir/home/kali/pico/pico-sdk/lib/tinyusb/src/portable/raspberrypi/rp2040/dcd_rp2040.c.o
                0x1000558c                dcd_edpt_close_all
 .text.dcd_edpt_xfer
                0x10005594       0x24 CMakeFiles/serv_http_esp8266.dir/home/kali/pico/pico-sdk/lib/tinyusb/src/portable/raspberrypi/rp2040/dcd_rp2040.c.o
                0x10005594                dcd_edpt_xfer
 .text.dcd_edpt_stall
                0x100055b8       0x3c CMakeFiles/serv_http_esp8266.dir/home/kali/pico/pico-sdk/lib/tinyusb/src/portable/raspberrypi/rp2040/dcd_rp2040.c.o
                0x100055b8                dcd_edpt_stall
 .text.dcd_edpt_clear_stall
                0x100055f4       0x30 CMakeFiles/serv_http_esp8266.dir/home/kali/pico/pico-sdk/lib/tinyusb/src/portable/raspberrypi/rp2040/dcd_rp2040.c.o
                0x100055f4                dcd_edpt_clear_stall
 .text.rp2040_usb_init
                0x10005624       0x40 CMakeFiles/serv_http_esp8266.dir/home/kali/pico/pico-sdk/lib/tinyusb/src/portable/raspberrypi/rp2040/rp2040_usb.c.o
                0x10005624                rp2040_usb_init
 .text.hw_endpoint_xfer_start
                0x10005664       0x40 CMakeFiles/serv_http_esp8266.dir/home/kali/pico/pico-sdk/lib/tinyusb/src/portable/raspberrypi/rp2040/rp2040_usb.c.o
                0x10005664                hw_endpoint_xfer_start
 .text.configuration_reset
                0x100056a4       0x7c CMakeFiles/serv_http_esp8266.dir/home/kali/pico/pico-sdk/lib/tinyusb/src/device/usbd.c.o
 .text.tud_event_hook_cb
                0x10005720        0x4 CMakeFiles/serv_http_esp8266.dir/home/kali/pico/pico-sdk/lib/tinyusb/src/device/usbd.c.o
                0x10005720                tud_event_hook_cb
 .text.tud_sof_cb
                0x10005724        0x4 CMakeFiles/serv_http_esp8266.dir/home/kali/pico/pico-sdk/lib/tinyusb/src/device/usbd.c.o
                0x10005724                tud_sof_cb
 .text.tud_descriptor_device_qualifier_cb
                0x10005728        0x4 CMakeFiles/serv_http_esp8266.dir/home/kali/pico/pico-sdk/lib/tinyusb/src/device/usbd.c.o
                0x10005728                tud_descriptor_device_qualifier_cb
 .text.tud_descriptor_other_speed_configuration_cb
                0x1000572c        0x4 CMakeFiles/serv_http_esp8266.dir/home/kali/pico/pico-sdk/lib/tinyusb/src/device/usbd.c.o
                0x1000572c                tud_descriptor_other_speed_configuration_cb
 .text.tud_mount_cb
                0x10005730        0x4 CMakeFiles/serv_http_esp8266.dir/home/kali/pico/pico-sdk/lib/tinyusb/src/device/usbd.c.o
                0x10005730                tud_mount_cb
 .text.tud_umount_cb
                0x10005734        0x4 CMakeFiles/serv_http_esp8266.dir/home/kali/pico/pico-sdk/lib/tinyusb/src/device/usbd.c.o
                0x10005734                tud_umount_cb
 .text.tud_suspend_cb
                0x10005738        0x4 CMakeFiles/serv_http_esp8266.dir/home/kali/pico/pico-sdk/lib/tinyusb/src/device/usbd.c.o
                0x10005738                tud_suspend_cb
 .text.tud_resume_cb
                0x1000573c        0x4 CMakeFiles/serv_http_esp8266.dir/home/kali/pico/pico-sdk/lib/tinyusb/src/device/usbd.c.o
                0x1000573c                tud_resume_cb
 .text.tud_mounted
                0x10005740       0x10 CMakeFiles/serv_http_esp8266.dir/home/kali/pico/pico-sdk/lib/tinyusb/src/device/usbd.c.o
                0x10005740                tud_mounted
 .text.tud_suspended
                0x10005750       0x10 CMakeFiles/serv_http_esp8266.dir/home/kali/pico/pico-sdk/lib/tinyusb/src/device/usbd.c.o
                0x10005750                tud_suspended
 .text.tud_rhport_init
                0x10005760       0xf4 CMakeFiles/serv_http_esp8266.dir/home/kali/pico/pico-sdk/lib/tinyusb/src/device/usbd.c.o
                0x10005760                tud_rhport_init
 .text.tud_task_ext
                0x10005854      0x678 CMakeFiles/serv_http_esp8266.dir/home/kali/pico/pico-sdk/lib/tinyusb/src/device/usbd.c.o
                0x10005854                tud_task_ext
 .text.usbd_open_edpt_pair
                0x10005ecc       0x9c CMakeFiles/serv_http_esp8266.dir/home/kali/pico/pico-sdk/lib/tinyusb/src/device/usbd.c.o
                0x10005ecc                usbd_open_edpt_pair
 .text.usbd_edpt_open
                0x10005f68       0x34 CMakeFiles/serv_http_esp8266.dir/home/kali/pico/pico-sdk/lib/tinyusb/src/device/usbd.c.o
                0x10005f68                usbd_edpt_open
 .text.usbd_edpt_claim
                0x10005f9c       0x28 CMakeFiles/serv_http_esp8266.dir/home/kali/pico/pico-sdk/lib/tinyusb/src/device/usbd.c.o
                0x10005f9c                usbd_edpt_claim
 .text.usbd_edpt_release
                0x10005fc4       0x28 CMakeFiles/serv_http_esp8266.dir/home/kali/pico/pico-sdk/lib/tinyusb/src/device/usbd.c.o
                0x10005fc4                usbd_edpt_release
 .text.usbd_edpt_xfer
                0x10005fec       0x4c CMakeFiles/serv_http_esp8266.dir/home/kali/pico/pico-sdk/lib/tinyusb/src/device/usbd.c.o
                0x10005fec                usbd_edpt_xfer
 .text.data_stage_xact
                0x10006038       0x58 CMakeFiles/serv_http_esp8266.dir/home/kali/pico/pico-sdk/lib/tinyusb/src/device/usbd_control.c.o
 .text.tud_control_status
                0x10006090       0x2c CMakeFiles/serv_http_esp8266.dir/home/kali/pico/pico-sdk/lib/tinyusb/src/device/usbd_control.c.o
                0x10006090                tud_control_status
 .text.tud_control_xfer
                0x100060bc       0x6c CMakeFiles/serv_http_esp8266.dir/home/kali/pico/pico-sdk/lib/tinyusb/src/device/usbd_control.c.o
                0x100060bc                tud_control_xfer
 .text.usbd_control_reset
                0x10006128       0x14 CMakeFiles/serv_http_esp8266.dir/home/kali/pico/pico-sdk/lib/tinyusb/src/device/usbd_control.c.o
                0x10006128                usbd_control_reset
 .text.usbd_control_set_complete_callback
                0x1000613c        0xc CMakeFiles/serv_http_esp8266.dir/home/kali/pico/pico-sdk/lib/tinyusb/src/device/usbd_control.c.o
                0x1000613c                usbd_control_set_complete_callback
 .text.usbd_control_set_request
                0x10006148       0x1c CMakeFiles/serv_http_esp8266.dir/home/kali/pico/pico-sdk/lib/tinyusb/src/device/usbd_control.c.o
                0x10006148                usbd_control_set_request
 .text.usbd_control_xfer_cb
                0x10006164       0xac CMakeFiles/serv_http_esp8266.dir/home/kali/pico/pico-sdk/lib/tinyusb/src/device/usbd_control.c.o
                0x10006164                usbd_control_xfer_cb
 .text._prep_out_transaction.isra.0
                0x10006210       0x6c CMakeFiles/serv_http_esp8266.dir/home/kali/pico/pico-sdk/lib/tinyusb/src/class/cdc/cdc_device.c.o
 .text.tud_cdc_n_connected
                0x1000627c       0x2c CMakeFiles/serv_http_esp8266.dir/home/kali/pico/pico-sdk/lib/tinyusb/src/class/cdc/cdc_device.c.o
                0x1000627c                tud_cdc_n_connected
 .text.tud_cdc_n_available
                0x100062a8       0x14 CMakeFiles/serv_http_esp8266.dir/home/kali/pico/pico-sdk/lib/tinyusb/src/class/cdc/cdc_device.c.o
                0x100062a8                tud_cdc_n_available
 .text.tud_cdc_n_read
                0x100062bc       0x30 CMakeFiles/serv_http_esp8266.dir/home/kali/pico/pico-sdk/lib/tinyusb/src/class/cdc/cdc_device.c.o
                0x100062bc                tud_cdc_n_read
 .text.tud_cdc_n_write_flush
                0x100062ec       0x74 CMakeFiles/serv_http_esp8266.dir/home/kali/pico/pico-sdk/lib/tinyusb/src/class/cdc/cdc_device.c.o
                0x100062ec                tud_cdc_n_write_flush
 .text.tud_cdc_n_write
                0x10006360       0x40 CMakeFiles/serv_http_esp8266.dir/home/kali/pico/pico-sdk/lib/tinyusb/src/class/cdc/cdc_device.c.o
                0x10006360                tud_cdc_n_write
 .text.tud_cdc_n_write_available
                0x100063a0       0x14 CMakeFiles/serv_http_esp8266.dir/home/kali/pico/pico-sdk/lib/tinyusb/src/class/cdc/cdc_device.c.o
                0x100063a0                tud_cdc_n_write_available
 .text.cdcd_init
                0x100063b4       0x70 CMakeFiles/serv_http_esp8266.dir/home/kali/pico/pico-sdk/lib/tinyusb/src/class/cdc/cdc_device.c.o
                0x100063b4                cdcd_init
 .text.cdcd_deinit
                0x10006424       0x30 CMakeFiles/serv_http_esp8266.dir/home/kali/pico/pico-sdk/lib/tinyusb/src/class/cdc/cdc_device.c.o
                0x10006424                cdcd_deinit
 .text.cdcd_reset
                0x10006454       0x4c CMakeFiles/serv_http_esp8266.dir/home/kali/pico/pico-sdk/lib/tinyusb/src/class/cdc/cdc_device.c.o
                0x10006454                cdcd_reset
 .text.cdcd_open
                0x100064a0       0xa4 CMakeFiles/serv_http_esp8266.dir/home/kali/pico/pico-sdk/lib/tinyusb/src/class/cdc/cdc_device.c.o
                0x100064a0                cdcd_open
 .text.cdcd_control_xfer_cb
                0x10006544       0xe8 CMakeFiles/serv_http_esp8266.dir/home/kali/pico/pico-sdk/lib/tinyusb/src/class/cdc/cdc_device.c.o
                0x10006544                cdcd_control_xfer_cb
 .text.cdcd_xfer_cb
                0x1000662c      0x100 CMakeFiles/serv_http_esp8266.dir/home/kali/pico/pico-sdk/lib/tinyusb/src/class/cdc/cdc_device.c.o
                0x1000662c                cdcd_xfer_cb
 .text.vendord_init
                0x1000672c       0x5c CMakeFiles/serv_http_esp8266.dir/home/kali/pico/pico-sdk/lib/tinyusb/src/class/vendor/vendor_device.c.o
                0x1000672c                vendord_init
 .text.vendord_deinit
                0x10006788       0x1c CMakeFiles/serv_http_esp8266.dir/home/kali/pico/pico-sdk/lib/tinyusb/src/class/vendor/vendor_device.c.o
                0x10006788                vendord_deinit
 .text.vendord_reset
                0x100067a4       0x28 CMakeFiles/serv_http_esp8266.dir/home/kali/pico/pico-sdk/lib/tinyusb/src/class/vendor/vendor_device.c.o
                0x100067a4                vendord_reset
 .text.vendord_open
                0x100067cc      0x120 CMakeFiles/serv_http_esp8266.dir/home/kali/pico/pico-sdk/lib/tinyusb/src/class/vendor/vendor_device.c.o
                0x100067cc                vendord_open
 .text.vendord_xfer_cb
                0x100068ec       0x9c CMakeFiles/serv_http_esp8266.dir/home/kali/pico/pico-sdk/lib/tinyusb/src/class/vendor/vendor_device.c.o
                0x100068ec                vendord_xfer_cb
 .text.tusb_rhport_init
                0x10006988       0x4c CMakeFiles/serv_http_esp8266.dir/home/kali/pico/pico-sdk/lib/tinyusb/src/tusb.c.o
                0x10006988                tusb_rhport_init
 .text.tu_edpt_claim
                0x100069d4       0x50 CMakeFiles/serv_http_esp8266.dir/home/kali/pico/pico-sdk/lib/tinyusb/src/tusb.c.o
                0x100069d4                tu_edpt_claim
 .text.tu_edpt_release
                0x10006a24       0x38 CMakeFiles/serv_http_esp8266.dir/home/kali/pico/pico-sdk/lib/tinyusb/src/tusb.c.o
                0x10006a24                tu_edpt_release
 .text.tu_edpt_validate
                0x10006a5c       0x7c CMakeFiles/serv_http_esp8266.dir/home/kali/pico/pico-sdk/lib/tinyusb/src/tusb.c.o
                0x10006a5c                tu_edpt_validate
 .text.tu_edpt_bind_driver
                0x10006ad8       0x28 CMakeFiles/serv_http_esp8266.dir/home/kali/pico/pico-sdk/lib/tinyusb/src/tusb.c.o
                0x10006ad8                tu_edpt_bind_driver
 .text.tu_edpt_stream_init
                0x10006b00       0x6c CMakeFiles/serv_http_esp8266.dir/home/kali/pico/pico-sdk/lib/tinyusb/src/tusb.c.o
                0x10006b00                tu_edpt_stream_init
 .text.tu_edpt_stream_deinit
                0x10006b6c        0x4 CMakeFiles/serv_http_esp8266.dir/home/kali/pico/pico-sdk/lib/tinyusb/src/tusb.c.o
                0x10006b6c                tu_edpt_stream_deinit
 .text.tu_edpt_stream_write_zlp_if_needed
                0x10006b70       0x68 CMakeFiles/serv_http_esp8266.dir/home/kali/pico/pico-sdk/lib/tinyusb/src/tusb.c.o
                0x10006b70                tu_edpt_stream_write_zlp_if_needed
 .text.tu_edpt_stream_write_xfer
                0x10006bd8       0x68 CMakeFiles/serv_http_esp8266.dir/home/kali/pico/pico-sdk/lib/tinyusb/src/tusb.c.o
                0x10006bd8                tu_edpt_stream_write_xfer
 .text.tu_edpt_stream_read_xfer
                0x10006c40       0xd8 CMakeFiles/serv_http_esp8266.dir/home/kali/pico/pico-sdk/lib/tinyusb/src/tusb.c.o
                0x10006c40                tu_edpt_stream_read_xfer
 .text._tu_fifo_peek
                0x10006d18       0x54 CMakeFiles/serv_http_esp8266.dir/home/kali/pico/pico-sdk/lib/tinyusb/src/common/tusb_fifo.c.o
 .text._tu_fifo_peek_n.constprop.0
                0x10006d6c       0xa4 CMakeFiles/serv_http_esp8266.dir/home/kali/pico/pico-sdk/lib/tinyusb/src/common/tusb_fifo.c.o
 .text.tu_fifo_config
                0x10006e10       0x6c CMakeFiles/serv_http_esp8266.dir/home/kali/pico/pico-sdk/lib/tinyusb/src/common/tusb_fifo.c.o
                0x10006e10                tu_fifo_config
 .text.tu_fifo_count
                0x10006e7c       0x2c CMakeFiles/serv_http_esp8266.dir/home/kali/pico/pico-sdk/lib/tinyusb/src/common/tusb_fifo.c.o
                0x10006e7c                tu_fifo_count
 .text.tu_fifo_empty
                0x10006ea8       0x10 CMakeFiles/serv_http_esp8266.dir/home/kali/pico/pico-sdk/lib/tinyusb/src/common/tusb_fifo.c.o
                0x10006ea8                tu_fifo_empty
 .text.tu_fifo_remaining
                0x10006eb8       0x2c CMakeFiles/serv_http_esp8266.dir/home/kali/pico/pico-sdk/lib/tinyusb/src/common/tusb_fifo.c.o
                0x10006eb8                tu_fifo_remaining
 .text.tu_fifo_read
                0x10006ee4       0x50 CMakeFiles/serv_http_esp8266.dir/home/kali/pico/pico-sdk/lib/tinyusb/src/common/tusb_fifo.c.o
                0x10006ee4                tu_fifo_read
 .text.tu_fifo_read_n
                0x10006f34       0x58 CMakeFiles/serv_http_esp8266.dir/home/kali/pico/pico-sdk/lib/tinyusb/src/common/tusb_fifo.c.o
                0x10006f34                tu_fifo_read_n
 .text.tu_fifo_write
                0x10006f8c       0xa4 CMakeFiles/serv_http_esp8266.dir/home/kali/pico/pico-sdk/lib/tinyusb/src/common/tusb_fifo.c.o
                0x10006f8c                tu_fifo_write
 .text.tu_fifo_write_n
                0x10007030      0x178 CMakeFiles/serv_http_esp8266.dir/home/kali/pico/pico-sdk/lib/tinyusb/src/common/tusb_fifo.c.o
                0x10007030                tu_fifo_write_n
 .text.tu_fifo_clear
                0x100071a8       0x40 CMakeFiles/serv_http_esp8266.dir/home/kali/pico/pico-sdk/lib/tinyusb/src/common/tusb_fifo.c.o
                0x100071a8                tu_fifo_clear
 .text.tu_fifo_set_overwritable
                0x100071e8       0x48 CMakeFiles/serv_http_esp8266.dir/home/kali/pico/pico-sdk/lib/tinyusb/src/common/tusb_fifo.c.o
                0x100071e8                tu_fifo_set_overwritable
 .text          0x10007230       0x60 /usr/lib/gcc/arm-none-eabi/14.2.1/../../../arm-none-eabi/lib/thumb/v6-m/nofp/libg.a(libc_a-strncpy.o)
                0x10007230                strncpy
 .text          0x10007290       0x14 /usr/lib/gcc/arm-none-eabi/14.2.1/../../../arm-none-eabi/lib/thumb/v6-m/nofp/libg.a(libc_a-toupper.o)
                0x10007290                toupper
 .text          0x100072a4       0x5c /usr/lib/gcc/arm-none-eabi/14.2.1/../../../arm-none-eabi/lib/thumb/v6-m/nofp/libg.a(libc_a-strlen-stub.o)
                0x100072a4                strlen
 .text          0x10007300       0x74 /usr/lib/gcc/arm-none-eabi/14.2.1/../../../arm-none-eabi/lib/thumb/v6-m/nofp/libg.a(libc_a-memchr-stub.o)
                0x10007300                memchr
 .text          0x10007374       0xc4 /usr/lib/gcc/arm-none-eabi/14.2.1/../../../arm-none-eabi/lib/thumb/v6-m/nofp/libg.a(libc_a-strchr.o)
                0x10007374                strchr
 .text          0x10007438       0x28 /usr/lib/gcc/arm-none-eabi/14.2.1/../../../arm-none-eabi/lib/thumb/v6-m/nofp/libg.a(libc_a-fini.o)
                0x10007438                __libc_fini_array
 .text          0x10007460       0x74 /usr/lib/gcc/arm-none-eabi/14.2.1/../../../arm-none-eabi/lib/thumb/v6-m/nofp/libg.a(libc_a-strncmp.o)
                0x10007460                strncmp
 .text          0x100074d4       0x48 /usr/lib/gcc/arm-none-eabi/14.2.1/../../../arm-none-eabi/lib/thumb/v6-m/nofp/libg.a(libc_a-memcmp.o)
                0x100074d4                memcmp
 .text          0x1000751c       0x10 /usr/lib/gcc/arm-none-eabi/14.2.1/../../../arm-none-eabi/lib/thumb/v6-m/nofp/libg.a(libc_a-atexit.o)
                0x1000751c                atexit
 .text          0x1000752c       0x78 /usr/lib/gcc/arm-none-eabi/14.2.1/../../../arm-none-eabi/lib/thumb/v6-m/nofp/libg.a(libc_a-__atexit.o)
                0x1000752c                __register_exitproc
 .text.startup  0x100075a4       0x18 /usr/lib/gcc/arm-none-eabi/14.2.1/../../../arm-none-eabi/lib/thumb/v6-m/nofp/libg.a(libc_a-__call_atexit.o)
 *(.fini)
 .fini          0x100075bc        0x4 /usr/lib/gcc/arm-none-eabi/14.2.1/thumb/v6-m/nofp/crti.o
                0x100075bc                _fini
 .fini.__stub   0x100075c0       0xc0 linker stubs
 *crtbegin.o(.ctors)
 *crtbegin?.o(.ctors)
 *(EXCLUDE_FILE(*crtend.o *crtend?.o) .ctors)
 *(SORT_BY_NAME(.ctors.*))
 *(.ctors)
 *crtbegin.o(.dtors)
 *crtbegin?.o(.dtors)
 *(EXCLUDE_FILE(*crtend.o *crtend?.o) .dtors)
 *(SORT_BY_NAME(.dtors.*))
 *(.dtors)
                0x10007680                        . = ALIGN (0x4)
                0x10007680                        PROVIDE (__preinit_array_start = .)
 *(SORT_BY_NAME(.preinit_array.*))
 .preinit_array.00100
                0x10007680        0x4 CMakeFiles/serv_http_esp8266.dir/home/kali/pico/pico-sdk/src/rp2_common/pico_runtime_init/runtime_init.c.o
                0x10007680                __pre_init_runtime_init_early_resets
 .preinit_array.00101
                0x10007684        0x4 CMakeFiles/serv_http_esp8266.dir/home/kali/pico/pico-sdk/src/rp2_common/pico_runtime_init/runtime_init.c.o
                0x10007684                __pre_init_runtime_init_usb_power_down
 .preinit_array.00275
                0x10007688        0x4 CMakeFiles/serv_http_esp8266.dir/home/kali/pico/pico-sdk/src/rp2_common/pico_bit_ops/bit_ops_aeabi.S.o
 .preinit_array.00300
                0x1000768c        0x4 CMakeFiles/serv_http_esp8266.dir/home/kali/pico/pico-sdk/src/rp2_common/pico_mem_ops/mem_ops_aeabi.S.o
 .preinit_array.00350
                0x10007690        0x4 CMakeFiles/serv_http_esp8266.dir/home/kali/pico/pico-sdk/src/rp2_common/pico_double/double_aeabi_rp2040.S.o
 .preinit_array.00350
                0x10007694        0x4 CMakeFiles/serv_http_esp8266.dir/home/kali/pico/pico-sdk/src/rp2_common/pico_float/float_aeabi_rp2040.S.o
 .preinit_array.00500
                0x10007698        0x4 CMakeFiles/serv_http_esp8266.dir/home/kali/pico/pico-sdk/src/rp2_common/pico_runtime_init/runtime_init.c.o
                0x10007698                __pre_init_runtime_init_clocks
 .preinit_array.00600
                0x1000769c        0x4 CMakeFiles/serv_http_esp8266.dir/home/kali/pico/pico-sdk/src/rp2_common/pico_runtime_init/runtime_init.c.o
                0x1000769c                __pre_init_runtime_init_post_clock_resets
 .preinit_array.00700
                0x100076a0        0x4 CMakeFiles/serv_http_esp8266.dir/home/kali/pico/pico-sdk/src/rp2_common/pico_runtime_init/runtime_init.c.o
                0x100076a0                __pre_init_runtime_init_rp2040_gpio_ie_disable
 .preinit_array.01000
                0x100076a4        0x4 CMakeFiles/serv_http_esp8266.dir/home/kali/pico/pico-sdk/src/rp2_common/pico_runtime_init/runtime_init.c.o
                0x100076a4                __pre_init_runtime_init_spin_locks_reset
 .preinit_array.01100
                0x100076a8        0x4 CMakeFiles/serv_http_esp8266.dir/home/kali/pico/pico-sdk/src/common/pico_sync/mutex.c.o
                0x100076a8                __pre_init_runtime_init_mutex
 .preinit_array.10080
                0x100076ac        0x4 CMakeFiles/serv_http_esp8266.dir/home/kali/pico/pico-sdk/src/rp2_common/pico_runtime_init/runtime_init.c.o
                0x100076ac                __pre_init_runtime_init_install_ram_vector_table
 .preinit_array.11000
                0x100076b0        0x4 CMakeFiles/serv_http_esp8266.dir/home/kali/pico/pico-sdk/src/common/pico_time/time.c.o
                0x100076b0                __pre_init_runtime_init_default_alarm_pool
 .preinit_array.YYYYY
                0x100076b4        0x4 CMakeFiles/serv_http_esp8266.dir/home/kali/pico/pico-sdk/src/rp2_common/pico_runtime/runtime.c.o
                0x100076b4                __pre_init_first_per_core_initializer
 .preinit_array.ZZZZZ.01200
                0x100076b8        0x4 CMakeFiles/serv_http_esp8266.dir/home/kali/pico/pico-sdk/src/rp2_common/hardware_irq/irq.c.o
                0x100076b8                __pre_init_runtime_init_per_core_irq_priorities
 *(.preinit_array)
                0x100076bc                        PROVIDE (__preinit_array_end = .)
                0x100076bc                        . = ALIGN (0x4)
                0x100076bc                        PROVIDE (__init_array_start = .)
 *(SORT_BY_NAME(.init_array.*))
 .init_array.00000
                0x100076bc        0x4 /usr/lib/gcc/arm-none-eabi/14.2.1/../../../arm-none-eabi/lib/thumb/v6-m/nofp/libg.a(libc_a-__call_atexit.o)
 .init_array.01000
                0x100076c0        0x4 CMakeFiles/serv_http_esp8266.dir/home/kali/pico/pico-sdk/src/rp2_common/pico_unique_id/unique_id.c.o
 *(.init_array)
 .init_array    0x100076c4        0x4 /usr/lib/gcc/arm-none-eabi/14.2.1/thumb/v6-m/nofp/crtbegin.o
                0x100076c8                        PROVIDE (__init_array_end = .)
                0x100076c8                        . = ALIGN (0x4)
                0x100076c8                        PROVIDE (__fini_array_start = .)
 *(SORT_BY_NAME(.fini_array.*))
 *(.fini_array)
                0x100076c8                        PROVIDE (__fini_array_end = .)
 *(.eh_frame*)
 .eh_frame      0x100076c8        0x0 /usr/lib/gcc/arm-none-eabi/14.2.1/thumb/v6-m/nofp/crtbegin.o
                0x100076c8                        . = ALIGN (0x4)

.glue_7         0x100076c8        0x0
 .glue_7        0x100076c8        0x0 linker stubs

.glue_7t        0x100076c8        0x0
 .glue_7t       0x100076c8        0x0 linker stubs

.vfp11_veneer   0x100076c8        0x0
 .vfp11_veneer  0x100076c8        0x0 linker stubs

.v4_bx          0x100076c8        0x0
 .v4_bx         0x100076c8        0x0 linker stubs

.iplt           0x100076c8        0x0
 .iplt          0x100076c8        0x0 /usr/lib/gcc/arm-none-eabi/14.2.1/thumb/v6-m/nofp/crtbegin.o

.rodata         0x100076c8     0x1418
 *(EXCLUDE_FILE(*libm.a: *libc.a:*lib_a-mem*.o *libgcc.a:) .rodata*)
 .rodata._ZN17Esp8266HttpServer11diag_bridgeEv.str1.4
                0x100076c8      0x6f8 CMakeFiles/serv_http_esp8266.dir/lib/Esp8266HttpServer.cpp.o
                                 0x5b (size before relaxing)
 .rodata._ZN17Esp8266HttpServer17wait_ipd_or_readyEPiS0_m.str1.4
                0x10007dc0        0x8 CMakeFiles/serv_http_esp8266.dir/lib/Esp8266HttpServer.cpp.o
 .rodata._ZN17Esp8266HttpServer13send_http_200Ei.str1.4
                0x10007dc0       0x82 CMakeFiles/serv_http_esp8266.dir/lib/Esp8266HttpServer.cpp.o
 .rodata._ZN17Esp8266HttpServer13send_http_404Ei.str1.4
                0x10007dc0       0x6a CMakeFiles/serv_http_esp8266.dir/lib/Esp8266HttpServer.cpp.o
 .rodata._ZN17Esp8266HttpServer12start_serverEv.str1.4
                0x10007dc0       0xad CMakeFiles/serv_http_esp8266.dir/lib/Esp8266HttpServer.cpp.o
 .rodata._ZN17Esp8266HttpServer5beginEv.str1.4
                0x10007dc0      0x135 CMakeFiles/serv_http_esp8266.dir/lib/Esp8266HttpServer.cpp.o
 .rodata._ZN17Esp8266HttpServer4loopEv.str1.4
                0x10007dc0      0x14b CMakeFiles/serv_http_esp8266.dir/lib/Esp8266HttpServer.cpp.o
 .rodata.str1.4
                0x10007dc0       0xf8 CMakeFiles/serv_http_esp8266.dir/lib/Esp8266HttpServer.cpp.o
 .rodata.CSWTCH.95
                0x10007dc0       0xac CMakeFiles/serv_http_esp8266.dir/lib/Esp8266HttpServer.cpp.o
 .rodata._ZZN17Esp8266HttpServer13send_http_404EiE4body
                0x10007e6c       0x17 CMakeFiles/serv_http_esp8266.dir/lib/Esp8266HttpServer.cpp.o
 *fill*         0x10007e83        0x1 
 .rodata._ZZN17Esp8266HttpServer17wait_ipd_or_readyEPiS0_mE3tag
                0x10007e84        0x6 CMakeFiles/serv_http_esp8266.dir/lib/Esp8266HttpServer.cpp.o
 *fill*         0x10007e8a        0x2 
 .rodata._ZN3web17kIndexContentTypeE
                0x10007e8c       0x19 CMakeFiles/serv_http_esp8266.dir/lib/Esp8266HttpServer.cpp.o
                0x10007e8c                web::kIndexContentType
 *fill*         0x10007ea5        0x3 
 .rodata._ZN3web10kIndexHtmlE
                0x10007ea8      0x666 CMakeFiles/serv_http_esp8266.dir/lib/Esp8266HttpServer.cpp.o
                0x10007ea8                web::kIndexHtml
 *fill*         0x1000850e        0x2 
 .rodata._ZN3cfg9WIFI_PASSE
                0x10008510        0xc CMakeFiles/serv_http_esp8266.dir/lib/Esp8266HttpServer.cpp.o
                0x10008510                cfg::WIFI_PASS
 .rodata._ZN3cfg9WIFI_SSIDE
                0x1000851c        0xf CMakeFiles/serv_http_esp8266.dir/lib/Esp8266HttpServer.cpp.o
                0x1000851c                cfg::WIFI_SSID
 *fill*         0x1000852b        0x1 
 .rodata        0x1000852c        0xc CMakeFiles/serv_http_esp8266.dir/lib/Esp8266HttpServer.cpp.o
 .rodata.panic.str1.4
                0x10008538       0x12 CMakeFiles/serv_http_esp8266.dir/home/kali/pico/pico-sdk/src/rp2_common/pico_platform_panic/panic.c.o
 .rodata.spin_lock_claim_unused.str1.4
                0x10008538       0x1b CMakeFiles/serv_http_esp8266.dir/home/kali/pico/pico-sdk/src/rp2_common/hardware_sync/sync.c.o
 .rodata.user_irq_claim_unused.str1.4
                0x10008538       0x1b CMakeFiles/serv_http_esp8266.dir/home/kali/pico/pico-sdk/src/rp2_common/hardware_irq/irq.c.o
 .rodata.timer_hardware_alarm_claim.str1.4
                0x10008538       0x22 CMakeFiles/serv_http_esp8266.dir/home/kali/pico/pico-sdk/src/rp2_common/hardware_timer/timer.c.o
 .rodata.hard_assertion_failure.str1.4
                0x10008538        0xc CMakeFiles/serv_http_esp8266.dir/home/kali/pico/pico-sdk/src/rp2_common/pico_runtime/runtime.c.o
 .rodata.str1.4
                0x10008538       0x48 CMakeFiles/serv_http_esp8266.dir/home/kali/pico/pico-sdk/src/rp2_common/pico_standard_binary_info/standard_binary_info.c.o
 .rodata.__bi_84
                0x10008538        0xc CMakeFiles/serv_http_esp8266.dir/home/kali/pico/pico-sdk/src/rp2_common/pico_standard_binary_info/standard_binary_info.c.o
 .rodata.__bi_78
                0x10008544        0xc CMakeFiles/serv_http_esp8266.dir/home/kali/pico/pico-sdk/src/rp2_common/pico_standard_binary_info/standard_binary_info.c.o
 .rodata.__bi_54
                0x10008550        0xc CMakeFiles/serv_http_esp8266.dir/home/kali/pico/pico-sdk/src/rp2_common/pico_standard_binary_info/standard_binary_info.c.o
 .rodata.__bi_48
                0x1000855c        0xc CMakeFiles/serv_http_esp8266.dir/home/kali/pico/pico-sdk/src/rp2_common/pico_standard_binary_info/standard_binary_info.c.o
 .rodata.__bi_42
                0x10008568        0xc CMakeFiles/serv_http_esp8266.dir/home/kali/pico/pico-sdk/src/rp2_common/pico_standard_binary_info/standard_binary_info.c.o
 .rodata.__bi_34
                0x10008574        0xc CMakeFiles/serv_http_esp8266.dir/home/kali/pico/pico-sdk/src/rp2_common/pico_standard_binary_info/standard_binary_info.c.o
 .rodata.__bi_26
                0x10008580        0xc CMakeFiles/serv_http_esp8266.dir/home/kali/pico/pico-sdk/src/rp2_common/pico_standard_binary_info/standard_binary_info.c.o
 .rodata._ftoa.str1.4
                0x1000858c       0x15 CMakeFiles/serv_http_esp8266.dir/home/kali/pico/pico-sdk/src/rp2_common/pico_printf/printf.c.o
 .rodata._vsnprintf
                0x1000858c      0x19c CMakeFiles/serv_http_esp8266.dir/home/kali/pico/pico-sdk/src/rp2_common/pico_printf/printf.c.o
 .rodata.pow10.0
                0x10008728       0x50 CMakeFiles/serv_http_esp8266.dir/home/kali/pico/pico-sdk/src/rp2_common/pico_printf/printf.c.o
 .rodata.crlf_str.0
                0x10008778        0x2 CMakeFiles/serv_http_esp8266.dir/home/kali/pico/pico-sdk/src/rp2_common/pico_stdio/stdio.c.o
 *fill*         0x1000877a        0x2 
 .rodata._resetd_driver
                0x1000877c       0x20 CMakeFiles/serv_http_esp8266.dir/home/kali/pico/pico-sdk/src/rp2_common/pico_stdio_usb/reset_interface.c.o
 .rodata.desc_ms_os_20
                0x1000879c       0xa6 CMakeFiles/serv_http_esp8266.dir/home/kali/pico/pico-sdk/src/rp2_common/pico_stdio_usb/reset_interface.c.o
 *fill*         0x10008842        0x2 
 .rodata.desc_bos
                0x10008844       0x21 CMakeFiles/serv_http_esp8266.dir/home/kali/pico/pico-sdk/src/rp2_common/pico_stdio_usb/reset_interface.c.o
                0x10008844                desc_bos
 .rodata.str1.4
                0x10008865       0x13 CMakeFiles/serv_http_esp8266.dir/home/kali/pico/pico-sdk/src/rp2_common/pico_stdio_usb/stdio_usb.c.o
 *fill*         0x10008865        0x3 
 .rodata.__bi_202.0
                0x10008868        0xc CMakeFiles/serv_http_esp8266.dir/home/kali/pico/pico-sdk/src/rp2_common/pico_stdio_usb/stdio_usb.c.o
 .rodata.str1.4
                0x10008874       0x2a CMakeFiles/serv_http_esp8266.dir/home/kali/pico/pico-sdk/src/rp2_common/pico_stdio_usb/stdio_usb_descriptors.c.o
 .rodata.usbd_desc_str
                0x10008874       0x18 CMakeFiles/serv_http_esp8266.dir/home/kali/pico/pico-sdk/src/rp2_common/pico_stdio_usb/stdio_usb_descriptors.c.o
 .rodata.usbd_desc_cfg
                0x1000888c       0x54 CMakeFiles/serv_http_esp8266.dir/home/kali/pico/pico-sdk/src/rp2_common/pico_stdio_usb/stdio_usb_descriptors.c.o
 .rodata.usbd_desc_device
                0x100088e0       0x12 CMakeFiles/serv_http_esp8266.dir/home/kali/pico/pico-sdk/src/rp2_common/pico_stdio_usb/stdio_usb_descriptors.c.o
 .rodata.str1.4
                0x100088f2       0x14 CMakeFiles/serv_http_esp8266.dir/home/kali/pico/pico-sdk/lib/tinyusb/src/portable/raspberrypi/rp2040/dcd_rp2040.c.o
 .rodata.str1.4
                0x100088f2       0x48 CMakeFiles/serv_http_esp8266.dir/home/kali/pico/pico-sdk/lib/tinyusb/src/portable/raspberrypi/rp2040/rp2040_usb.c.o
 *fill*         0x100088f2        0x2 
 .rodata.tud_task_ext
                0x100088f4       0x8c CMakeFiles/serv_http_esp8266.dir/home/kali/pico/pico-sdk/lib/tinyusb/src/device/usbd.c.o
 .rodata        0x10008980       0x1c CMakeFiles/serv_http_esp8266.dir/home/kali/pico/pico-sdk/lib/tinyusb/src/device/usbd.c.o
 .rodata._usbd_driver
                0x1000899c       0x40 CMakeFiles/serv_http_esp8266.dir/home/kali/pico/pico-sdk/lib/tinyusb/src/device/usbd.c.o
 .rodata        0x100089dc      0x101 /usr/lib/gcc/arm-none-eabi/14.2.1/../../../arm-none-eabi/lib/thumb/v6-m/nofp/libg.a(libc_a-ctype_.o)
                0x100089dc                _ctype_
                0x10008ae0                        . = ALIGN (0x4)
 *fill*         0x10008add        0x3 
 *(SORT_BY_ALIGNMENT(SORT_BY_NAME(.flashdata*)))
                0x10008ae0                        . = ALIGN (0x4)

.ARM.extab
 *(.ARM.extab* .gnu.linkonce.armextab.*)
                0x10008ae0                        __exidx_start = .

.ARM.exidx
 *(.ARM.exidx* .gnu.linkonce.armexidx.*)
                0x10008ae0                        __exidx_end = .
                0x10008ae0                        . = ALIGN (0x4)
                0x10008ae0                        __binary_info_start = .

.binary_info    0x10008ae0       0x20
 *(.binary_info.keep.*)
 .binary_info.keep.__bi_ptr84
                0x10008ae0        0x4 CMakeFiles/serv_http_esp8266.dir/home/kali/pico/pico-sdk/src/rp2_common/pico_standard_binary_info/standard_binary_info.c.o
 .binary_info.keep.__bi_ptr78
                0x10008ae4        0x4 CMakeFiles/serv_http_esp8266.dir/home/kali/pico/pico-sdk/src/rp2_common/pico_standard_binary_info/standard_binary_info.c.o
 .binary_info.keep.__bi_ptr54
                0x10008ae8        0x4 CMakeFiles/serv_http_esp8266.dir/home/kali/pico/pico-sdk/src/rp2_common/pico_standard_binary_info/standard_binary_info.c.o
 .binary_info.keep.__bi_ptr48
                0x10008aec        0x4 CMakeFiles/serv_http_esp8266.dir/home/kali/pico/pico-sdk/src/rp2_common/pico_standard_binary_info/standard_binary_info.c.o
 .binary_info.keep.__bi_ptr42
                0x10008af0        0x4 CMakeFiles/serv_http_esp8266.dir/home/kali/pico/pico-sdk/src/rp2_common/pico_standard_binary_info/standard_binary_info.c.o
 .binary_info.keep.__bi_ptr34
                0x10008af4        0x4 CMakeFiles/serv_http_esp8266.dir/home/kali/pico/pico-sdk/src/rp2_common/pico_standard_binary_info/standard_binary_info.c.o
 .binary_info.keep.__bi_ptr26
                0x10008af8        0x4 CMakeFiles/serv_http_esp8266.dir/home/kali/pico/pico-sdk/src/rp2_common/pico_standard_binary_info/standard_binary_info.c.o
 *(.binary_info.*)
 .binary_info.__bi_ptr202
                0x10008afc        0x4 CMakeFiles/serv_http_esp8266.dir/home/kali/pico/pico-sdk/src/rp2_common/pico_stdio_usb/stdio_usb.c.o
                0x10008b00                        __binary_info_end = .
                0x10008b00                        . = ALIGN (0x4)

.ram_vector_table
                0x20000000       0xc0
 *(.ram_vector_table)
 .ram_vector_table
                0x20000000       0xc0 CMakeFiles/serv_http_esp8266.dir/home/kali/pico/pico-sdk/src/rp2_common/pico_runtime_init/runtime_init.c.o
                0x20000000                ram_vector_table

.uninitialized_data
                0x200000c0        0x0
                0x200000c0                        . = ALIGN (0x4)
 *(.uninitialized_data*)

.data           0x200000c0      0xb80 load address 0x10008b00
                0x200000c0                        __data_start__ = .
 *(vtable)
 *(.time_critical*)
 .time_critical.mutex_try_enter
                0x200000c0       0x40 CMakeFiles/serv_http_esp8266.dir/home/kali/pico/pico-sdk/src/common/pico_sync/mutex.c.o
                0x200000c0                mutex_try_enter
 .time_critical.mutex_enter_block_until
                0x20000100       0x70 CMakeFiles/serv_http_esp8266.dir/home/kali/pico/pico-sdk/src/common/pico_sync/mutex.c.o
                0x20000100                mutex_enter_block_until
 .time_critical.mutex_try_enter_block_until
                0x20000170       0x5c CMakeFiles/serv_http_esp8266.dir/home/kali/pico/pico-sdk/src/common/pico_sync/mutex.c.o
                0x20000170                mutex_try_enter_block_until
 .time_critical.mutex_enter_timeout_ms
                0x200001cc       0x3c CMakeFiles/serv_http_esp8266.dir/home/kali/pico/pico-sdk/src/common/pico_sync/mutex.c.o
                0x200001cc                mutex_enter_timeout_ms
 .time_critical.mutex_exit
                0x20000208       0x28 CMakeFiles/serv_http_esp8266.dir/home/kali/pico/pico-sdk/src/common/pico_sync/mutex.c.o
                0x20000208                mutex_exit
 .time_critical.flash_init_boot2_copyout
                0x20000230       0x30 CMakeFiles/serv_http_esp8266.dir/home/kali/pico/pico-sdk/src/rp2_common/hardware_flash/flash.c.o
 .time_critical.flash_enable_xip_via_boot2
                0x20000260        0xc CMakeFiles/serv_http_esp8266.dir/home/kali/pico/pico-sdk/src/rp2_common/hardware_flash/flash.c.o
 .time_critical.flash_save_hardware_state
                0x2000026c       0x18 CMakeFiles/serv_http_esp8266.dir/home/kali/pico/pico-sdk/src/rp2_common/hardware_flash/flash.c.o
 .time_critical.flash_restore_hardware_state
                0x20000284       0x1c CMakeFiles/serv_http_esp8266.dir/home/kali/pico/pico-sdk/src/rp2_common/hardware_flash/flash.c.o
 .time_critical.flash_cs_force
                0x200002a0       0x20 CMakeFiles/serv_http_esp8266.dir/home/kali/pico/pico-sdk/src/rp2_common/hardware_flash/flash.c.o
 .time_critical.flash_do_cmd
                0x200002c0      0x140 CMakeFiles/serv_http_esp8266.dir/home/kali/pico/pico-sdk/src/rp2_common/hardware_flash/flash.c.o
                0x200002c0                flash_do_cmd
 .time_critical.reset_non_control_endpoints
                0x20000400       0x3c CMakeFiles/serv_http_esp8266.dir/home/kali/pico/pico-sdk/lib/tinyusb/src/portable/raspberrypi/rp2040/dcd_rp2040.c.o
 .time_critical.hw_handle_buff_status
                0x2000043c       0xa0 CMakeFiles/serv_http_esp8266.dir/home/kali/pico/pico-sdk/lib/tinyusb/src/portable/raspberrypi/rp2040/dcd_rp2040.c.o
 .time_critical.dcd_rp2040_irq
                0x200004dc      0x1e0 CMakeFiles/serv_http_esp8266.dir/home/kali/pico/pico-sdk/lib/tinyusb/src/portable/raspberrypi/rp2040/dcd_rp2040.c.o
 .time_critical.prepare_ep_buffer
                0x200006bc       0x70 CMakeFiles/serv_http_esp8266.dir/home/kali/pico/pico-sdk/lib/tinyusb/src/portable/raspberrypi/rp2040/rp2040_usb.c.o
 .time_critical.sync_ep_buffer
                0x2000072c       0x50 CMakeFiles/serv_http_esp8266.dir/home/kali/pico/pico-sdk/lib/tinyusb/src/portable/raspberrypi/rp2040/rp2040_usb.c.o
 .time_critical._hw_endpoint_xfer_sync
                0x2000077c       0x28 CMakeFiles/serv_http_esp8266.dir/home/kali/pico/pico-sdk/lib/tinyusb/src/portable/raspberrypi/rp2040/rp2040_usb.c.o
 .time_critical.e15_is_bulkin_ep
                0x200007a4       0x28 CMakeFiles/serv_http_esp8266.dir/home/kali/pico/pico-sdk/lib/tinyusb/src/portable/raspberrypi/rp2040/rp2040_usb.c.o
 .time_critical.e15_is_critical_frame_period
                0x200007cc       0x34 CMakeFiles/serv_http_esp8266.dir/home/kali/pico/pico-sdk/lib/tinyusb/src/portable/raspberrypi/rp2040/rp2040_usb.c.o
 .time_critical.hw_endpoint_reset_transfer
                0x20000800        0xc CMakeFiles/serv_http_esp8266.dir/home/kali/pico/pico-sdk/lib/tinyusb/src/portable/raspberrypi/rp2040/rp2040_usb.c.o
                0x20000800                hw_endpoint_reset_transfer
 .time_critical._hw_endpoint_buffer_control_update32
                0x2000080c       0x50 CMakeFiles/serv_http_esp8266.dir/home/kali/pico/pico-sdk/lib/tinyusb/src/portable/raspberrypi/rp2040/rp2040_usb.c.o
                0x2000080c                _hw_endpoint_buffer_control_update32
 .time_critical.hw_endpoint_start_next_buffer
                0x2000085c       0x68 CMakeFiles/serv_http_esp8266.dir/home/kali/pico/pico-sdk/lib/tinyusb/src/portable/raspberrypi/rp2040/rp2040_usb.c.o
                0x2000085c                hw_endpoint_start_next_buffer
 .time_critical.hw_endpoint_xfer_continue
                0x200008c4       0x40 CMakeFiles/serv_http_esp8266.dir/home/kali/pico/pico-sdk/lib/tinyusb/src/portable/raspberrypi/rp2040/rp2040_usb.c.o
                0x200008c4                hw_endpoint_xfer_continue
 .time_critical.tinyusb
                0x20000904      0x1e4 CMakeFiles/serv_http_esp8266.dir/home/kali/pico/pico-sdk/lib/tinyusb/src/device/usbd.c.o
                0x20000904                dcd_event_handler
 *(.text*)
 .text          0x20000ae8        0x4 /usr/lib/gcc/arm-none-eabi/14.2.1/thumb/v6-m/nofp/libgcc.a(_dvmd_tls.o)
                0x20000ae8                __aeabi_ldiv0
                0x20000ae8                __aeabi_idiv0
 *fill*         0x20000aec        0x4 
 .text.__stub   0x20000af0       0x80 linker stubs
                0x20000b70                        . = ALIGN (0x4)
 *(.rodata*)
                0x20000b70                        . = ALIGN (0x4)
 *(.data*)
 .data.striped_spin_lock_num
                0x20000b70        0x1 CMakeFiles/serv_http_esp8266.dir/home/kali/pico/pico-sdk/src/rp2_common/hardware_sync/sync.c.o
 *fill*         0x20000b71        0x3 
 .data          0x20000b74       0x48 CMakeFiles/serv_http_esp8266.dir/home/kali/pico/pico-sdk/src/rp2_common/hardware_irq/irq_handler_chain.S.o
                0x20000b74                irq_handler_chain_slots
                0x20000ba4                irq_handler_chain_first_slot
                0x20000bae                irq_handler_chain_remove_tail
 .data.default_alarm_pool
                0x20000bbc       0x18 CMakeFiles/serv_http_esp8266.dir/home/kali/pico/pico-sdk/src/common/pico_time/time.c.o
 *fill*         0x20000bd4        0xc 
 .data.aeabi_bits_funcs
                0x20000be0       0x10 CMakeFiles/serv_http_esp8266.dir/home/kali/pico/pico-sdk/src/rp2_common/pico_bit_ops/bit_ops_aeabi.S.o
                0x20000be0                aeabi_bits_funcs
                0x20000bf0                aeabi_bits_funcs_end
 .data.aeabi_mem_funcs
                0x20000bf0       0x10 CMakeFiles/serv_http_esp8266.dir/home/kali/pico/pico-sdk/src/rp2_common/pico_mem_ops/mem_ops_aeabi.S.o
                0x20000bf0                aeabi_mem_funcs
                0x20000c00                aeabi_mem_funcs_end
 .data.stdio_usb
                0x20000c00       0x18 CMakeFiles/serv_http_esp8266.dir/home/kali/pico/pico-sdk/src/rp2_common/pico_stdio_usb/stdio_usb.c.o
                0x20000c00                stdio_usb
 .data._usbd_qdef
                0x20000c18       0x1c CMakeFiles/serv_http_esp8266.dir/home/kali/pico/pico-sdk/lib/tinyusb/src/device/usbd.c.o
                0x20000c18                _usbd_qdef
 .data._usbd_rhport
                0x20000c34        0x1 CMakeFiles/serv_http_esp8266.dir/home/kali/pico/pico-sdk/lib/tinyusb/src/device/usbd.c.o
                0x20000c38                        . = ALIGN (0x4)
 *fill*         0x20000c35        0x3 
 *(.after_data.*)
                0x20000c38                        . = ALIGN (0x4)
                0x20000c38                        PROVIDE (__mutex_array_start = .)
 *(SORT_BY_NAME(.mutex_array.*))
 *(.mutex_array)
 .mutex_array   0x20000c38        0x8 CMakeFiles/serv_http_esp8266.dir/home/kali/pico/pico-sdk/src/rp2_common/pico_stdio/stdio.c.o
                0x20000c40                        PROVIDE (__mutex_array_end = .)
                0x20000c40                        . = ALIGN (0x4)
 *(.jcr)
                0x20000c40                        . = ALIGN (0x4)

.tm_clone_table
                0x20000c40        0x0 load address 0x10009680
 .tm_clone_table
                0x20000c40        0x0 /usr/lib/gcc/arm-none-eabi/14.2.1/thumb/v6-m/nofp/crtbegin.o
 .tm_clone_table
                0x20000c40        0x0 /usr/lib/gcc/arm-none-eabi/14.2.1/thumb/v6-m/nofp/crtend.o

.igot.plt       0x20000c40        0x0 load address 0x10009680
 .igot.plt      0x20000c40        0x0 /usr/lib/gcc/arm-none-eabi/14.2.1/thumb/v6-m/nofp/crtbegin.o

.tdata          0x20000c40        0x0 load address 0x10009680
                0x20000c40                        . = ALIGN (0x4)
 *(.tdata .tdata.* .gnu.linkonce.td.*)
                0x20000c40                        __tdata_end = .
                0x20000c40                        PROVIDE (__data_end__ = .)
                0x10008b00                        __etext = LOADADDR (.data)

.tbss           0x20000c40        0x0 load address 0x10009680
                0x20000c40                        . = ALIGN (0x4)
                0x20000c40                        __bss_start__ = .
                0x20000c40                        __tls_base = .
 *(.tbss .tbss.* .gnu.linkonce.tb.*)
 *(.tcommon)
                0x20000c40                        __tls_end = .

.bss            0x20000c40     0x1098 load address 0x10009680
                0x20000c40                        . = ALIGN (0x4)
                0x20000c40                        __tbss_end = .
 *(SORT_BY_ALIGNMENT(SORT_BY_NAME(.bss*)))
 .bss.default_alarm_pool_entries
                0x20000c40      0x180 CMakeFiles/serv_http_esp8266.dir/home/kali/pico/pico-sdk/src/common/pico_time/time.c.o
 .bss.last_avail_time.1
                0x20000dc0        0x8 CMakeFiles/serv_http_esp8266.dir/home/kali/pico/pico-sdk/src/rp2_common/pico_stdio_usb/stdio_usb.c.o
 .bss.sd_table  0x20000dc8      0x100 CMakeFiles/serv_http_esp8266.dir/home/kali/pico/pico-sdk/src/rp2_common/pico_double/double_init_rom_rp2040.c.o
                0x20000dc8                sd_table
 .bss           0x20000ec8       0x1c /usr/lib/gcc/arm-none-eabi/14.2.1/thumb/v6-m/nofp/crtbegin.o
 .bss           0x20000ee4      0x190 /usr/lib/gcc/arm-none-eabi/14.2.1/../../../arm-none-eabi/lib/thumb/v6-m/nofp/libg.a(libc_a-__atexit.o)
                0x20000ee4                __atexit0
 .bss           0x20001074        0x4 /usr/lib/gcc/arm-none-eabi/14.2.1/../../../arm-none-eabi/lib/thumb/v6-m/nofp/libg.a(libc_a-__call_atexit.o)
                0x20001074                __atexit
 .bss._app_driver
                0x20001078        0x4 CMakeFiles/serv_http_esp8266.dir/home/kali/pico/pico-sdk/lib/tinyusb/src/device/usbd.c.o
 .bss._cdcd_epbuf
                0x2000107c       0x80 CMakeFiles/serv_http_esp8266.dir/home/kali/pico/pico-sdk/lib/tinyusb/src/class/cdc/cdc_device.c.o
 .bss._cdcd_fifo_cfg
                0x200010fc        0x1 CMakeFiles/serv_http_esp8266.dir/home/kali/pico/pico-sdk/lib/tinyusb/src/class/cdc/cdc_device.c.o
 *fill*         0x200010fd        0x3 
 .bss._cdcd_itf
                0x20001100       0xc8 CMakeFiles/serv_http_esp8266.dir/home/kali/pico/pico-sdk/lib/tinyusb/src/class/cdc/cdc_device.c.o
 .bss._ctrl_epbuf
                0x200011c8       0x40 CMakeFiles/serv_http_esp8266.dir/home/kali/pico/pico-sdk/lib/tinyusb/src/device/usbd_control.c.o
 .bss._ctrl_xfer
                0x20001208       0x14 CMakeFiles/serv_http_esp8266.dir/home/kali/pico/pico-sdk/lib/tinyusb/src/device/usbd_control.c.o
 .bss._tusb_rhport_role
                0x2000121c        0x2 CMakeFiles/serv_http_esp8266.dir/home/kali/pico/pico-sdk/lib/tinyusb/src/tusb.c.o
                0x2000121c                _tusb_rhport_role
 *fill*         0x2000121e        0x2 
 .bss._ubsd_mutexdef
                0x20001220        0x8 CMakeFiles/serv_http_esp8266.dir/home/kali/pico/pico-sdk/lib/tinyusb/src/device/usbd.c.o
 .bss._usbd_dev
                0x20001228       0x54 CMakeFiles/serv_http_esp8266.dir/home/kali/pico/pico-sdk/lib/tinyusb/src/device/usbd.c.o
 .bss._usbd_mutex
                0x2000127c        0x4 CMakeFiles/serv_http_esp8266.dir/home/kali/pico/pico-sdk/lib/tinyusb/src/device/usbd.c.o
 .bss._usbd_q   0x20001280        0x4 CMakeFiles/serv_http_esp8266.dir/home/kali/pico/pico-sdk/lib/tinyusb/src/device/usbd.c.o
 .bss._usbd_qdef_buf
                0x20001284       0xc0 CMakeFiles/serv_http_esp8266.dir/home/kali/pico/pico-sdk/lib/tinyusb/src/device/usbd.c.o
                0x20001284                _usbd_qdef_buf
 .bss._vendord_epbuf
                0x20001344       0x80 CMakeFiles/serv_http_esp8266.dir/home/kali/pico/pico-sdk/lib/tinyusb/src/class/vendor/vendor_device.c.o
 .bss._vendord_itf
                0x200013c4      0x24c CMakeFiles/serv_http_esp8266.dir/home/kali/pico/pico-sdk/lib/tinyusb/src/class/vendor/vendor_device.c.o
 .bss.boot2_copyout
                0x20001610      0x100 CMakeFiles/serv_http_esp8266.dir/home/kali/pico/pico-sdk/src/rp2_common/hardware_flash/flash.c.o
 .bss.chars_available_callback
                0x20001710        0x4 CMakeFiles/serv_http_esp8266.dir/home/kali/pico/pico-sdk/src/rp2_common/pico_stdio_usb/stdio_usb.c.o
 .bss.chars_available_param
                0x20001714        0x4 CMakeFiles/serv_http_esp8266.dir/home/kali/pico/pico-sdk/src/rp2_common/pico_stdio_usb/stdio_usb.c.o
 .bss.claimed   0x20001718        0x4 CMakeFiles/serv_http_esp8266.dir/home/kali/pico/pico-sdk/src/rp2_common/hardware_sync/sync.c.o
 .bss.claimed   0x2000171c        0x1 CMakeFiles/serv_http_esp8266.dir/home/kali/pico/pico-sdk/src/rp2_common/hardware_timer/timer.c.o
 *fill*         0x2000171d        0x3 
 .bss.configured_freq
                0x20001720       0x28 CMakeFiles/serv_http_esp8266.dir/home/kali/pico/pico-sdk/src/rp2_common/hardware_clocks/clocks.c.o
 .bss.desc_str.0
                0x20001748       0x28 CMakeFiles/serv_http_esp8266.dir/home/kali/pico/pico-sdk/src/rp2_common/pico_stdio_usb/stdio_usb_descriptors.c.o
 .bss.drivers   0x20001770        0x4 CMakeFiles/serv_http_esp8266.dir/home/kali/pico/pico-sdk/src/rp2_common/pico_stdio/stdio.c.o
 .bss.e15_last_sof
                0x20001774        0x4 CMakeFiles/serv_http_esp8266.dir/home/kali/pico/pico-sdk/lib/tinyusb/src/portable/raspberrypi/rp2040/rp2040_usb.c.o
                0x20001774                e15_last_sof
 .bss.filter    0x20001778        0x4 CMakeFiles/serv_http_esp8266.dir/home/kali/pico/pico-sdk/src/rp2_common/pico_stdio/stdio.c.o
 .bss.hw_endpoints
                0x2000177c      0x400 CMakeFiles/serv_http_esp8266.dir/home/kali/pico/pico-sdk/lib/tinyusb/src/portable/raspberrypi/rp2040/dcd_rp2040.c.o
 .bss.lazy_vsnprintf
                0x20001b7c        0x4 CMakeFiles/serv_http_esp8266.dir/home/kali/pico/pico-sdk/src/rp2_common/pico_printf/printf.c.o
 .bss.load_value
                0x20001b80        0x4 CMakeFiles/serv_http_esp8266.dir/home/kali/pico/pico-sdk/src/rp2_common/hardware_watchdog/watchdog.c.o
 .bss.next_buffer_ptr
                0x20001b84        0x4 CMakeFiles/serv_http_esp8266.dir/home/kali/pico/pico-sdk/lib/tinyusb/src/portable/raspberrypi/rp2040/dcd_rp2040.c.o
 .bss.one_shot_timer_crit_sec
                0x20001b88        0x8 CMakeFiles/serv_http_esp8266.dir/home/kali/pico/pico-sdk/src/rp2_common/pico_stdio_usb/stdio_usb.c.o
 .bss.pools     0x20001b90       0x10 CMakeFiles/serv_http_esp8266.dir/home/kali/pico/pico-sdk/src/common/pico_time/time.c.o
 .bss.retrieved_id
                0x20001ba0        0x8 CMakeFiles/serv_http_esp8266.dir/home/kali/pico/pico-sdk/src/rp2_common/pico_unique_id/unique_id.c.o
 .bss.sf_clz_func
                0x20001ba8        0x4 CMakeFiles/serv_http_esp8266.dir/home/kali/pico/pico-sdk/src/rp2_common/pico_double/double_init_rom_rp2040.c.o
                0x20001ba8                sf_clz_func
 .bss.sf_table  0x20001bac      0x100 CMakeFiles/serv_http_esp8266.dir/home/kali/pico/pico-sdk/src/rp2_common/pico_float/float_init_rom_rp2040.c.o
                0x20001bac                sf_table
 .bss.sleep_notifier
                0x20001cac        0x4 CMakeFiles/serv_http_esp8266.dir/home/kali/pico/pico-sdk/src/common/pico_time/time.c.o
 .bss.stdio_usb_mutex
                0x20001cb0        0x8 CMakeFiles/serv_http_esp8266.dir/home/kali/pico/pico-sdk/src/rp2_common/pico_stdio_usb/stdio_usb.c.o
 .bss.uart_char_to_line_feed
                0x20001cb8        0x4 CMakeFiles/serv_http_esp8266.dir/home/kali/pico/pico-sdk/src/rp2_common/hardware_uart/uart.c.o
                0x20001cb8                uart_char_to_line_feed
 .bss.usbd_serial_str
                0x20001cbc       0x11 CMakeFiles/serv_http_esp8266.dir/home/kali/pico/pico-sdk/src/rp2_common/pico_stdio_usb/stdio_usb_descriptors.c.o
 .bss._app_driver_count
                0x20001ccd        0x1 CMakeFiles/serv_http_esp8266.dir/home/kali/pico/pico-sdk/lib/tinyusb/src/device/usbd.c.o
 .bss._sof_enable
                0x20001cce        0x1 CMakeFiles/serv_http_esp8266.dir/home/kali/pico/pico-sdk/lib/tinyusb/src/portable/raspberrypi/rp2040/dcd_rp2040.c.o
 .bss._usbd_queued_setup
                0x20001ccf        0x1 CMakeFiles/serv_http_esp8266.dir/home/kali/pico/pico-sdk/lib/tinyusb/src/device/usbd.c.o
 .bss.boot2_copyout_valid
                0x20001cd0        0x1 CMakeFiles/serv_http_esp8266.dir/home/kali/pico/pico-sdk/src/rp2_common/hardware_flash/flash.c.o
 .bss.irq_handler_chain_free_slot_head
                0x20001cd1        0x1 CMakeFiles/serv_http_esp8266.dir/home/kali/pico/pico-sdk/src/rp2_common/hardware_irq/irq.c.o
 .bss.itf_num   0x20001cd2        0x1 CMakeFiles/serv_http_esp8266.dir/home/kali/pico/pico-sdk/src/rp2_common/pico_stdio_usb/reset_interface.c.o
 .bss.low_priority_irq_num