Archive member included to satisfy reference by file (symbol)

/usr/lib/gcc/arm-none-eabi/14.2.1/thumb/v6-m/nofp/libgcc.a(_dvmd_tls.o)
                              CMakeFiles/serv_http_esp8266.dir/home/kali/pico/pico-sdk/src/rp2_common/pico_divider/divider_hardware.S.o (__aeabi_idiv0)
/usr/lib/gcc/arm-none-eabi/14.2.1/../../../arm-none-eabi/lib/thumb/v6-m/nofp/libg.a(libc_a-strlen-stub.o)
                              CMakeFiles/serv_http_esp8266.dir/lib/Esp8266HttpServer.cpp.o (strlen)
/usr/lib/gcc/arm-none-eabi/14.2.1/../../../arm-none-eabi/lib/thumb/v6-m/nofp/libg.a(libc_a-memchr-stub.o)
                              CMakeFiles/serv_http_esp8266.dir/lib/Esp8266HttpServer.cpp.o (memchr)
/usr/lib/gcc/arm-none-eabi/14.2.1/../../../arm-none-eabi/lib/thumb/v6-m/nofp/libg.a(libc_a-fini.o)
                              /usr/lib/gcc/arm-none-eabi/14.2.1/../../../arm-none-eabi/lib/thumb/v6-m/nofp/crt0.o (__libc_fini_array)
/usr/lib/gcc/arm-none-eabi/14.2.1/../../../arm-none-eabi/lib/thumb/v6-m/nofp/libg.a(libc_a-calloc.o)
                              CMakeFiles/serv_http_esp8266.dir/home/kali/pico/pico-sdk/src/rp2_common/pico_malloc/malloc.c.o (calloc)
/usr/lib/gcc/arm-none-eabi/14.2.1/../../../arm-none-eabi/lib/thumb/v6-m/nofp/libg.a(libc_a-callocr.o)
                              /usr/lib/gcc/arm-none-eabi/14.2.1/../../../arm-none-eabi/lib/thumb/v6-m/nofp/libg.a(libc_a-calloc.o) (_calloc_r)
/usr/lib/gcc/arm-none-eabi/14.2.1/../../../arm-none-eabi/lib/thumb/v6-m/nofp/libg.a(libc_a-realloc.o)
                              CMakeFiles/serv_http_esp8266.dir/home/kali/pico/pico-sdk/src/rp2_common/pico_malloc/malloc.c.o (realloc)
/usr/lib/gcc/arm-none-eabi/14.2.1/../../../arm-none-eabi/lib/thumb/v6-m/nofp/libg.a(libc_a-mallocr.o)
                              /usr/lib/gcc/arm-none-eabi/14.2.1/../../../arm-none-eabi/lib/thumb/v6-m/nofp/libg.a(libc_a-callocr.o) (_malloc_r)
/usr/lib/gcc/arm-none-eabi/14.2.1/../../../arm-none-eabi/lib/thumb/v6-m/nofp/libg.a(libc_a-freer.o)
                              /usr/lib/gcc/arm-none-eabi/14.2.1/../../../arm-none-eabi/lib/thumb/v6-m/nofp/libg.a(libc_a-mallocr.o) (_free_r)
/usr/lib/gcc/arm-none-eabi/14.2.1/../../../arm-none-eabi/lib/thumb/v6-m/nofp/libg.a(libc_a-memcmp.o)
                              CMakeFiles/serv_http_esp8266.dir/lib/Esp8266HttpServer.cpp.o (memcmp)
/usr/lib/gcc/arm-none-eabi/14.2.1/../../../arm-none-eabi/lib/thumb/v6-m/nofp/libg.a(libc_a-errno.o)
                              /usr/lib/gcc/arm-none-eabi/14.2.1/../../../arm-none-eabi/lib/thumb/v6-m/nofp/libg.a(libc_a-callocr.o) (__errno)
/usr/lib/gcc/arm-none-eabi/14.2.1/../../../arm-none-eabi/lib/thumb/v6-m/nofp/libg.a(libc_a-malloc.o)
                              CMakeFiles/serv_http_esp8266.dir/home/kali/pico/pico-sdk/src/rp2_common/pico_malloc/malloc.c.o (malloc)
/usr/lib/gcc/arm-none-eabi/14.2.1/../../../arm-none-eabi/lib/thumb/v6-m/nofp/libg.a(libc_a-reallocr.o)
                              /usr/lib/gcc/arm-none-eabi/14.2.1/../../../arm-none-eabi/lib/thumb/v6-m/nofp/libg.a(libc_a-realloc.o) (_realloc_r)
/usr/lib/gcc/arm-none-eabi/14.2.1/../../../arm-none-eabi/lib/thumb/v6-m/nofp/libg.a(libc_a-mktime.o)
                              CMakeFiles/serv_http_esp8266.dir/home/kali/pico/pico-sdk/src/common/pico_util/datetime.c.o (mktime)
/usr/lib/gcc/arm-none-eabi/14.2.1/../../../arm-none-eabi/lib/thumb/v6-m/nofp/libg.a(libc_a-mlock.o)
                              /usr/lib/gcc/arm-none-eabi/14.2.1/../../../arm-none-eabi/lib/thumb/v6-m/nofp/libg.a(libc_a-mallocr.o) (__malloc_lock)
/usr/lib/gcc/arm-none-eabi/14.2.1/../../../arm-none-eabi/lib/thumb/v6-m/nofp/libg.a(libc_a-tzlock.o)
                              /usr/lib/gcc/arm-none-eabi/14.2.1/../../../arm-none-eabi/lib/thumb/v6-m/nofp/libg.a(libc_a-mktime.o) (__tz_lock)
/usr/lib/gcc/arm-none-eabi/14.2.1/../../../arm-none-eabi/lib/thumb/v6-m/nofp/libg.a(libc_a-sbrkr.o)
                              /usr/lib/gcc/arm-none-eabi/14.2.1/../../../arm-none-eabi/lib/thumb/v6-m/nofp/libg.a(libc_a-mallocr.o) (_sbrk_r)
/usr/lib/gcc/arm-none-eabi/14.2.1/../../../arm-none-eabi/lib/thumb/v6-m/nofp/libg.a(libc_a-atexit.o)
                              /usr/lib/gcc/arm-none-eabi/14.2.1/../../../arm-none-eabi/lib/thumb/v6-m/nofp/crt0.o (atexit)
/usr/lib/gcc/arm-none-eabi/14.2.1/../../../arm-none-eabi/lib/thumb/v6-m/nofp/libg.a(libc_a-lcltime_r.o)
                              CMakeFiles/serv_http_esp8266.dir/home/kali/pico/pico-sdk/src/common/pico_util/datetime.c.o (localtime_r)
/usr/lib/gcc/arm-none-eabi/14.2.1/../../../arm-none-eabi/lib/thumb/v6-m/nofp/libg.a(libc_a-init.o)
                              /usr/lib/gcc/arm-none-eabi/14.2.1/../../../arm-none-eabi/lib/thumb/v6-m/nofp/crt0.o (__libc_init_array)
/usr/lib/gcc/arm-none-eabi/14.2.1/../../../arm-none-eabi/lib/thumb/v6-m/nofp/libg.a(libc_a-impure.o)
                              /usr/lib/gcc/arm-none-eabi/14.2.1/../../../arm-none-eabi/lib/thumb/v6-m/nofp/libg.a(libc_a-calloc.o) (_impure_ptr)
[...]
Memory Configuration

Name             Origin             Length             Attributes
FLASH            0x10000000         0x00200000         xr
RAM              0x20000000         0x00040000         xrw
SCRATCH_X        0x20040000         0x00001000         xrw
SCRATCH_Y        0x20041000         0x00001000         xrw
*default*        0x00000000         0xffffffff

Linker script and memory map

LOAD /usr/lib/gcc/arm-none-eabi/14.2.1/thumb/v6-m/nofp/crti.o
LOAD /usr/lib/gcc/arm-none-eabi/14.2.1/thumb/v6-m/nofp/crtbegin.o
LOAD /usr/lib/gcc/arm-none-eabi/14.2.1/../../../arm-none-eabi/lib/thumb/v6-m/nofp/crt0.o

.flash_begin    0x10000000        0x0
                0x10000000                        __flash_binary_start = .

.boot2          0x10000000      0x100
                0x10000000                        __boot2_start__ = .
 *(.boot2)
 .boot2         0x10000000      0x100 pico-sdk/src/rp2040/boot_stage2/CMakeFiles/bs2_default_library.dir/bs2_default_padded_checksummed.S.o
                0x10000100                        __boot2_end__ = .
                0x00000001                        ASSERT (((__boot2_end__ - __boot2_start__) == 0x100), ERROR: Pico second stage bootloader must be 256 bytes in size)

.text           0x10000100     0x8340
                0x10000100                        __logical_binary_start = .
 *(.vectors)
 .vectors       0x10000100       0xd4 CMakeFiles/serv_http_esp8266.dir/home/kali/pico/pico-sdk/src/rp2_common/pico_crt0/crt0.S.o
                0x10000100                __vectors
                0x10000100                __VECTOR_TABLE
                0x100001c0                isr_irq30
                0x100001c0                __unhandled_user_irq
                0x100001c0                isr_irq13
                0x100001c0                isr_irq27
                0x100001c0                isr_irq31
                0x100001c0                isr_irq5
                0x100001c0                isr_irq11
                0x100001c0                isr_irq23
                0x100001c0                isr_irq18
                0x100001c0                isr_irq28
                0x100001c0                isr_irq19
                0x100001c0                isr_irq0
                0x100001c0                isr_irq6
                0x100001c0                isr_irq22
                0x100001c0                isr_irq17
                0x100001c0                isr_irq14
                0x100001c0                __vectors_end
                0x100001c0                __default_isrs_start
                0x100001c0                isr_irq2
                0x100001c0                isr_irq10
                0x100001c0                isr_irq8
                0x100001c0                isr_irq24
                0x100001c0                isr_irq1
                0x100001c0                isr_irq7
                0x100001c0                isr_irq21
                0x100001c0                isr_irq20
                0x100001c0                isr_irq15
                0x100001c0                isr_irq25
                0x100001c0                isr_irq4
                0x100001c0                isr_irq16
                0x100001c0                isr_irq29
                0x100001c0                isr_irq26
                0x100001c0                isr_irq3
                0x100001c0                isr_irq12
                0x100001c0                isr_irq9
                0x100001c6                unhandled_user_irq_num_in_r0
                0x100001c8                isr_invalid
                0x100001ca                isr_nmi
                0x100001cc                isr_hardfault
                0x100001ce                isr_svcall
                0x100001d0                isr_pendsv
                0x100001d2                isr_systick
                0x100001d4                __default_isrs_end
 *(.binary_info_header)
 .binary_info_header
                0x100001d4       0x14 CMakeFiles/serv_http_esp8266.dir/home/kali/pico/pico-sdk/src/rp2_common/pico_crt0/crt0.S.o
                0x100001e8                        __binary_info_header_end = .
 *(.embedded_block)
                0x100001e8                        __embedded_block_end = .
 *(.reset)
 .reset         0x100001e8       0x9c CMakeFiles/serv_http_esp8266.dir/home/kali/pico/pico-sdk/src/rp2_common/pico_crt0/crt0.S.o
                0x100001e8                _entry_point
 *(.init)
 .init          0x10000284        0x4 /usr/lib/gcc/arm-none-eabi/14.2.1/thumb/v6-m/nofp/crti.o
                0x10000284                _init
 *(EXCLUDE_FILE(*libm.a: *libc.a:*lib_a-mem*.o *libgcc.a:) .text*)
 .text          0x10000288       0x98 /usr/lib/gcc/arm-none-eabi/14.2.1/thumb/v6-m/nofp/crtbegin.o
 .text.startup.main
                0x10000320      0x1b4 CMakeFiles/serv_http_esp8266.dir/main.cpp.o
                0x10000320                main
 .text._ZN17Esp8266HttpServer7send_atEPKc.constprop.0
                0x100004d4       0x40 CMakeFiles/serv_http_esp8266.dir/lib/Esp8266HttpServer.cpp.o
 .text._ZN17Esp8266HttpServerC2Ev
                0x10000514       0x2c CMakeFiles/serv_http_esp8266.dir/lib/Esp8266HttpServer.cpp.o
                0x10000514                Esp8266HttpServer::Esp8266HttpServer()
                0x10000514                Esp8266HttpServer::Esp8266HttpServer()
 .text._ZN17Esp8266HttpServer11diag_bridgeEv
                0x10000540       0x60 CMakeFiles/serv_http_esp8266.dir/lib/Esp8266HttpServer.cpp.o
                0x10000540                Esp8266HttpServer::diag_bridge()
 .text._ZN17Esp8266HttpServer16flush_uart_quietEm
                0x100005a0       0x98 CMakeFiles/serv_http_esp8266.dir/lib/Esp8266HttpServer.cpp.o
                0x100005a0                Esp8266HttpServer::flush_uart_quiet(unsigned long)
 .text._ZN17Esp8266HttpServer12wait_for_anyEPKPKcim
                0x10000638      0x140 CMakeFiles/serv_http_esp8266.dir/lib/Esp8266HttpServer.cpp.o
                0x10000638                Esp8266HttpServer::wait_for_any(char const* const*, int, unsigned long)
 .text._ZN17Esp8266HttpServer8wait_forEPKcm
                0x10000778       0x1c CMakeFiles/serv_http_esp8266.dir/lib/Esp8266HttpServer.cpp.o
                0x10000778                Esp8266HttpServer::wait_for(char const*, unsigned long)
 .text._ZN17Esp8266HttpServer10read_bytesEPhim
                0x10000794       0xb8 CMakeFiles/serv_http_esp8266.dir/lib/Esp8266HttpServer.cpp.o
                0x10000794                Esp8266HttpServer::read_bytes(unsigned char*, int, unsigned long)
 .text._ZN17Esp8266HttpServer17wait_ipd_or_readyEPiS0_m
                0x1000084c      0x1e4 CMakeFiles/serv_http_esp8266.dir/lib/Esp8266HttpServer.cpp.o
                0x1000084c                Esp8266HttpServer::wait_ipd_or_ready(int*, int*, unsigned long)
 .text._ZN17Esp8266HttpServer13send_http_200Ei
                0x10000a30       0xd4 CMakeFiles/serv_http_esp8266.dir/lib/Esp8266HttpServer.cpp.o
                0x10000a30                Esp8266HttpServer::send_http_200(int)
 .text._ZN17Esp8266HttpServer13send_http_404Ei
                0x10000b04       0xc0 CMakeFiles/serv_http_esp8266.dir/lib/Esp8266HttpServer.cpp.o
                0x10000b04                Esp8266HttpServer::send_http_404(int)
 .text._ZN17Esp8266HttpServer12start_serverEv
                0x10000bc4      0x104 CMakeFiles/serv_http_esp8266.dir/lib/Esp8266HttpServer.cpp.o
                0x10000bc4                Esp8266HttpServer::start_server()
 .text._ZN17Esp8266HttpServer5beginEv
                0x10000cc8      0x170 CMakeFiles/serv_http_esp8266.dir/lib/Esp8266HttpServer.cpp.o
                0x10000cc8                Esp8266HttpServer::begin()
 .text._ZN17Esp8266HttpServer20send_api_sensor_jsonEi
                0x10000e38      0x17c CMakeFiles/serv_http_esp8266.dir/lib/Esp8266HttpServer.cpp.o
                0x10000e38                Esp8266HttpServer::send_api_sensor_json(int)
 .text._ZN17Esp8266HttpServer14http_post_jsonEPKciS1_S1_
                0x10000fb4      0x154 CMakeFiles/serv_http_esp8266.dir/lib/Esp8266HttpServer.cpp.o
                0x10000fb4                Esp8266HttpServer::http_post_json(char const*, int, char const*, char const*)
 .text._ZN17Esp8266HttpServer12read_mpu6050EPfS0_S0_
                0x10001108      0x120 CMakeFiles/serv_http_esp8266.dir/lib/Esp8266HttpServer.cpp.o
                0x10001108                Esp8266HttpServer::read_mpu6050(float*, float*, float*)
 .text._ZN17Esp8266HttpServer19calculate_magnitudeEfff
                0x10001228       0x40 CMakeFiles/serv_http_esp8266.dir/lib/Esp8266HttpServer.cpp.o
                0x10001228                Esp8266HttpServer::calculate_magnitude(float, float, float)
 .text._ZN17Esp8266HttpServer20send_earthquake_dataEffffb
                0x10001268      0x14c CMakeFiles/serv_http_esp8266.dir/lib/Esp8266HttpServer.cpp.o
                0x10001268                Esp8266HttpServer::send_earthquake_data(float, float, float, float, bool)
 .text._ZN17Esp8266HttpServer4loopEv
                0x100013b4      0x294 CMakeFiles/serv_http_esp8266.dir/lib/Esp8266HttpServer.cpp.o
                0x100013b4                Esp8266HttpServer::loop()
 .text._ZN7MPU6050C2EP8i2c_insth
                0x10001648       0x10 CMakeFiles/serv_http_esp8266.dir/lib/MPU6050.cpp.o
                0x10001648                MPU6050::MPU6050(i2c_inst*, unsigned char)
                0x10001648                MPU6050::MPU6050(i2c_inst*, unsigned char)
 .text._ZN7MPU605015test_connectionEv
                0x10001658       0x50 CMakeFiles/serv_http_esp8266.dir/lib/MPU6050.cpp.o
                0x10001658                MPU6050::test_connection()
 .text._ZN7MPU60504initEv
                0x100016a8       0x84 CMakeFiles/serv_http_esp8266.dir/lib/MPU6050.cpp.o
                0x100016a8                MPU6050::init()
 .text._ZN7MPU605013read_raw_dataEPsS0_S0_S0_S0_S0_
                0x1000172c       0x7c CMakeFiles/serv_http_esp8266.dir/lib/MPU6050.cpp.o
                0x1000172c                MPU6050::read_raw_data(short*, short*, short*, short*, short*, short*)
 .text._ZN7MPU60509calibrateEi
                0x100017a8      0x19c CMakeFiles/serv_http_esp8266.dir/lib/MPU6050.cpp.o
                0x100017a8                MPU6050::calibrate(int)
 .text._ZN14SeismicMonitorC2EP7MPU6050P17Esp8266HttpServer
                0x10001944       0x44 CMakeFiles/serv_http_esp8266.dir/lib/SeismicMonitor.cpp.o
                0x10001944                SeismicMonitor::SeismicMonitor(MPU6050*, Esp8266HttpServer*)
                0x10001944                SeismicMonitor::SeismicMonitor(MPU6050*, Esp8266HttpServer*)
 .text._ZN14SeismicMonitor4initEv
                0x10001988       0x68 CMakeFiles/serv_http_esp8266.dir/lib/SeismicMonitor.cpp.o
                0x10001988                SeismicMonitor::init()
 .text.gpio_set_function
                0x100019f0       0x34 CMakeFiles/serv_http_esp8266.dir/home/kali/pico/pico-sdk/src/rp2_common/hardware_gpio/gpio.c.o
                0x100019f0                gpio_set_function
 .text.gpio_set_pulls
                0x10001a24       0x28 CMakeFiles/serv_http_esp8266.dir/home/kali/pico/pico-sdk/src/rp2_common/hardware_gpio/gpio.c.o
                0x10001a24                gpio_set_pulls
 .text.rp2040_chip_version
                0x10001a4c        0xc CMakeFiles/serv_http_esp8266.dir/home/kali/pico/pico-sdk/src/rp2040/pico_platform/platform.c.o
                0x10001a4c                rp2040_chip_version
 .text.panic    0x10001a58       0x30 CMakeFiles/serv_http_esp8266.dir/home/kali/pico/pico-sdk/src/rp2_common/pico_platform_panic/panic.c.o
                0x10001a58                panic
 .text.hw_claim_or_assert
                0x10001a88       0x44 CMakeFiles/serv_http_esp8266.dir/home/kali/pico/pico-sdk/src/common/hardware_claim/claim.c.o
                0x10001a88                hw_claim_or_assert
 .text.hw_claim_unused_from_range
                0x10001acc       0x88 CMakeFiles/serv_http_esp8266.dir/home/kali/pico/pico-sdk/src/common/hardware_claim/claim.c.o
                0x10001acc                hw_claim_unused_from_range
 .text.next_striped_spin_lock_num
                0x10001b54       0x18 CMakeFiles/serv_http_esp8266.dir/home/kali/pico/pico-sdk/src/rp2_common/hardware_sync/sync.c.o
                0x10001b54                next_striped_spin_lock_num
 .text.spin_lock_claim_unused
                0x10001b6c       0x24 CMakeFiles/serv_http_esp8266.dir/home/kali/pico/pico-sdk/src/rp2_common/hardware_sync/sync.c.o
                0x10001b6c                spin_lock_claim_unused
 .text.spin_locks_reset
                0x10001b90       0x1c CMakeFiles/serv_http_esp8266.dir/home/kali/pico/pico-sdk/src/rp2_common/hardware_sync_spin_lock/sync_spin_lock.c.o
                0x10001b90                spin_locks_reset
 .text.runtime_init_per_core_irq_priorities
                0x10001bac       0x24 CMakeFiles/serv_http_esp8266.dir/home/kali/pico/pico-sdk/src/rp2_common/hardware_irq/irq.c.o
                0x10001bac                runtime_init_per_core_irq_priorities
 .text.irq_set_enabled
                0x10001bd0       0x24 CMakeFiles/serv_http_esp8266.dir/home/kali/pico/pico-sdk/src/rp2_common/hardware_irq/irq.c.o
                0x10001bd0                irq_set_enabled
 .text.irq_is_enabled
                0x10001bf4       0x18 CMakeFiles/serv_http_esp8266.dir/home/kali/pico/pico-sdk/src/rp2_common/hardware_irq/irq.c.o
                0x10001bf4                irq_is_enabled
 .text.irq_set_pending
                0x10001c0c       0x10 CMakeFiles/serv_http_esp8266.dir/home/kali/pico/pico-sdk/src/rp2_common/hardware_irq/irq.c.o
                0x10001c0c                irq_set_pending
 .text.irq_has_shared_handler
                0x10001c1c       0x24 CMakeFiles/serv_http_esp8266.dir/home/kali/pico/pico-sdk/src/rp2_common/hardware_irq/irq.c.o
                0x10001c1c                irq_has_shared_handler
 .text.irq_set_exclusive_handler
                0x10001c40       0x54 CMakeFiles/serv_http_esp8266.dir/home/kali/pico/pico-sdk/src/rp2_common/hardware_irq/irq.c.o
                0x10001c40                irq_set_exclusive_handler
 .text.irq_add_shared_handler
                0x10001c94      0x1f4 CMakeFiles/serv_http_esp8266.dir/home/kali/pico/pico-sdk/src/rp2_common/hardware_irq/irq.c.o
                0x10001c94                irq_add_shared_handler
 .text.irq_add_tail_to_free_list
                0x10001e88       0xa4 CMakeFiles/serv_http_esp8266.dir/home/kali/pico/pico-sdk/src/rp2_common/hardware_irq/irq.c.o
                0x10001e88                irq_add_tail_to_free_list
 .text.user_irq_claim_unused
                0x10001f2c       0x2c CMakeFiles/serv_http_esp8266.dir/home/kali/pico/pico-sdk/src/rp2_common/hardware_irq/irq.c.o
                0x10001f2c                user_irq_claim_unused
 .text.lock_init
                0x10001f58       0x10 CMakeFiles/serv_http_esp8266.dir/home/kali/pico/pico-sdk/src/common/pico_sync/lock_core.c.o
                0x10001f58                lock_init
 .text.runtime_init_mutex
                0x10001f68       0x50 CMakeFiles/serv_http_esp8266.dir/home/kali/pico/pico-sdk/src/common/pico_sync/mutex.c.o
                0x10001f68                runtime_init_mutex
 .text.mutex_init
                0x10001fb8       0x1c CMakeFiles/serv_http_esp8266.dir/home/kali/pico/pico-sdk/src/common/pico_sync/mutex.c.o
                0x10001fb8                mutex_init
 .text.critical_section_init
                0x10001fd4       0x1c CMakeFiles/serv_http_esp8266.dir/home/kali/pico/pico-sdk/src/common/pico_sync/critical_section.c.o
                0x10001fd4                critical_section_init
 .text.critical_section_init_with_lock_num
                0x10001ff0       0x14 CMakeFiles/serv_http_esp8266.dir/home/kali/pico/pico-sdk/src/common/pico_sync/critical_section.c.o
                0x10001ff0                critical_section_init_with_lock_num
 .text.sleep_until_callback
                0x10002004       0x30 CMakeFiles/serv_http_esp8266.dir/home/kali/pico/pico-sdk/src/common/pico_time/time.c.o
 .text.alarm_pool_irq_handler
                0x10002034      0x2f8 CMakeFiles/serv_http_esp8266.dir/home/kali/pico/pico-sdk/src/common/pico_time/time.c.o
 .text.runtime_init_default_alarm_pool
                0x1000232c       0x9c CMakeFiles/serv_http_esp8266.dir/home/kali/pico/pico-sdk/src/common/pico_time/time.c.o
                0x1000232c                runtime_init_default_alarm_pool
 .text.alarm_pool_get_default
                0x100023c8        0x8 CMakeFiles/serv_http_esp8266.dir/home/kali/pico/pico-sdk/src/common/pico_time/time.c.o
                0x100023c8                alarm_pool_get_default
 .text.alarm_pool_add_alarm_at_force_in_context
                0x100023d0       0xb0 CMakeFiles/serv_http_esp8266.dir/home/kali/pico/pico-sdk/src/common/pico_time/time.c.o
                0x100023d0                alarm_pool_add_alarm_at_force_in_context
 .text.alarm_pool_add_alarm_at
                0x10002480       0x3c CMakeFiles/serv_http_esp8266.dir/home/kali/pico/pico-sdk/src/common/pico_time/time.c.o
                0x10002480                alarm_pool_add_alarm_at
 .text.alarm_pool_cancel_alarm
                0x100024bc       0x74 CMakeFiles/serv_http_esp8266.dir/home/kali/pico/pico-sdk/src/common/pico_time/time.c.o
                0x100024bc                alarm_pool_cancel_alarm
 .text.alarm_pool_core_num
                0x10002530        0x4 CMakeFiles/serv_http_esp8266.dir/home/kali/pico/pico-sdk/src/common/pico_time/time.c.o
                0x10002530                alarm_pool_core_num
 .text.sleep_until
                0x10002534       0xd0 CMakeFiles/serv_http_esp8266.dir/home/kali/pico/pico-sdk/src/common/pico_time/time.c.o
                0x10002534                sleep_until
 .text.sleep_ms
                0x10002604       0x34 CMakeFiles/serv_http_esp8266.dir/home/kali/pico/pico-sdk/src/common/pico_time/time.c.o
                0x10002604                sleep_ms
 .text.best_effort_wfe_or_timeout
                0x10002638      0x10c CMakeFiles/serv_http_esp8266.dir/home/kali/pico/pico-sdk/src/common/pico_time/time.c.o
                0x10002638                best_effort_wfe_or_timeout
 .text.timer_hardware_alarm_claim
                0x10002744       0x14 CMakeFiles/serv_http_esp8266.dir/home/kali/pico/pico-sdk/src/rp2_common/hardware_timer/timer.c.o
                0x10002744                timer_hardware_alarm_claim
 .text.timer_time_us_64
                0x10002758       0x10 CMakeFiles/serv_http_esp8266.dir/home/kali/pico/pico-sdk/src/rp2_common/hardware_timer/timer.c.o
                0x10002758                timer_time_us_64
 .text.time_us_64
                0x10002768       0x14 CMakeFiles/serv_http_esp8266.dir/home/kali/pico/pico-sdk/src/rp2_common/hardware_timer/timer.c.o
                0x10002768                time_us_64
 .text.busy_wait_us
                0x1000277c       0x68 CMakeFiles/serv_http_esp8266.dir/home/kali/pico/pico-sdk/src/rp2_common/hardware_timer/timer.c.o
                0x1000277c                busy_wait_us
 .text.busy_wait_until
                0x100027e4       0x20 CMakeFiles/serv_http_esp8266.dir/home/kali/pico/pico-sdk/src/rp2_common/hardware_timer/timer.c.o
                0x100027e4                busy_wait_until
 .text.uart_set_baudrate
                0x10002804       0xb4 CMakeFiles/serv_http_esp8266.dir/home/kali/pico/pico-sdk/src/rp2_common/hardware_uart/uart.c.o
                0x10002804                uart_set_baudrate
 .text.uart_init
                0x100028b8       0x88 CMakeFiles/serv_http_esp8266.dir/home/kali/pico/pico-sdk/src/rp2_common/hardware_uart/uart.c.o
                0x100028b8                uart_init
 .text.uart_set_format
                0x10002940       0x78 CMakeFiles/serv_http_esp8266.dir/home/kali/pico/pico-sdk/src/rp2_common/hardware_uart/uart.c.o
                0x10002940                uart_set_format
 .text.uart_set_fifo_enabled
                0x100029b8       0x5c CMakeFiles/serv_http_esp8266.dir/home/kali/pico/pico-sdk/src/rp2_common/hardware_uart/uart.c.o
                0x100029b8                uart_set_fifo_enabled
 .text.clock_configure_internal
                0x10002a14       0xe4 CMakeFiles/serv_http_esp8266.dir/home/kali/pico/pico-sdk/src/rp2_common/hardware_clocks/clocks.c.o
 .text.clock_configure_int_divider
                0x10002af8       0x28 CMakeFiles/serv_http_esp8266.dir/home/kali/pico/pico-sdk/src/rp2_common/hardware_clocks/clocks.c.o
                0x10002af8                clock_configure_int_divider
 .text.clock_configure_undivided
                0x10002b20       0x14 CMakeFiles/serv_http_esp8266.dir/home/kali/pico/pico-sdk/src/rp2_common/hardware_clocks/clocks.c.o
                0x10002b20                clock_configure_undivided
 .text.clock_get_hz
                0x10002b34        0xc CMakeFiles/serv_http_esp8266.dir/home/kali/pico/pico-sdk/src/rp2_common/hardware_clocks/clocks.c.o
                0x10002b34                clock_get_hz
 .text.pll_init
                0x10002b40       0xa4 CMakeFiles/serv_http_esp8266.dir/home/kali/pico/pico-sdk/src/rp2_common/hardware_pll/pll.c.o
                0x10002b40                pll_init
 .text.watchdog_reboot
                0x10002be4       0x9c CMakeFiles/serv_http_esp8266.dir/home/kali/pico/pico-sdk/src/rp2_common/hardware_watchdog/watchdog.c.o
                0x10002be4                watchdog_reboot
 .text.tick_start
                0x10002c80       0x10 CMakeFiles/serv_http_esp8266.dir/home/kali/pico/pico-sdk/src/rp2_common/hardware_ticks/ticks.c.o
                0x10002c80                tick_start
 .text.rom_func_lookup
                0x10002c90       0x10 CMakeFiles/serv_http_esp8266.dir/home/kali/pico/pico-sdk/src/rp2_common/pico_bootrom/bootrom.c.o
                0x10002c90                rom_func_lookup
 .text.rom_data_lookup
                0x10002ca0       0x10 CMakeFiles/serv_http_esp8266.dir/home/kali/pico/pico-sdk/src/rp2_common/pico_bootrom/bootrom.c.o
                0x10002ca0                rom_data_lookup
 .text.rom_funcs_lookup
                0x10002cb0       0x44 CMakeFiles/serv_http_esp8266.dir/home/kali/pico/pico-sdk/src/rp2_common/pico_bootrom/bootrom.c.o
                0x10002cb0                rom_funcs_lookup
 .text.rom_reset_usb_boot_extra
                0x10002cf4       0x24 CMakeFiles/serv_http_esp8266.dir/home/kali/pico/pico-sdk/src/rp2_common/pico_bootrom/bootrom.c.o
                0x10002cf4                rom_reset_usb_boot_extra
 .text.xosc_init
                0x10002d18       0x28 CMakeFiles/serv_http_esp8266.dir/home/kali/pico/pico-sdk/src/rp2_common/hardware_xosc/xosc.c.o
                0x10002d18                xosc_init
 .text.first_per_core_initializer
                0x10002d40        0x4 CMakeFiles/serv_http_esp8266.dir/home/kali/pico/pico-sdk/src/rp2_common/pico_runtime/runtime.c.o
 .text.hard_assertion_failure
                0x10002d44        0xc CMakeFiles/serv_http_esp8266.dir/home/kali/pico/pico-sdk/src/rp2_common/pico_runtime/runtime.c.o
                0x10002d44                hard_assertion_failure
 .text.runtime_run_initializers
                0x10002d50       0x28 CMakeFiles/serv_http_esp8266.dir/home/kali/pico/pico-sdk/src/rp2_common/pico_runtime/runtime.c.o
                0x10002d50                runtime_run_initializers
 .text.runtime_init_early_resets
                0x10002d78       0x2c CMakeFiles/serv_http_esp8266.dir/home/kali/pico/pico-sdk/src/rp2_common/pico_runtime_init/runtime_init.c.o
                0x10002d78                runtime_init_early_resets
 .text.runtime_init_usb_power_down
                0x10002da4       0x1c CMakeFiles/serv_http_esp8266.dir/home/kali/pico/pico-sdk/src/rp2_common/pico_runtime_init/runtime_init.c.o
                0x10002da4                runtime_init_usb_power_down
 .text.runtime_init_post_clock_resets
                0x10002dc0       0x20 CMakeFiles/serv_http_esp8266.dir/home/kali/pico/pico-sdk/src/rp2_common/pico_runtime_init/runtime_init.c.o
                0x10002dc0                runtime_init_post_clock_resets
 .text.runtime_init_rp2040_gpio_ie_disable
                0x10002de0       0x14 CMakeFiles/serv_http_esp8266.dir/home/kali/pico/pico-sdk/src/rp2_common/pico_runtime_init/runtime_init.c.o
                0x10002de0                runtime_init_rp2040_gpio_ie_disable
 .text.runtime_init_spin_locks_reset
                0x10002df4        0x8 CMakeFiles/serv_http_esp8266.dir/home/kali/pico/pico-sdk/src/rp2_common/pico_runtime_init/runtime_init.c.o
                0x10002df4                runtime_init_spin_locks_reset
 .text.runtime_init_install_ram_vector_table
                0x10002dfc       0x48 CMakeFiles/serv_http_esp8266.dir/home/kali/pico/pico-sdk/src/rp2_common/pico_runtime_init/runtime_init.c.o
                0x10002dfc                runtime_init_install_ram_vector_table
 .text.runtime_init_clocks
                0x10002e44       0xd8 CMakeFiles/serv_http_esp8266.dir/home/kali/pico/pico-sdk/src/rp2_common/pico_runtime_init/runtime_init_clocks.c.o
                0x10002e44                runtime_init_clocks
 .text          0x10002f1c       0x10 CMakeFiles/serv_http_esp8266.dir/home/kali/pico/pico-sdk/src/rp2_common/pico_bit_ops/bit_ops_aeabi.S.o
 .text.__wrap___aeabi_idiv
                0x10002f2c       0x50 CMakeFiles/serv_http_esp8266.dir/home/kali/pico/pico-sdk/src/rp2_common/pico_divider/divider_hardware.S.o
                0x10002f2c                __wrap___aeabi_idivmod
                0x10002f2c                divmod_s32s32
                0x10002f2c                div_s32s32
                0x10002f2c                __wrap___aeabi_idiv
                0x10002f34                divmod_s32s32_unsafe
                0x10002f60                divmod_s32s32_savestate
 .text.__wrap___aeabi_uidiv
                0x10002f7c       0x4c CMakeFiles/serv_http_esp8266.dir/home/kali/pico/pico-sdk/src/rp2_common/pico_divider/divider_hardware.S.o
                0x10002f7c                __wrap___aeabi_uidiv
                0x10002f7c                __wrap___aeabi_uidivmod
                0x10002f7c                div_u32u32
                0x10002f7c                divmod_u32u32
                0x10002f84                divmod_u32u32_unsafe
                0x10002fac                divmod_u32u32_savestate
 .text.__wrap___aeabi_ldiv
                0x10002fc8      0x424 CMakeFiles/serv_http_esp8266.dir/home/kali/pico/pico-sdk/src/rp2_common/pico_divider/divider_hardware.S.o
                0x10002fc8                div_s64s64
                0x10002fc8                divmod_s64s64
                0x10002fc8                __wrap___aeabi_ldivmod
                0x10002ff8                div_u64u64
                0x10002ff8                divmod_u64u64
                0x10002ff8                __wrap___aeabi_uldivmod
                0x10003008                divmod_u64u64_savestate
                0x10003028                divmod_s64s64_unsafe
                0x100030b0                divmod_u64u64_unsafe
 .text.__wrap___aeabi_darithmetic
                0x100033ec       0x80 CMakeFiles/serv_http_esp8266.dir/home/kali/pico/pico-sdk/src/rp2_common/pico_double/double_aeabi_rp2040.S.o
                0x100033ec                __wrap___aeabi_drsub
                0x100033f2                __wrap___aeabi_dsub
                0x10003404                __wrap___aeabi_dadd
                0x10003416                __wrap___aeabi_ddiv
                0x10003452                __wrap___aeabi_dmul
 .text.__wrap___aeabi_cdcmple
                0x1000346c       0x6c CMakeFiles/serv_http_esp8266.dir/home/kali/pico/pico-sdk/src/rp2_common/pico_double/double_aeabi_rp2040.S.o
                0x1000346c                __wrap___aeabi_cdrcmple
                0x1000347c                __wrap___aeabi_cdcmple
                0x1000347c                __wrap___aeabi_cdcmpeq
 .text.__wrap___aeabi_dcmplt
                0x100034d8        0xc CMakeFiles/serv_http_esp8266.dir/home/kali/pico/pico-sdk/src/rp2_common/pico_double/double_aeabi_rp2040.S.o
                0x100034d8                __wrap___aeabi_dcmplt
 .text.__wrap___aeabi_dcmple
                0x100034e4       0x10 CMakeFiles/serv_http_esp8266.dir/home/kali/pico/pico-sdk/src/rp2_common/pico_double/double_aeabi_rp2040.S.o
                0x100034e4                __wrap___aeabi_dcmple
 .text.__wrap___aeabi_dcmpge
                0x100034f4       0x10 CMakeFiles/serv_http_esp8266.dir/home/kali/pico/pico-sdk/src/rp2_common/pico_double/double_aeabi_rp2040.S.o
                0x100034f4                __wrap___aeabi_dcmpge
 .text.__wrap___aeabi_dcmpgt
                0x10003504        0xa CMakeFiles/serv_http_esp8266.dir/home/kali/pico/pico-sdk/src/rp2_common/pico_double/double_aeabi_rp2040.S.o
                0x10003504                __wrap___aeabi_dcmpgt
 .text.__wrap___aeabi_dcmpun
                0x1000350e       0x18 CMakeFiles/serv_http_esp8266.dir/home/kali/pico/pico-sdk/src/rp2_common/pico_double/double_aeabi_rp2040.S.o
                0x1000350e                __wrap___aeabi_dcmpun
 *fill*         0x10003526        0x2 
 .text.__wrap___aeabi_i2d
                0x10003528       0x38 CMakeFiles/serv_http_esp8266.dir/home/kali/pico/pico-sdk/src/rp2_common/pico_double/double_aeabi_rp2040.S.o
                0x10003528                __wrap___aeabi_ui2d
                0x10003528                uint2double
                0x10003530                __wrap___aeabi_i2d
                0x10003530                int2double
 .text.__wrap___aeabi_d2iz
                0x10003560       0x48 CMakeFiles/serv_http_esp8266.dir/home/kali/pico/pico-sdk/src/rp2_common/pico_double/double_aeabi_rp2040.S.o
                0x10003560                __wrap___aeabi_d2iz
                0x10003560                double2int_z
 .text.__wrap___aeabi_d2uiz
                0x100035a8       0x18 CMakeFiles/serv_http_esp8266.dir/home/kali/pico/pico-sdk/src/rp2_common/pico_double/double_aeabi_rp2040.S.o
                0x100035a8                double2uint_z
                0x100035a8                double2uint
                0x100035a8                __wrap___aeabi_d2uiz
 .text.__wrap___aeabi_d2f
                0x100035c0       0x18 CMakeFiles/serv_http_esp8266.dir/home/kali/pico/pico-sdk/src/rp2_common/pico_double/double_aeabi_rp2040.S.o
                0x100035c0                __wrap___aeabi_d2f
 .text.__wrap_srqt
                0x100035d8       0x18 CMakeFiles/serv_http_esp8266.dir/home/kali/pico/pico-sdk/src/rp2_common/pico_double/double_aeabi_rp2040.S.o
                0x100035d8                __wrap_sqrt
 .text.__aeabi_double_init
                0x100035f0       0x70 CMakeFiles/serv_http_esp8266.dir/home/kali/pico/pico-sdk/src/rp2_common/pico_double/double_init_rom_rp2040.c.o
                0x100035f0                __aeabi_double_init
 .text.double_table_shim_on_use_helper
                0x10003660       0x2c CMakeFiles/serv_http_esp8266.dir/home/kali/pico/pico-sdk/src/rp2_common/pico_double/double_v1_rom_shim_rp2040.S.o
                0x10003660                double_table_shim_on_use_helper
 .text.__wrap___aeabi_dsub
                0x1000368c       0x10 CMakeFiles/serv_http_esp8266.dir/home/kali/pico/pico-sdk/src/rp2_common/pico_double/double_v1_rom_shim_rp2040.S.o
                0x1000368c                drsub_shim
                0x10003692                dsub_shim
 .text.dadd_shim
                0x1000369c      0x15c CMakeFiles/serv_http_esp8266.dir/home/kali/pico/pico-sdk/src/rp2_common/pico_double/double_v1_rom_shim_rp2040.S.o
                0x1000369c                dadd_shim
 .text.dmul_shim
                0x100037f8      0x15c CMakeFiles/serv_http_esp8266.dir/home/kali/pico/pico-sdk/src/rp2_common/pico_double/double_v1_rom_shim_rp2040.S.o
                0x100037f8                dmul_shim
 .text.ddiv_shim
                0x10003954      0x1b0 CMakeFiles/serv_http_esp8266.dir/home/kali/pico/pico-sdk/src/rp2_common/pico_double/double_v1_rom_shim_rp2040.S.o
                0x10003954                ddiv_shim
 .text.dsqrt_shim
                0x10003b04      0x1a8 CMakeFiles/serv_http_esp8266.dir/home/kali/pico/pico-sdk/src/rp2_common/pico_double/double_v1_rom_shim_rp2040.S.o
                0x10003b20                dsqrt_shim
 .text.double2uint_shim
                0x10003cac        0xe CMakeFiles/serv_http_esp8266.dir/home/kali/pico/pico-sdk/src/rp2_common/pico_double/double_v1_rom_shim_rp2040.S.o
                0x10003cac                double2uint_shim
                0x10003cae                double2ufix_shim
 *fill*         0x10003cba        0x2 
 .text.double2uint64_shim
                0x10003cbc       0x70 CMakeFiles/serv_http_esp8266.dir/home/kali/pico/pico-sdk/src/rp2_common/pico_double/double_v1_rom_shim_rp2040.S.o
                0x10003cbc                double2uint64_shim
                0x10003cbe                double2ufix64_shim
                0x10003cde                d2fix_a
 .text.double2float_shim
                0x10003d2c       0x5c CMakeFiles/serv_http_esp8266.dir/home/kali/pico/pico-sdk/src/rp2_common/pico_double/double_v1_rom_shim_rp2040.S.o
                0x10003d2c                double2float_shim
 .text.dunpacks
                0x10003d88       0x3c CMakeFiles/serv_http_esp8266.dir/home/kali/pico/pico-sdk/src/rp2_common/pico_double/double_v1_rom_shim_rp2040.S.o
                0x10003d88                dunpacks
 .text.__aeabi_lmul
                0x10003dc4       0x32 CMakeFiles/serv_http_esp8266.dir/home/kali/pico/pico-sdk/src/rp2_common/pico_int64_ops/pico_int64_ops_aeabi.S.o
                0x10003dc4                __wrap___aeabi_lmul
 *fill*         0x10003df6        0x2 
 .text.__wrap___aeabi_farithmetic
                0x10003df8       0x48 CMakeFiles/serv_http_esp8266.dir/home/kali/pico/pico-sdk/src/rp2_common/pico_float/float_aeabi_rp2040.S.o
                0x10003df8                __wrap___aeabi_frsub
                0x10003dfe                __wrap___aeabi_fsub
                0x10003e04                __wrap___aeabi_fadd
                0x10003e0a                __wrap___aeabi_fdiv
                0x10003e32                __wrap___aeabi_fmul
 .text.__wrap___aeabi_cfcmple
                0x10003e40       0x50 CMakeFiles/serv_http_esp8266.dir/home/kali/pico/pico-sdk/src/rp2_common/pico_float/float_aeabi_rp2040.S.o
                0x10003e40                __wrap___aeabi_cfrcmple
                0x10003e4c                __wrap___aeabi_cfcmpeq
                0x10003e4c                __wrap___aeabi_cfcmple
 .text.__wrap___aeabi_fcmpgt
                0x10003e90        0xa CMakeFiles/serv_http_esp8266.dir/home/kali/pico/pico-sdk/src/rp2_common/pico_float/float_aeabi_rp2040.S.o
                0x10003e90                __wrap___aeabi_fcmpgt
 .text.__wrap___aeabi_ui2f
                0x10003e9a        0xa CMakeFiles/serv_http_esp8266.dir/home/kali/pico/pico-sdk/src/rp2_common/pico_float/float_aeabi_rp2040.S.o
                0x10003e9a                uint2float
                0x10003e9a                __wrap___aeabi_ui2f
 .text.__wrap___aeabi_i2f
                0x10003ea4       0x44 CMakeFiles/serv_http_esp8266.dir/home/kali/pico/pico-sdk/src/rp2_common/pico_float/float_aeabi_rp2040.S.o
                0x10003ea4                int2float
                0x10003ea4                __wrap___aeabi_i2f
 .text.__wrap___aeabi_f2d
                0x10003ee8       0x14 CMakeFiles/serv_http_esp8266.dir/home/kali/pico/pico-sdk/src/rp2_common/pico_float/float_aeabi_rp2040.S.o
                0x10003ee8                __wrap___aeabi_f2d
 .text.__aeabi_float_init
                0x10003efc       0x5c CMakeFiles/serv_http_esp8266.dir/home/kali/pico/pico-sdk/src/rp2_common/pico_float/float_init_rom_rp2040.c.o
                0x10003efc                __aeabi_float_init
 .text.float_table_shim_on_use_helper
                0x10003f58       0x2c CMakeFiles/serv_http_esp8266.dir/home/kali/pico/pico-sdk/src/rp2_common/pico_float/float_v1_rom_shim_rp2040.S.o
                0x10003f58                float_table_shim_on_use_helper
 .text.float2double_shim
                0x10003f84       0x30 CMakeFiles/serv_http_esp8266.dir/home/kali/pico/pico-sdk/src/rp2_common/pico_float/float_v1_rom_shim_rp2040.S.o
                0x10003f84                float2double_shim
 .text          0x10003fb4       0x10 CMakeFiles/serv_http_esp8266.dir/home/kali/pico/pico-sdk/src/rp2_common/pico_mem_ops/mem_ops_aeabi.S.o
                0x10003fb4                __aeabi_mem_init
 .text.memset   0x10003fc4        0xc CMakeFiles/serv_http_esp8266.dir/home/kali/pico/pico-sdk/src/rp2_common/pico_mem_ops/mem_ops_aeabi.S.o
                0x10003fc4                __wrap_memset
 .text.memcpy   0x10003fd0        0xc CMakeFiles/serv_http_esp8266.dir/home/kali/pico/pico-sdk/src/rp2_common/pico_mem_ops/mem_ops_aeabi.S.o
                0x10003fd0                __wrap___aeabi_memcpy
                0x10003fd0                __wrap_memcpy
 .text._out_buffer
                0x10003fdc        0x8 CMakeFiles/serv_http_esp8266.dir/home/kali/pico/pico-sdk/src/rp2_common/pico_printf/printf.c.o
 .text._out_null
                0x10003fe4        0x4 CMakeFiles/serv_http_esp8266.dir/home/kali/pico/pico-sdk/src/rp2_common/pico_printf/printf.c.o
 .text._out_rev
                0x10003fe8       0xb0 CMakeFiles/serv_http_esp8266.dir/home/kali/pico/pico-sdk/src/rp2_common/pico_printf/printf.c.o
 .text._ntoa_format
                0x10004098      0x1d0 CMakeFiles/serv_http_esp8266.dir/home/kali/pico/pico-sdk/src/rp2_common/pico_printf/printf.c.o
 .text._ntoa_long
                0x10004268       0xb4 CMakeFiles/serv_http_esp8266.dir/home/kali/pico/pico-sdk/src/rp2_common/pico_printf/printf.c.o
 .text._ntoa_long_long
                0x1000431c       0xdc CMakeFiles/serv_http_esp8266.dir/home/kali/pico/pico-sdk/src/rp2_common/pico_printf/printf.c.o
 .text._etoa    0x100043f8      0x518 CMakeFiles/serv_http_esp8266.dir/home/kali/pico/pico-sdk/src/rp2_common/pico_printf/printf.c.o
 .text._ftoa    0x10004910      0x3ac CMakeFiles/serv_http_esp8266.dir/home/kali/pico/pico-sdk/src/rp2_common/pico_printf/printf.c.o
 .text._out_char
                0x10004cbc       0x10 CMakeFiles/serv_http_esp8266.dir/home/kali/pico/pico-sdk/src/rp2_common/pico_printf/printf.c.o
 .text._out_fct
                0x10004ccc       0x10 CMakeFiles/serv_http_esp8266.dir/home/kali/pico/pico-sdk/src/rp2_common/pico_printf/printf.c.o
 .text._vsnprintf
                0x10004cdc      0x710 CMakeFiles/serv_http_esp8266.dir/home/kali/pico/pico-sdk/src/rp2_common/pico_printf/printf.c.o
 .text.__wrap_snprintf
                0x100053ec       0x28 CMakeFiles/serv_http_esp8266.dir/home/kali/pico/pico-sdk/src/rp2_common/pico_printf/printf.c.o
                0x100053ec                __wrap_snprintf
 .text.vfctprintf
                0x10005414       0x24 CMakeFiles/serv_http_esp8266.dir/home/kali/pico/pico-sdk/src/rp2_common/pico_printf/printf.c.o
                0x10005414                vfctprintf
 .text.weak_raw_vprintf
                0x10005438       0x30 CMakeFiles/serv_http_esp8266.dir/home/kali/pico/pico-sdk/src/rp2_common/pico_printf/printf.c.o
                0x10005438                weak_raw_vprintf
 .text._exit    0x10005468        0x4 CMakeFiles/serv_http_esp8266.dir/home/kali/pico/pico-sdk/src/rp2_common/pico_clib_interface/newlib_interface.c.o
                0x10005468                _exit
 .text.exit     0x1000546c        0x8 CMakeFiles/serv_http_esp8266.dir/home/kali/pico/pico-sdk/src/rp2_common/pico_clib_interface/newlib_interface.c.o
                0x1000546c                exit
 .text.runtime_init
                0x10005474       0x2c CMakeFiles/serv_http_esp8266.dir/home/kali/pico/pico-sdk/src/rp2_common/pico_clib_interface/newlib_interface.c.o
                0x10005474                runtime_init
 .text.stdio_out_chars_no_crlf
                0x100054a0       0x10 CMakeFiles/serv_http_esp8266.dir/home/kali/pico/pico-sdk/src/rp2_common/pico_stdio/stdio.c.o
 .text.stdio_out_chars_crlf
                0x100054b0       0xb8 CMakeFiles/serv_http_esp8266.dir/home/kali/pico/pico-sdk/src/rp2_common/pico_stdio/stdio.c.o
 .text.stdio_buffered_printer
                0x10005568       0x64 CMakeFiles/serv_http_esp8266.dir/home/kali/pico/pico-sdk/src/rp2_common/pico_stdio/stdio.c.o
 .text.stdio_put_string
                0x100055cc       0xd0 CMakeFiles/serv_http_esp8266.dir/home/kali/pico/pico-sdk/src/rp2_common/pico_stdio/stdio.c.o
                0x100055cc                stdio_put_string
 .text.stdio_get_until
                0x1000569c       0x84 CMakeFiles/serv_http_esp8266.dir/home/kali/pico/pico-sdk/src/rp2_common/pico_stdio/stdio.c.o
                0x1000569c                stdio_get_until
 .text.stdio_set_driver_enabled
                0x10005720       0x30 CMakeFiles/serv_http_esp8266.dir/home/kali/pico/pico-sdk/src/rp2_common/pico_stdio/stdio.c.o
                0x10005720                stdio_set_driver_enabled
 .text.stdio_init_all
                0x10005750        0x8 CMakeFiles/serv_http_esp8266.dir/home/kali/pico/pico-sdk/src/rp2_common/pico_stdio/stdio.c.o
                0x10005750                stdio_init_all
 .text.stdio_getchar_timeout_us
                0x10005758       0x3c CMakeFiles/serv_http_esp8266.dir/home/kali/pico/pico-sdk/src/rp2_common/pico_stdio/stdio.c.o
                0x10005758                stdio_getchar_timeout_us
 .text.__wrap_putchar
                0x10005794       0x1c CMakeFiles/serv_http_esp8266.dir/home/kali/pico/pico-sdk/src/rp2_common/pico_stdio/stdio.c.o
                0x10005794                stdio_putchar
                0x10005794                __wrap_putchar
 .text.__wrap_puts
                0x100057b0       0x34 CMakeFiles/serv_http_esp8266.dir/home/kali/pico/pico-sdk/src/rp2_common/pico_stdio/stdio.c.o
                0x100057b0                __wrap_puts
                0x100057b0                stdio_puts
 .text.__wrap_vprintf
                0x100057e4       0xc8 CMakeFiles/serv_http_esp8266.dir/home/kali/pico/pico-sdk/src/rp2_common/pico_stdio/stdio.c.o
                0x100057e4                __wrap_vprintf
                0x100057e4                stdio_vprintf
 .text.__wrap_printf
                0x100058ac       0x18 CMakeFiles/serv_http_esp8266.dir/home/kali/pico/pico-sdk/src/rp2_common/pico_stdio/stdio.c.o
                0x100058ac                stdio_printf
                0x100058ac                __wrap_printf
 .text.resetd_init
                0x100058c4        0x4 CMakeFiles/serv_http_esp8266.dir/home/kali/pico/pico-sdk/src/rp2_common/pico_stdio_usb/reset_interface.c.o
 .text.resetd_reset
                0x100058c8        0xc CMakeFiles/serv_http_esp8266.dir/home/kali/pico/pico-sdk/src/rp2_common/pico_stdio_usb/reset_interface.c.o
 .text.resetd_open
                0x100058d4       0x28 CMakeFiles/serv_http_esp8266.dir/home/kali/pico/pico-sdk/src/rp2_common/pico_stdio_usb/reset_interface.c.o
 .text.resetd_xfer_cb
                0x100058fc        0x4 CMakeFiles/serv_http_esp8266.dir/home/kali/pico/pico-sdk/src/rp2_common/pico_stdio_usb/reset_interface.c.o
 .text.resetd_control_xfer_cb
                0x10005900       0x54 CMakeFiles/serv_http_esp8266.dir/home/kali/pico/pico-sdk/src/rp2_common/pico_stdio_usb/reset_interface.c.o
 .text.tud_descriptor_bos_cb
                0x10005954        0x8 CMakeFiles/serv_http_esp8266.dir/home/kali/pico/pico-sdk/src/rp2_common/pico_stdio_usb/reset_interface.c.o
                0x10005954                tud_descriptor_bos_cb
 .text.tud_vendor_control_xfer_cb
                0x1000595c       0x34 CMakeFiles/serv_http_esp8266.dir/home/kali/pico/pico-sdk/src/rp2_common/pico_stdio_usb/reset_interface.c.o
                0x1000595c                tud_vendor_control_xfer_cb
 .text.usbd_app_driver_get_cb
                0x10005990        0xc CMakeFiles/serv_http_esp8266.dir/home/kali/pico/pico-sdk/src/rp2_common/pico_stdio_usb/reset_interface.c.o
                0x10005990                usbd_app_driver_get_cb
 .text.tud_cdc_line_coding_cb
                0x1000599c       0x2c CMakeFiles/serv_http_esp8266.dir/home/kali/pico/pico-sdk/src/rp2_common/pico_stdio_usb/reset_interface.c.o
                0x1000599c                tud_cdc_line_coding_cb
 .text.stdio_usb_set_chars_available_callback
                0x100059c8       0x14 CMakeFiles/serv_http_esp8266.dir/home/kali/pico/pico-sdk/src/rp2_common/pico_stdio_usb/stdio_usb.c.o
                0x100059c8                stdio_usb_set_chars_available_callback
 .text.usb_irq  0x100059dc       0x10 CMakeFiles/serv_http_esp8266.dir/home/kali/pico/pico-sdk/src/rp2_common/pico_stdio_usb/stdio_usb.c.o
 .text.timer_task
                0x100059ec       0x64 CMakeFiles/serv_http_esp8266.dir/home/kali/pico/pico-sdk/src/rp2_common/pico_stdio_usb/stdio_usb.c.o
 .text.stdio_usb_in_chars
                0x10005a50       0x8c CMakeFiles/serv_http_esp8266.dir/home/kali/pico/pico-sdk/src/rp2_common/pico_stdio_usb/stdio_usb.c.o
                0x10005a50                stdio_usb_in_chars
 .text.stdio_usb_out_flush
                0x10005adc       0x4c CMakeFiles/serv_http_esp8266.dir/home/kali/pico/pico-sdk/src/rp2_common/pico_stdio_usb/stdio_usb.c.o
 .text.stdio_usb_out_chars
                0x10005b28      0x100 CMakeFiles/serv_http_esp8266.dir/home/kali/pico/pico-sdk/src/rp2_common/pico_stdio_usb/stdio_usb.c.o
 .text.low_priority_worker_irq
                0x10005c28       0xc8 CMakeFiles/serv_http_esp8266.dir/home/kali/pico/pico-sdk/src/rp2_common/pico_stdio_usb/stdio_usb.c.o
 .text.stdio_usb_init
                0x10005cf0       0xe8 CMakeFiles/serv_http_esp8266.dir/home/kali/pico/pico-sdk/src/rp2_common/pico_stdio_usb/stdio_usb.c.o
                0x10005cf0                stdio_usb_init
 .text.tud_descriptor_device_cb
                0x10005dd8        0x8 CMakeFiles/serv_http_esp8266.dir/home/kali/pico/pico-sdk/src/rp2_common/pico_stdio_usb/stdio_usb_descriptors.c.o
                0x10005dd8                tud_descriptor_device_cb
 .text.tud_descriptor_configuration_cb
                0x10005de0        0x8 CMakeFiles/serv_http_esp8266.dir/home/kali/pico/pico-sdk/src/rp2_common/pico_stdio_usb/stdio_usb_descriptors.c.o
                0x10005de0                tud_descriptor_configuration_cb
 .text.tud_descriptor_string_cb
                0x10005de8       0x78 CMakeFiles/serv_http_esp8266.dir/home/kali/pico/pico-sdk/src/rp2_common/pico_stdio_usb/stdio_usb_descriptors.c.o
                0x10005de8                tud_descriptor_string_cb
 .text.startup._retrieve_unique_id_on_boot
                0x10005e60       0x10 CMakeFiles/serv_http_esp8266.dir/home/kali/pico/pico-sdk/src/rp2_common/pico_unique_id/unique_id.c.o
 .text.pico_get_unique_board_id_string
                0x10005e70       0x50 CMakeFiles/serv_http_esp8266.dir/home/kali/pico/pico-sdk/src/rp2_common/pico_unique_id/unique_id.c.o
                0x10005e70                pico_get_unique_board_id_string
 .text.flash_get_unique_id
                0x10005ec0       0x3c CMakeFiles/serv_http_esp8266.dir/home/kali/pico/pico-sdk/src/rp2_common/hardware_flash/flash.c.o
                0x10005ec0                flash_get_unique_id
 .text.hw_endpoint_init
                0x10005efc       0x8c CMakeFiles/serv_http_esp8266.dir/home/kali/pico/pico-sdk/lib/tinyusb/src/portable/raspberrypi/rp2040/dcd_rp2040.c.o
 .text.dcd_init
                0x10005f88       0x90 CMakeFiles/serv_http_esp8266.dir/home/kali/pico/pico-sdk/lib/tinyusb/src/portable/raspberrypi/rp2040/dcd_rp2040.c.o
                0x10005f88                dcd_init
 .text.dcd_int_enable
                0x10006018        0xc CMakeFiles/serv_http_esp8266.dir/home/kali/pico/pico-sdk/lib/tinyusb/src/portable/raspberrypi/rp2040/dcd_rp2040.c.o
                0x10006018                dcd_int_enable
 .text.dcd_set_address
                0x10006024       0x14 CMakeFiles/serv_http_esp8266.dir/home/kali/pico/pico-sdk/lib/tinyusb/src/portable/raspberrypi/rp2040/dcd_rp2040.c.o
                0x10006024                dcd_set_address
 .text.dcd_sof_enable
                0x10006038       0x1c CMakeFiles/serv_http_esp8266.dir/home/kali/pico/pico-sdk/lib/tinyusb/src/portable/raspberrypi/rp2040/dcd_rp2040.c.o
                0x10006038                dcd_sof_enable
 .text.dcd_edpt0_status_complete
                0x10006054       0x1c CMakeFiles/serv_http_esp8266.dir/home/kali/pico/pico-sdk/lib/tinyusb/src/portable/raspberrypi/rp2040/dcd_rp2040.c.o
                0x10006054                dcd_edpt0_status_complete
 .text.dcd_edpt_open
                0x10006070       0x98 CMakeFiles/serv_http_esp8266.dir/home/kali/pico/pico-sdk/lib/tinyusb/src/portable/raspberrypi/rp2040/dcd_rp2040.c.o
                0x10006070                dcd_edpt_open
 .text.dcd_edpt_close_all
                0x10006108        0x8 CMakeFiles/serv_http_esp8266.dir/home/kali/pico/pico-sdk/lib/tinyusb/src/portable/raspberrypi/rp2040/dcd_rp2040.c.o
                0x10006108                dcd_edpt_close_all
 .text.dcd_edpt_xfer
                0x10006110       0x24 CMakeFiles/serv_http_esp8266.dir/home/kali/pico/pico-sdk/lib/tinyusb/src/portable/raspberrypi/rp2040/dcd_rp2040.c.o
                0x10006110                dcd_edpt_xfer
 .text.dcd_edpt_stall
                0x10006134       0x3c CMakeFiles/serv_http_esp8266.dir/home/kali/pico/pico-sdk/lib/tinyusb/src/portable/raspberrypi/rp2040/dcd_rp2040.c.o
                0x10006134                dcd_edpt_stall
 .text.dcd_edpt_clear_stall
                0x10006170       0x30 CMakeFiles/serv_http_esp8266.dir/home/kali/pico/pico-sdk/lib/tinyusb/src/portable/raspberrypi/rp2040/dcd_rp2040.c.o
                0x10006170                dcd_edpt_clear_stall
 .text.rp2040_usb_init
                0x100061a0       0x40 CMakeFiles/serv_http_esp8266.dir/home/kali/pico/pico-sdk/lib/tinyusb/src/portable/raspberrypi/rp2040/rp2040_usb.c.o
                0x100061a0                rp2040_usb_init
 .text.hw_endpoint_xfer_start
                0x100061e0       0x40 CMakeFiles/serv_http_esp8266.dir/home/kali/pico/pico-sdk/lib/tinyusb/src/portable/raspberrypi/rp2040/rp2040_usb.c.o
                0x100061e0                hw_endpoint_xfer_start
 .text.configuration_reset
                0x10006220       0x7c CMakeFiles/serv_http_esp8266.dir/home/kali/pico/pico-sdk/lib/tinyusb/src/device/usbd.c.o
 .text.tud_event_hook_cb
                0x1000629c        0x4 CMakeFiles/serv_http_esp8266.dir/home/kali/pico/pico-sdk/lib/tinyusb/src/device/usbd.c.o
                0x1000629c                tud_event_hook_cb
 .text.tud_sof_cb
                0x100062a0        0x4 CMakeFiles/serv_http_esp8266.dir/home/kali/pico/pico-sdk/lib/tinyusb/src/device/usbd.c.o
                0x100062a0                tud_sof_cb
 .text.tud_descriptor_device_qualifier_cb
                0x100062a4        0x4 CMakeFiles/serv_http_esp8266.dir/home/kali/pico/pico-sdk/lib/tinyusb/src/device/usbd.c.o
                0x100062a4                tud_descriptor_device_qualifier_cb
 .text.tud_descriptor_other_speed_configuration_cb
                0x100062a8        0x4 CMakeFiles/serv_http_esp8266.dir/home/kali/pico/pico-sdk/lib/tinyusb/src/device/usbd.c.o
                0x100062a8                tud_descriptor_other_speed_configuration_cb
 .text.tud_mount_cb
                0x100062ac        0x4 CMakeFiles/serv_http_esp8266.dir/home/kali/pico/pico-sdk/lib/tinyusb/src/device/usbd.c.o
                0x100062ac                tud_mount_cb
 .text.tud_umount_cb
                0x100062b0        0x4 CMakeFiles/serv_http_esp8266.dir/home/kali/pico/pico-sdk/lib/tinyusb/src/device/usbd.c.o
                0x100062b0                tud_umount_cb
 .text.tud_suspend_cb
                0x100062b4        0x4 CMakeFiles/serv_http_esp8266.dir/home/kali/pico/pico-sdk/lib/tinyusb/src/device/usbd.c.o
                0x100062b4                tud_suspend_cb
 .text.tud_resume_cb
                0x100062b8        0x4 CMakeFiles/serv_http_esp8266.dir/home/kali/pico/pico-sdk/lib/tinyusb/src/device/usbd.c.o
                0x100062b8                tud_resume_cb
 .text.tud_mounted
                0x100062bc       0x10 CMakeFiles/serv_http_esp8266.dir/home/kali/pico/pico-sdk/lib/tinyusb/src/device/usbd.c.o
                0x100062bc                tud_mounted
 .text.tud_suspended
                0x100062cc       0x10 CMakeFiles/serv_http_esp8266.dir/home/kali/pico/pico-sdk/lib/tinyusb/src/device/usbd.c.o
                0x100062cc                tud_suspended
 .text.tud_rhport_init
                0x100062dc       0xf4 CMakeFiles/serv_http_esp8266.dir/home/kali/pico/pico-sdk/lib/tinyusb/src/device/usbd.c.o
                0x100062dc                tud_rhport_init
 .text.tud_task_ext
                0x100063d0      0x678 CMakeFiles/serv_http_esp8266.dir/home/kali/pico/pico-sdk/lib/tinyusb/src/device/usbd.c.o
                0x100063d0                tud_task_ext
 .text.usbd_open_edpt_pair
                0x10006a48       0x9c CMakeFiles/serv_http_esp8266.dir/home/kali/pico/pico-sdk/lib/tinyusb/src/device/usbd.c.o
                0x10006a48                usbd_open_edpt_pair
 .text.usbd_edpt_open
                0x10006ae4       0x34 CMakeFiles/serv_http_esp8266.dir/home/kali/pico/pico-sdk/lib/tinyusb/src/device/usbd.c.o
                0x10006ae4                usbd_edpt_open
 .text.usbd_edpt_claim
                0x10006b18       0x28 CMakeFiles/serv_http_esp8266.dir/home/kali/pico/pico-sdk/lib/tinyusb/src/device/usbd.c.o
                0x10006b18                usbd_edpt_claim
 .text.usbd_edpt_release
                0x10006b40       0x28 CMakeFiles/serv_http_esp8266.dir/home/kali/pico/pico-sdk/lib/tinyusb/src/device/usbd.c.o
                0x10006b40                usbd_edpt_release
 .text.usbd_edpt_xfer
                0x10006b68       0x4c CMakeFiles/serv_http_esp8266.dir/home/kali/pico/pico-sdk/lib/tinyusb/src/device/usbd.c.o
                0x10006b68                usbd_edpt_xfer
 .text.data_stage_xact
                0x10006bb4       0x58 CMakeFiles/serv_http_esp8266.dir/home/kali/pico/pico-sdk/lib/tinyusb/src/device/usbd_control.c.o
 .text.tud_control_status
                0x10006c0c       0x2c CMakeFiles/serv_http_esp8266.dir/home/kali/pico/pico-sdk/lib/tinyusb/src/device/usbd_control.c.o
                0x10006c0c                tud_control_status
 .text.tud_control_xfer
                0x10006c38       0x6c CMakeFiles/serv_http_esp8266.dir/home/kali/pico/pico-sdk/lib/tinyusb/src/device/usbd_control.c.o
                0x10006c38                tud_control_xfer
 .text.usbd_control_reset
                0x10006ca4       0x14 CMakeFiles/serv_http_esp8266.dir/home/kali/pico/pico-sdk/lib/tinyusb/src/device/usbd_control.c.o
                0x10006ca4                usbd_control_reset
 .text.usbd_control_set_complete_callback
                0x10006cb8        0xc CMakeFiles/serv_http_esp8266.dir/home/kali/pico/pico-sdk/lib/tinyusb/src/device/usbd_control.c.o
                0x10006cb8                usbd_control_set_complete_callback
 .text.usbd_control_set_request
                0x10006cc4       0x1c CMakeFiles/serv_http_esp8266.dir/home/kali/pico/pico-sdk/lib/tinyusb/src/device/usbd_control.c.o
                0x10006cc4                usbd_control_set_request
 .text.usbd_control_xfer_cb
                0x10006ce0       0xac CMakeFiles/serv_http_esp8266.dir/home/kali/pico/pico-sdk/lib/tinyusb/src/device/usbd_control.c.o
                0x10006ce0                usbd_control_xfer_cb
 .text._prep_out_transaction.isra.0
                0x10006d8c       0x6c CMakeFiles/serv_http_esp8266.dir/home/kali/pico/pico-sdk/lib/tinyusb/src/class/cdc/cdc_device.c.o
 .text.tud_cdc_n_connected
                0x10006df8       0x2c CMakeFiles/serv_http_esp8266.dir/home/kali/pico/pico-sdk/lib/tinyusb/src/class/cdc/cdc_device.c.o
                0x10006df8                tud_cdc_n_connected
 .text.tud_cdc_n_available
                0x10006e24       0x14 CMakeFiles/serv_http_esp8266.dir/home/kali/pico/pico-sdk/lib/tinyusb/src/class/cdc/cdc_device.c.o
                0x10006e24                tud_cdc_n_available
 .text.tud_cdc_n_read
                0x10006e38       0x30 CMakeFiles/serv_http_esp8266.dir/home/kali/pico/pico-sdk/lib/tinyusb/src/class/cdc/cdc_device.c.o
                0x10006e38                tud_cdc_n_read
 .text.tud_cdc_n_write_flush
                0x10006e68       0x74 CMakeFiles/serv_http_esp8266.dir/home/kali/pico/pico-sdk/lib/tinyusb/src/class/cdc/cdc_device.c.o
                0x10006e68                tud_cdc_n_write_flush
 .text.tud_cdc_n_write
                0x10006edc       0x40 CMakeFiles/serv_http_esp8266.dir/home/kali/pico/pico-sdk/lib/tinyusb/src/class/cdc/cdc_device.c.o
                0x10006edc                tud_cdc_n_write
 .text.tud_cdc_n_write_available
                0x10006f1c       0x14 CMakeFiles/serv_http_esp8266.dir/home/kali/pico/pico-sdk/lib/tinyusb/src/class/cdc/cdc_device.c.o
                0x10006f1c                tud_cdc_n_write_available
 .text.cdcd_init
                0x10006f30       0x70 CMakeFiles/serv_http_esp8266.dir/home/kali/pico/pico-sdk/lib/tinyusb/src/class/cdc/cdc_device.c.o
                0x10006f30                cdcd_init
 .text.cdcd_deinit
                0x10006fa0       0x30 CMakeFiles/serv_http_esp8266.dir/home/kali/pico/pico-sdk/lib/tinyusb/src/class/cdc/cdc_device.c.o
                0x10006fa0                cdcd_deinit
 .text.cdcd_reset
                0x10006fd0       0x4c CMakeFiles/serv_http_esp8266.dir/home/kali/pico/pico-sdk/lib/tinyusb/src/class/cdc/cdc_device.c.o
                0x10006fd0                cdcd_reset
 .text.cdcd_open
                0x1000701c       0xa4 CMakeFiles/serv_http_esp8266.dir/home/kali/pico/pico-sdk/lib/tinyusb/src/class/cdc/cdc_device.c.o
                0x1000701c                cdcd_open
 .text.cdcd_control_xfer_cb
                0x100070c0       0xe8 CMakeFiles/serv_http_esp8266.dir/home/kali/pico/pico-sdk/lib/tinyusb/src/class/cdc/cdc_device.c.o
                0x100070c0                cdcd_control_xfer_cb
 .text.cdcd_xfer_cb
                0x100071a8      0x100 CMakeFiles/serv_http_esp8266.dir/home/kali/pico/pico-sdk/lib/tinyusb/src/class/cdc/cdc_device.c.o
                0x100071a8                cdcd_xfer_cb
 .text.vendord_init
                0x100072a8       0x5c CMakeFiles/serv_http_esp8266.dir/home/kali/pico/pico-sdk/lib/tinyusb/src/class/vendor/vendor_device.c.o
                0x100072a8                vendord_init
 .text.vendord_deinit
                0x10007304       0x1c CMakeFiles/serv_http_esp8266.dir/home/kali/pico/pico-sdk/lib/tinyusb/src/class/vendor/vendor_device.c.o
                0x10007304                vendord_deinit
 .text.vendord_reset
                0x10007320       0x28 CMakeFiles/serv_http_esp8266.dir/home/kali/pico/pico-sdk/lib/tinyusb/src/class/vendor/vendor_device.c.o
                0x10007320                vendord_reset
 .text.vendord_open
                0x10007348      0x120 CMakeFiles/serv_http_esp8266.dir/home/kali/pico/pico-sdk/lib/tinyusb/src/class/vendor/vendor_device.c.o
                0x10007348                vendord_open
 .text.vendord_xfer_cb
                0x10007468       0x9c CMakeFiles/serv_http_esp8266.dir/home/kali/pico/pico-sdk/lib/tinyusb/src/class/vendor/vendor_device.c.o
                0x10007468                vendord_xfer_cb
 .text.tusb_rhport_init
                0x10007504       0x4c CMakeFiles/serv_http_esp8266.dir/home/kali/pico/pico-sdk/lib/tinyusb/src/tusb.c.o
                0x10007504                tusb_rhport_init
 .text.tu_edpt_claim
                0x10007550       0x50 CMakeFiles/serv_http_esp8266.dir/home/kali/pico/pico-sdk/lib/tinyusb/src/tusb.c.o
                0x10007550                tu_edpt_claim
 .text.tu_edpt_release
                0x100075a0       0x38 CMakeFiles/serv_http_esp8266.dir/home/kali/pico/pico-sdk/lib/tinyusb/src/tusb.c.o
                0x100075a0                tu_edpt_release
 .text.tu_edpt_validate
                0x100075d8       0x7c CMakeFiles/serv_http_esp8266.dir/home/kali/pico/pico-sdk/lib/tinyusb/src/tusb.c.o
                0x100075d8                tu_edpt_validate
 .text.tu_edpt_bind_driver
                0x10007654       0x28 CMakeFiles/serv_http_esp8266.dir/home/kali/pico/pico-sdk/lib/tinyusb/src/tusb.c.o
                0x10007654                tu_edpt_bind_driver
 .text.tu_edpt_stream_init
                0x1000767c       0x6c CMakeFiles/serv_http_esp8266.dir/home/kali/pico/pico-sdk/lib/tinyusb/src/tusb.c.o
                0x1000767c                tu_edpt_stream_init
 .text.tu_edpt_stream_deinit
                0x100076e8        0x4 CMakeFiles/serv_http_esp8266.dir/home/kali/pico/pico-sdk/lib/tinyusb/src/tusb.c.o
                0x100076e8                tu_edpt_stream_deinit
 .text.tu_edpt_stream_write_zlp_if_needed
                0x100076ec       0x68 CMakeFiles/serv_http_esp8266.dir/home/kali/pico/pico-sdk/lib/tinyusb/src/tusb.c.o
                0x100076ec                tu_edpt_stream_write_zlp_if_needed
 .text.tu_edpt_stream_write_xfer
                0x10007754       0x68 CMakeFiles/serv_http_esp8266.dir/home/kali/pico/pico-sdk/lib/tinyusb/src/tusb.c.o
                0x10007754                tu_edpt_stream_write_xfer
 .text.tu_edpt_stream_read_xfer
                0x100077bc       0xd8 CMakeFiles/serv_http_esp8266.dir/home/kali/pico/pico-sdk/lib/tinyusb/src/tusb.c.o
                0x100077bc                tu_edpt_stream_read_xfer
 .text._tu_fifo_peek
                0x10007894       0x54 CMakeFiles/serv_http_esp8266.dir/home/kali/pico/pico-sdk/lib/tinyusb/src/common/tusb_fifo.c.o
 .text._tu_fifo_peek_n.constprop.0
                0x100078e8       0xa4 CMakeFiles/serv_http_esp8266.dir/home/kali/pico/pico-sdk/lib/tinyusb/src/common/tusb_fifo.c.o
 .text.tu_fifo_config
                0x1000798c       0x6c CMakeFiles/serv_http_esp8266.dir/home/kali/pico/pico-sdk/lib/tinyusb/src/common/tusb_fifo.c.o
                0x1000798c                tu_fifo_config
 .text.tu_fifo_count
                0x100079f8       0x2c CMakeFiles/serv_http_esp8266.dir/home/kali/pico/pico-sdk/lib/tinyusb/src/common/tusb_fifo.c.o
                0x100079f8                tu_fifo_count
 .text.tu_fifo_empty
                0x10007a24       0x10 CMakeFiles/serv_http_esp8266.dir/home/kali/pico/pico-sdk/lib/tinyusb/src/common/tusb_fifo.c.o
                0x10007a24                tu_fifo_empty
 .text.tu_fifo_remaining
                0x10007a34       0x2c CMakeFiles/serv_http_esp8266.dir/home/kali/pico/pico-sdk/lib/tinyusb/src/common/tusb_fifo.c.o
                0x10007a34                tu_fifo_remaining
 .text.tu_fifo_read
                0x10007a60       0x50 CMakeFiles/serv_http_esp8266.dir/home/kali/pico/pico-sdk/lib/tinyusb/src/common/tusb_fifo.c.o
                0x10007a60                tu_fifo_read
 .text.tu_fifo_read_n
                0x10007ab0       0x58 CMakeFiles/serv_http_esp8266.dir/home/kali/pico/pico-sdk/lib/tinyusb/src/common/tusb_fifo.c.o
                0x10007ab0                tu_fifo_read_n
 .text.tu_fifo_write
                0x10007b08       0xa4 CMakeFiles/serv_http_esp8266.dir/home/kali/pico/pico-sdk/lib/tinyusb/src/common/tusb_fifo.c.o
                0x10007b08                tu_fifo_write
 .text.tu_fifo_write_n
                0x10007bac      0x178 CMakeFiles/serv_http_esp8266.dir/home/kali/pico/pico-sdk/lib/tinyusb/src/common/tusb_fifo.c.o
                0x10007bac                tu_fifo_write_n
 .text.tu_fifo_clear
                0x10007d24       0x40 CMakeFiles/serv_http_esp8266.dir/home/kali/pico/pico-sdk/lib/tinyusb/src/common/tusb_fifo.c.o
                0x10007d24                tu_fifo_clear
 .text.tu_fifo_set_overwritable
                0x10007d64       0x48 CMakeFiles/serv_http_esp8266.dir/home/kali/pico/pico-sdk/lib/tinyusb/src/common/tusb_fifo.c.o
                0x10007d64                tu_fifo_set_overwritable
 .text.i2c_write_blocking_internal
                0x10007dac      0x18c CMakeFiles/serv_http_esp8266.dir/home/kali/pico/pico-sdk/src/rp2_common/hardware_i2c/i2c.c.o
 .text.i2c_read_blocking_internal
                0x10007f38       0xdc CMakeFiles/serv_http_esp8266.dir/home/kali/pico/pico-sdk/src/rp2_common/hardware_i2c/i2c.c.o
 .text.i2c_set_baudrate
                0x10008014       0xc0 CMakeFiles/serv_http_esp8266.dir/home/kali/pico/pico-sdk/src/rp2_common/hardware_i2c/i2c.c.o
                0x10008014                i2c_set_baudrate
 .text.i2c_init
                0x100080d4       0x50 CMakeFiles/serv_http_esp8266.dir/home/kali/pico/pico-sdk/src/rp2_common/hardware_i2c/i2c.c.o
                0x100080d4                i2c_init
 .text.i2c_write_blocking
                0x10008124       0x18 CMakeFiles/serv_http_esp8266.dir/home/kali/pico/pico-sdk/src/rp2_common/hardware_i2c/i2c.c.o
                0x10008124                i2c_write_blocking
 .text.i2c_read_blocking
                0x1000813c       0x18 CMakeFiles/serv_http_esp8266.dir/home/kali/pico/pico-sdk/src/rp2_common/hardware_i2c/i2c.c.o
                0x1000813c                i2c_read_blocking
 .text          0x10008154       0x5c /usr/lib/gcc/arm-none-eabi/14.2.1/../../../arm-none-eabi/lib/thumb/v6-m/nofp/libg.a(libc_a-strlen-stub.o)
                0x10008154                strlen
 .text          0x100081b0       0x74 /usr/lib/gcc/arm-none-eabi/14.2.1/../../../arm-none-eabi/lib/thumb/v6-m/nofp/libg.a(libc_a-memchr-stub.o)
                0x100081b0                memchr
 .text          0x10008224       0x28 /usr/lib/gcc/arm-none-eabi/14.2.1/../../../arm-none-eabi/lib/thumb/v6-m/nofp/libg.a(libc_a-fini.o)
                0x10008224                __libc_fini_array
 .text          0x1000824c       0x48 /usr/lib/gcc/arm-none-eabi/14.2.1/../../../arm-none-eabi/lib/thumb/v6-m/nofp/libg.a(libc_a-memcmp.o)
                0x1000824c                memcmp
 .text          0x10008294       0x10 /usr/lib/gcc/arm-none-eabi/14.2.1/../../../arm-none-eabi/lib/thumb/v6-m/nofp/libg.a(libc_a-atexit.o)
                0x10008294                atexit
 .text          0x100082a4       0x78 /usr/lib/gcc/arm-none-eabi/14.2.1/../../../arm-none-eabi/lib/thumb/v6-m/nofp/libg.a(libc_a-__atexit.o)
                0x100082a4                __register_exitproc
 .text.startup  0x1000831c       0x18 /usr/lib/gcc/arm-none-eabi/14.2.1/../../../arm-none-eabi/lib/thumb/v6-m/nofp/libg.a(libc_a-__call_atexit.o)
 *(.fini)
 .fini          0x10008334        0x4 /usr/lib/gcc/arm-none-eabi/14.2.1/thumb/v6-m/nofp/crti.o
                0x10008334                _fini
 .fini.__stub   0x10008338       0xc0 linker stubs
 *crtbegin.o(.ctors)
 *crtbegin?.o(.ctors)
 *(EXCLUDE_FILE(*crtend.o *crtend?.o) .ctors)
 *(SORT_BY_NAME(.ctors.*))
 *(.ctors)
 *crtbegin.o(.dtors)
 *crtbegin?.o(.dtors)
 *(EXCLUDE_FILE(*crtend.o *crtend?.o) .dtors)
 *(SORT_BY_NAME(.dtors.*))
 *(.dtors)
                0x100083f8                        . = ALIGN (0x4)
                0x100083f8                        PROVIDE (__preinit_array_start = .)
 *(SORT_BY_NAME(.preinit_array.*))
 .preinit_array.00100
                0x100083f8        0x4 CMakeFiles/serv_http_esp8266.dir/home/kali/pico/pico-sdk/src/rp2_common/pico_runtime_init/runtime_init.c.o
                0x100083f8                __pre_init_runtime_init_early_resets
 .preinit_array.00101
                0x100083fc        0x4 CMakeFiles/serv_http_esp8266.dir/home/kali/pico/pico-sdk/src/rp2_common/pico_runtime_init/runtime_init.c.o
                0x100083fc                __pre_init_runtime_init_usb_power_down
 .preinit_array.00275
                0x10008400        0x4 CMakeFiles/serv_http_esp8266.dir/home/kali/pico/pico-sdk/src/rp2_common/pico_bit_ops/bit_ops_aeabi.S.o
 .preinit_array.00300
                0x10008404        0x4 CMakeFiles/serv_http_esp8266.dir/home/kali/pico/pico-sdk/src/rp2_common/pico_mem_ops/mem_ops_aeabi.S.o
 .preinit_array.00350
                0x10008408        0x4 CMakeFiles/serv_http_esp8266.dir/home/kali/pico/pico-sdk/src/rp2_common/pico_double/double_aeabi_rp2040.S.o
 .preinit_array.00350
                0x1000840c        0x4 CMakeFiles/serv_http_esp8266.dir/home/kali/pico/pico-sdk/src/rp2_common/pico_float/float_aeabi_rp2040.S.o
 .preinit_array.00500
                0x10008410        0x4 CMakeFiles/serv_http_esp8266.dir/home/kali/pico/pico-sdk/src/rp2_common/pico_runtime_init/runtime_init.c.o
                0x10008410                __pre_init_runtime_init_clocks
 .preinit_array.00600
                0x10008414        0x4 CMakeFiles/serv_http_esp8266.dir/home/kali/pico/pico-sdk/src/rp2_common/pico_runtime_init/runtime_init.c.o
                0x10008414                __pre_init_runtime_init_post_clock_resets
 .preinit_array.00700
                0x10008418        0x4 CMakeFiles/serv_http_esp8266.dir/home/kali/pico/pico-sdk/src/rp2_common/pico_runtime_init/runtime_init.c.o
                0x10008418                __pre_init_runtime_init_rp2040_gpio_ie_disable
 .preinit_array.01000
                0x1000841c        0x4 CMakeFiles/serv_http_esp8266.dir/home/kali/pico/pico-sdk/src/rp2_common/pico_runtime_init/runtime_init.c.o
                0x1000841c                __pre_init_runtime_init_spin_locks_reset
 .preinit_array.01100
                0x10008420        0x4 CMakeFiles/serv_http_esp8266.dir/home/kali/pico/pico-sdk/src/common/pico_sync/mutex.c.o
                0x10008420                __pre_init_runtime_init_mutex
 .preinit_array.10080
                0x10008424        0x4 CMakeFiles/serv_http_esp8266.dir/home/kali/pico/pico-sdk/src/rp2_common/pico_runtime_init/runtime_init.c.o
                0x10008424                __pre_init_runtime_init_install_ram_vector_table
 .preinit_array.11000
                0x10008428        0x4 CMakeFiles/serv_http_esp8266.dir/home/kali/pico/pico-sdk/src/common/pico_time/time.c.o
                0x10008428                __pre_init_runtime_init_default_alarm_pool
 .preinit_array.YYYYY
                0x1000842c        0x4 CMakeFiles/serv_http_esp8266.dir/home/kali/pico/pico-sdk/src/rp2_common/pico_runtime/runtime.c.o
                0x1000842c                __pre_init_first_per_core_initializer
 .preinit_array.ZZZZZ.01200
                0x10008430        0x4 CMakeFiles/serv_http_esp8266.dir/home/kali/pico/pico-sdk/src/rp2_common/hardware_irq/irq.c.o
                0x10008430                __pre_init_runtime_init_per_core_irq_priorities
 *(.preinit_array)
                0x10008434                        PROVIDE (__preinit_array_end = .)
                0x10008434                        . = ALIGN (0x4)
                0x10008434                        PROVIDE (__init_array_start = .)
 *(SORT_BY_NAME(.init_array.*))
 .init_array.00000
                0x10008434        0x4 /usr/lib/gcc/arm-none-eabi/14.2.1/../../../arm-none-eabi/lib/thumb/v6-m/nofp/libg.a(libc_a-__call_atexit.o)
 .init_array.01000
                0x10008438        0x4 CMakeFiles/serv_http_esp8266.dir/home/kali/pico/pico-sdk/src/rp2_common/pico_unique_id/unique_id.c.o
 *(.init_array)
 .init_array    0x1000843c        0x4 /usr/lib/gcc/arm-none-eabi/14.2.1/thumb/v6-m/nofp/crtbegin.o
                0x10008440                        PROVIDE (__init_array_end = .)
                0x10008440                        . = ALIGN (0x4)
                0x10008440                        PROVIDE (__fini_array_start = .)
 *(SORT_BY_NAME(.fini_array.*))
 *(.fini_array)
                0x10008440                        PROVIDE (__fini_array_end = .)
 *(.eh_frame*)
 .eh_frame      0x10008440        0x0 /usr/lib/gcc/arm-none-eabi/14.2.1/thumb/v6-m/nofp/crtbegin.o
                0x10008440                        . = ALIGN (0x4)

.glue_7         0x10008440        0x0
 .glue_7        0x10008440        0x0 linker stubs

.glue_7t        0x10008440        0x0
 .glue_7t       0x10008440        0x0 linker stubs

.vfp11_veneer   0x10008440        0x0
 .vfp11_veneer  0x10008440        0x0 linker stubs

.v4_bx          0x10008440        0x0
 .v4_bx         0x10008440        0x0 linker stubs

.iplt           0x10008440        0x0
 .iplt          0x10008440        0x0 /usr/lib/gcc/arm-none-eabi/14.2.1/thumb/v6-m/nofp/crtbegin.o

.rodata         0x10008440     0x23ec
 *(EXCLUDE_FILE(*libm.a: *libc.a:*lib_a-mem*.o *libgcc.a:) .rodata*)
 .rodata.main.str1.4
                0x10008440      0xf68 CMakeFiles/serv_http_esp8266.dir/main.cpp.o
                                0x2e2 (size before relaxing)
 .rodata._ZN3cfg9DEVICE_IDE
                0x100093a8        0xf CMakeFiles/serv_http_esp8266.dir/main.cpp.o
                0x100093a8                cfg::DEVICE_ID
 *fill*         0x100093b7        0x1 
 .rodata._ZN3cfg12API_ENDPOINTE
                0x100093b8       0x16 CMakeFiles/serv_http_esp8266.dir/main.cpp.o
                0x100093b8                cfg::API_ENDPOINT
 *fill*         0x100093ce        0x2 
 .rodata._ZN3cfg8API_HOSTE
                0x100093d0        0xd CMakeFiles/serv_http_esp8266.dir/main.cpp.o
                0x100093d0                cfg::API_HOST
 .rodata._ZN17Esp8266HttpServer11diag_bridgeEv.str1.4
                0x100093dd       0x5b CMakeFiles/serv_http_esp8266.dir/lib/Esp8266HttpServer.cpp.o
 .rodata._ZN17Esp8266HttpServer17wait_ipd_or_readyEPiS0_m.str1.4
                0x100093dd        0x8 CMakeFiles/serv_http_esp8266.dir/lib/Esp8266HttpServer.cpp.o
 .rodata._ZN17Esp8266HttpServer13send_http_200Ei.str1.4
                0x100093dd       0x82 CMakeFiles/serv_http_esp8266.dir/lib/Esp8266HttpServer.cpp.o
 .rodata._ZN17Esp8266HttpServer13send_http_404Ei.str1.4
                0x100093dd       0x6a CMakeFiles/serv_http_esp8266.dir/lib/Esp8266HttpServer.cpp.o
 .rodata._ZN17Esp8266HttpServer12start_serverEv.str1.4
                0x100093dd      0x125 CMakeFiles/serv_http_esp8266.dir/lib/Esp8266HttpServer.cpp.o
 .rodata._ZN17Esp8266HttpServer5beginEv.str1.4
                0x100093dd      0x1a9 CMakeFiles/serv_http_esp8266.dir/lib/Esp8266HttpServer.cpp.o
 .rodata._ZN17Esp8266HttpServer20send_api_sensor_jsonEi.str1.4
                0x100093dd      0x122 CMakeFiles/serv_http_esp8266.dir/lib/Esp8266HttpServer.cpp.o
 .rodata._ZN17Esp8266HttpServer14http_post_jsonEPKciS1_S1_.str1.4
                0x100093dd      0x107 CMakeFiles/serv_http_esp8266.dir/lib/Esp8266HttpServer.cpp.o
 .rodata._ZN17Esp8266HttpServer20send_earthquake_dataEffffb.str1.4
                0x100093dd       0xbe CMakeFiles/serv_http_esp8266.dir/lib/Esp8266HttpServer.cpp.o
 .rodata._ZN17Esp8266HttpServer4loopEv.str1.4
                0x100093dd      0x13b CMakeFiles/serv_http_esp8266.dir/lib/Esp8266HttpServer.cpp.o
 .rodata.str1.4
                0x100093dd       0x23 CMakeFiles/serv_http_esp8266.dir/lib/Esp8266HttpServer.cpp.o
 *fill*         0x100093dd        0x3 
 .rodata._ZZN17Esp8266HttpServer13send_http_404EiE4body
                0x100093e0       0x17 CMakeFiles/serv_http_esp8266.dir/lib/Esp8266HttpServer.cpp.o
 *fill*         0x100093f7        0x1 
 .rodata._ZZN17Esp8266HttpServer17wait_ipd_or_readyEPiS0_mE3tag
                0x100093f8        0x6 CMakeFiles/serv_http_esp8266.dir/lib/Esp8266HttpServer.cpp.o
 *fill*         0x100093fe        0x2 
 .rodata._ZN3web17kIndexContentTypeE
                0x10009400       0x19 CMakeFiles/serv_http_esp8266.dir/lib/Esp8266HttpServer.cpp.o
                0x10009400                web::kIndexContentType
 *fill*         0x10009419        0x3 
 .rodata._ZN3web10kIndexHtmlE
                0x1000941c      0xf38 CMakeFiles/serv_http_esp8266.dir/lib/Esp8266HttpServer.cpp.o
                0x1000941c                web::kIndexHtml
 .rodata._ZN3cfg9WIFI_PASSE
                0x1000a354        0xc CMakeFiles/serv_http_esp8266.dir/lib/Esp8266HttpServer.cpp.o
                0x1000a354                cfg::WIFI_PASS
 .rodata._ZN3cfg9WIFI_SSIDE
                0x1000a360        0xf CMakeFiles/serv_http_esp8266.dir/lib/Esp8266HttpServer.cpp.o
                0x1000a360                cfg::WIFI_SSID
 *fill*         0x1000a36f        0x1 
 .rodata        0x1000a370       0x18 CMakeFiles/serv_http_esp8266.dir/lib/Esp8266HttpServer.cpp.o
 .rodata._ZN7MPU60504initEv.str1.4
                0x1000a388       0xc5 CMakeFiles/serv_http_esp8266.dir/lib/MPU6050.cpp.o
 .rodata._ZN7MPU60509calibrateEi.str1.4
                0x1000a388       0xc2 CMakeFiles/serv_http_esp8266.dir/lib/MPU6050.cpp.o
 .rodata._ZN14SeismicMonitor4initEv.str1.4
                0x1000a388      0x10c CMakeFiles/serv_http_esp8266.dir/lib/SeismicMonitor.cpp.o
 .rodata.panic.str1.4
                0x1000a388       0x12 CMakeFiles/serv_http_esp8266.dir/home/kali/pico/pico-sdk/src/rp2_common/pico_platform_panic/panic.c.o
 .rodata.spin_lock_claim_unused.str1.4
                0x1000a388       0x1b CMakeFiles/serv_http_esp8266.dir/home/kali/pico/pico-sdk/src/rp2_common/hardware_sync/sync.c.o
 .rodata.user_irq_claim_unused.str1.4
                0x1000a388       0x1b CMakeFiles/serv_http_esp8266.dir/home/kali/pico/pico-sdk/src/rp2_common/hardware_irq/irq.c.o
 .rodata.timer_hardware_alarm_claim.str1.4
                0x1000a388       0x22 CMakeFiles/serv_http_esp8266.dir/home/kali/pico/pico-sdk/src/rp2_common/hardware_timer/timer.c.o
 .rodata.hard_assertion_failure.str1.4
                0x1000a388        0xc CMakeFiles/serv_http_esp8266.dir/home/kali/pico/pico-sdk/src/rp2_common/pico_runtime/runtime.c.o
 .rodata.str1.4
                0x1000a388       0x48 CMakeFiles/serv_http_esp8266.dir/home/kali/pico/pico-sdk/src/rp2_common/pico_standard_binary_info/standard_binary_info.c.o
 .rodata.__bi_84
                0x1000a388        0xc CMakeFiles/serv_http_esp8266.dir/home/kali/pico/pico-sdk/src/rp2_common/pico_standard_binary_info/standard_binary_info.c.o
 .rodata.__bi_78
                0x1000a394        0xc CMakeFiles/serv_http_esp8266.dir/home/kali/pico/pico-sdk/src/rp2_common/pico_standard_binary_info/standard_binary_info.c.o
 .rodata.__bi_54
                0x1000a3a0        0xc CMakeFiles/serv_http_esp8266.dir/home/kali/pico/pico-sdk/src/rp2_common/pico_standard_binary_info/standard_binary_info.c.o
 .rodata.__bi_48
                0x1000a3ac        0xc CMakeFiles/serv_http_esp8266.dir/home/kali/pico/pico-sdk/src/rp2_common/pico_standard_binary_info/standard_binary_info.c.o
 .rodata.__bi_42
                0x1000a3b8        0xc CMakeFiles/serv_http_esp8266.dir/home/kali/pico/pico-sdk/src/rp2_common/pico_standard_binary_info/standard_binary_info.c.o
 .rodata.__bi_34
                0x1000a3c4        0xc CMakeFiles/serv_http_esp8266.dir/home/kali/pico/pico-sdk/src/rp2_common/pico_standard_binary_info/standard_binary_info.c.o
 .rodata.__bi_26
                0x1000a3d0        0xc CMakeFiles/serv_http_esp8266.dir/home/kali/pico/pico-sdk/src/rp2_common/pico_standard_binary_info/standard_binary_info.c.o
 .rodata._ftoa.str1.4
                0x1000a3dc       0x15 CMakeFiles/serv_http_esp8266.dir/home/kali/pico/pico-sdk/src/rp2_common/pico_printf/printf.c.o
 .rodata._vsnprintf
                0x1000a3dc      0x19c CMakeFiles/serv_http_esp8266.dir/home/kali/pico/pico-sdk/src/rp2_common/pico_printf/printf.c.o
 .rodata.pow10.0
                0x1000a578       0x50 CMakeFiles/serv_http_esp8266.dir/home/kali/pico/pico-sdk/src/rp2_common/pico_printf/printf.c.o
 .rodata.crlf_str.0
                0x1000a5c8        0x2 CMakeFiles/serv_http_esp8266.dir/home/kali/pico/pico-sdk/src/rp2_common/pico_stdio/stdio.c.o
 *fill*         0x1000a5ca        0x2 
 .rodata._resetd_driver
                0x1000a5cc       0x20 CMakeFiles/serv_http_esp8266.dir/home/kali/pico/pico-sdk/src/rp2_common/pico_stdio_usb/reset_interface.c.o
 .rodata.desc_ms_os_20
                0x1000a5ec       0xa6 CMakeFiles/serv_http_esp8266.dir/home/kali/pico/pico-sdk/src/rp2_common/pico_stdio_usb/reset_interface.c.o
 *fill*         0x1000a692        0x2 
 .rodata.desc_bos
                0x1000a694       0x21 CMakeFiles/serv_http_esp8266.dir/home/kali/pico/pico-sdk/src/rp2_common/pico_stdio_usb/reset_interface.c.o
                0x1000a694                desc_bos
 .rodata.str1.4
                0x1000a6b5       0x13 CMakeFiles/serv_http_esp8266.dir/home/kali/pico/pico-sdk/src/rp2_common/pico_stdio_usb/stdio_usb.c.o
 *fill*         0x1000a6b5        0x3 
 .rodata.__bi_202.0
                0x1000a6b8        0xc CMakeFiles/serv_http_esp8266.dir/home/kali/pico/pico-sdk/src/rp2_common/pico_stdio_usb/stdio_usb.c.o
 .rodata.str1.4
                0x1000a6c4       0x2a CMakeFiles/serv_http_esp8266.dir/home/kali/pico/pico-sdk/src/rp2_common/pico_stdio_usb/stdio_usb_descriptors.c.o
 .rodata.usbd_desc_str
                0x1000a6c4       0x18 CMakeFiles/serv_http_esp8266.dir/home/kali/pico/pico-sdk/src/rp2_common/pico_stdio_usb/stdio_usb_descriptors.c.o
 .rodata.usbd_desc_cfg
                0x1000a6dc       0x54 CMakeFiles/serv_http_esp8266.dir/home/kali/pico/pico-sdk/src/rp2_common/pico_stdio_usb/stdio_usb_descriptors.c.o
 .rodata.usbd_desc_device
                0x1000a730       0x12 CMakeFiles/serv_http_esp8266.dir/home/kali/pico/pico-sdk/src/rp2_common/pico_stdio_usb/stdio_usb_descriptors.c.o
 .rodata.str1.4
                0x1000a742       0x14 CMakeFiles/serv_http_esp8266.dir/home/kali/pico/pico-sdk/lib/tinyusb/src/portable/raspberrypi/rp2040/dcd_rp2040.c.o
 .rodata.str1.4
                0x1000a742       0x48 CMakeFiles/serv_http_esp8266.dir/home/kali/pico/pico-sdk/lib/tinyusb/src/portable/raspberrypi/rp2040/rp2040_usb.c.o
 *fill*         0x1000a742        0x2 
 .rodata.tud_task_ext
                0x1000a744       0x8c CMakeFiles/serv_http_esp8266.dir/home/kali/pico/pico-sdk/lib/tinyusb/src/device/usbd.c.o
 .rodata        0x1000a7d0       0x1c CMakeFiles/serv_http_esp8266.dir/home/kali/pico/pico-sdk/lib/tinyusb/src/device/usbd.c.o
 .rodata._usbd_driver
                0x1000a7ec       0x40 CMakeFiles/serv_http_esp8266.dir/home/kali/pico/pico-sdk/lib/tinyusb/src/device/usbd.c.o
                0x1000a82c                        . = ALIGN (0x4)
 *(SORT_BY_ALIGNMENT(SORT_BY_NAME(.flashdata*)))
                0x1000a82c                        . = ALIGN (0x4)

.ARM.extab
 *(.ARM.extab* .gnu.linkonce.armextab.*)
                0x1000a82c                        __exidx_start = .

.ARM.exidx
 *(.ARM.exidx* .gnu.linkonce.armexidx.*)
                0x1000a82c                        __exidx_end = .
                0x1000a82c                        . = ALIGN (0x4)
                0x1000a82c                        __binary_info_start = .

.binary_info    0x1000a82c       0x20
 *(.binary_info.keep.*)
 .binary_info.keep.__bi_ptr84
                0x1000a82c        0x4 CMakeFiles/serv_http_esp8266.dir/home/kali/pico/pico-sdk/src/rp2_common/pico_standard_binary_info/standard_binary_info.c.o
 .binary_info.keep.__bi_ptr78
                0x1000a830        0x4 CMakeFiles/serv_http_esp8266.dir/home/kali/pico/pico-sdk/src/rp2_common/pico_standard_binary_info/standard_binary_info.c.o
 .binary_info.keep.__bi_ptr54
                0x1000a834        0x4 CMakeFiles/serv_http_esp8266.dir/home/kali/pico/pico-sdk/src/rp2_common/pico_standard_binary_info/standard_binary_info.c.o
 .binary_info.keep.__bi_ptr48
                0x1000a838        0x4 CMakeFiles/serv_http_esp8266.dir/home/kali/pico/pico-sdk/src/rp2_common/pico_standard_binary_info/standard_binary_info.c.o
 .binary_info.keep.__bi_ptr42
                0x1000a83c        0x4 CMakeFiles/serv_http_esp8266.dir/home/kali/pico/pico-sdk/src/rp2_common/pico_standard_binary_info/standard_binary_info.c.o
 .binary_info.keep.__bi_ptr34
                0x1000a840        0x4 CMakeFiles/serv_http_esp8266.dir/home/kali/pico/pico-sdk/src/rp2_common/pico_standard_binary_info/standard_binary_info.c.o
 .binary_info.keep.__bi_ptr26
                0x1000a844        0x4 CMakeFiles/serv_http_esp8266.dir/home/kali/pico/pico-sdk/src/rp2_common/pico_standard_binary_info/standard_binary_info.c.o
 *(.binary_info.*)
 .binary_info.__bi_ptr202
                0x1000a848        0x4 CMakeFiles/serv_http_esp8266.dir/home/kali/pico/pico-sdk/src/rp2_common/pico_stdio_usb/stdio_usb.c.o
                0x1000a84c                        __binary_info_end = .
                0x1000a84c                        . = ALIGN (0x4)

.ram_vector_table
                0x20000000       0xc0
 *(.ram_vector_table)
 .ram_vector_table
                0x20000000       0xc0 CMakeFiles/serv_http_esp8266.dir/home/kali/pico/pico-sdk/src/rp2_common/pico_runtime_init/runtime_init.c.o
                0x20000000                ram_vector_table

.uninitialized_data
                0x200000c0        0x0
                0x200000c0                        . = ALIGN (0x4)
 *(.uninitialized_data*)

.data           0x200000c0      0xb88 load address 0x1000a84c
                0x200000c0                        __data_start__ = .
 *(vtable)
 *(.time_critical*)
 .time_critical.mutex_try_enter
                0x200000c0       0x40 CMakeFiles/serv_http_esp8266.dir/home/kali/pico/pico-sdk/src/common/pico_sync/mutex.c.o
                0x200000c0                mutex_try_enter
 .time_critical.mutex_enter_block_until
                0x20000100       0x70 CMakeFiles/serv_http_esp8266.dir/home/kali/pico/pico-sdk/src/common/pico_sync/mutex.c.o
                0x20000100                mutex_enter_block_until
 .time_critical.mutex_try_enter_block_until
                0x20000170       0x5c CMakeFiles/serv_http_esp8266.dir/home/kali/pico/pico-sdk/src/common/pico_sync/mutex.c.o
                0x20000170                mutex_try_enter_block_until
 .time_critical.mutex_enter_timeout_ms
                0x200001cc       0x3c CMakeFiles/serv_http_esp8266.dir/home/kali/pico/pico-sdk/src/common/pico_sync/mutex.c.o
                0x200001cc                mutex_enter_timeout_ms
 .time_critical.mutex_exit
                0x20000208       0x28 CMakeFiles/serv_http_esp8266.dir/home/kali/pico/pico-sdk/src/common/pico_sync/mutex.c.o
                0x20000208                mutex_exit
 .time_critical.flash_init_boot2_copyout
                0x20000230       0x30 CMakeFiles/serv_http_esp8266.dir/home/kali/pico/pico-sdk/src/rp2_common/hardware_flash/flash.c.o
 .time_critical.flash_enable_xip_via_boot2
                0x20000260        0xc CMakeFiles/serv_http_esp8266.dir/home/kali/pico/pico-sdk/src/rp2_common/hardware_flash/flash.c.o
 .time_critical.flash_save_hardware_state
                0x2000026c       0x18 CMakeFiles/serv_http_esp8266.dir/home/kali/pico/pico-sdk/src/rp2_common/hardware_flash/flash.c.o
 .time_critical.flash_restore_hardware_state
                0x20000284       0x1c CMakeFiles/serv_http_esp8266.dir/home/kali/pico/pico-sdk/src/rp2_common/hardware_flash/flash.c.o
 .time_critical.flash_cs_force
                0x200002a0       0x20 CMakeFiles/serv_http_esp8266.dir/home/kali/pico/pico-sdk/src/rp2_common/hardware_flash/flash.c.o
 .time_critical.flash_do_cmd
                0x200002c0      0x140 CMakeFiles/serv_http_esp8266.dir/home/kali/pico/pico-sdk/src/rp2_common/hardware_flash/flash.c.o
                0x200002c0                flash_do_cmd
 .time_critical.reset_non_control_endpoints
                0x20000400       0x3c CMakeFiles/serv_http_esp8266.dir/home/kali/pico/pico-sdk/lib/tinyusb/src/portable/raspberrypi/rp2040/dcd_rp2040.c.o
 .time_critical.hw_handle_buff_status
                0x2000043c       0xa0 CMakeFiles/serv_http_esp8266.dir/home/kali/pico/pico-sdk/lib/tinyusb/src/portable/raspberrypi/rp2040/dcd_rp2040.c.o
 .time_critical.dcd_rp2040_irq
                0x200004dc      0x1e0 CMakeFiles/serv_http_esp8266.dir/home/kali/pico/pico-sdk/lib/tinyusb/src/portable/raspberrypi/rp2040/dcd_rp2040.c.o
 .time_critical.prepare_ep_buffer
                0x200006bc       0x70 CMakeFiles/serv_http_esp8266.dir/home/kali/pico/pico-sdk/lib/tinyusb/src/portable/raspberrypi/rp2040/rp2040_usb.c.o
 .time_critical.sync_ep_buffer
                0x2000072c       0x50 CMakeFiles/serv_http_esp8266.dir/home/kali/pico/pico-sdk/lib/tinyusb/src/portable/raspberrypi/rp2040/rp2040_usb.c.o
 .time_critical._hw_endpoint_xfer_sync
                0x2000077c       0x28 CMakeFiles/serv_http_esp8266.dir/home/kali/pico/pico-sdk/lib/tinyusb/src/portable/raspberrypi/rp2040/rp2040_usb.c.o
 .time_critical.e15_is_bulkin_ep
                0x200007a4       0x28 CMakeFiles/serv_http_esp8266.dir/home/kali/pico/pico-sdk/lib/tinyusb/src/portable/raspberrypi/rp2040/rp2040_usb.c.o
 .time_critical.e15_is_critical_frame_period
                0x200007cc       0x34 CMakeFiles/serv_http_esp8266.dir/home/kali/pico/pico-sdk/lib/tinyusb/src/portable/raspberrypi/rp2040/rp2040_usb.c.o
 .time_critical.hw_endpoint_reset_transfer
                0x20000800        0xc CMakeFiles/serv_http_esp8266.dir/home/kali/pico/pico-sdk/lib/tinyusb/src/portable/raspberrypi/rp2040/rp2040_usb.c.o
                0x20000800                hw_endpoint_reset_transfer
 .time_critical._hw_endpoint_buffer_control_update32
                0x2000080c       0x50 CMakeFiles/serv_http_esp8266.dir/home/kali/pico/pico-sdk/lib/tinyusb/src/portable/raspberrypi/rp2040/rp2040_usb.c.o
                0x2000080c                _hw_endpoint_buffer_control_update32
 .time_critical.hw_endpoint_start_next_buffer
                0x2000085c       0x68 CMakeFiles/serv_http_esp8266.dir/home/kali/pico/pico-sdk/lib/tinyusb/src/portable/raspberrypi/rp2040/rp2040_usb.c.o
                0x2000085c                hw_endpoint_start_next_buffer
 .time_critical.hw_endpoint_xfer_continue
                0x200008c4       0x40 CMakeFiles/serv_http_esp8266.dir/home/kali/pico/pico-sdk/lib/tinyusb/src/portable/raspberrypi/rp2040/rp2040_usb.c.o
                0x200008c4                hw_endpoint_xfer_continue
 .time_critical.tinyusb
                0x20000904      0x1e4 CMakeFiles/serv_http_esp8266.dir/home/kali/pico/pico-sdk/lib/tinyusb/src/device/usbd.c.o
                0x20000904                dcd_event_handler
 *(.text*)
 .text          0x20000ae8        0x4 /usr/lib/gcc/arm-none-eabi/14.2.1/thumb/v6-m/nofp/libgcc.a(_dvmd_tls.o)
                0x20000ae8                __aeabi_ldiv0
                0x20000ae8                __aeabi_idiv0
 *fill*         0x20000aec        0x4 
 .text.__stub   0x20000af0       0x80 linker stubs
                0x20000b70                        . = ALIGN (0x4)
 *(.rodata*)
                0x20000b70                        . = ALIGN (0x4)
 *(.data*)
 .data._ZZN17Esp8266HttpServer12read_mpu6050EPfS0_S0_E4seed
                0x20000b70        0x4 CMakeFiles/serv_http_esp8266.dir/lib/Esp8266HttpServer.cpp.o
 .data.striped_spin_lock_num
                0x20000b74        0x1 CMakeFiles/serv_http_esp8266.dir/home/kali/pico/pico-sdk/src/rp2_common/hardware_sync/sync.c.o
 *fill*         0x20000b75        0x3 
 .data          0x20000b78       0x48 CMakeFiles/serv_http_esp8266.dir/home/kali/pico/pico-sdk/src/rp2_common/hardware_irq/irq_handler_chain.S.o
                0x20000b78                irq_handler_chain_slots
                0x20000ba8                irq_handler_chain_first_slot
                0x20000bb2                irq_handler_chain_remove_tail
 .data.default_alarm_pool
                0x20000bc0       0x18 CMakeFiles/serv_http_esp8266.dir/home/kali/pico/pico-sdk/src/common/pico_time/time.c.o
 *fill*         0x20000bd8        0x8 
 .data.aeabi_bits_funcs
                0x20000be0       0x10 CMakeFiles/serv_http_esp8266.dir/home/kali/pico/pico-sdk/src/rp2_common/pico_bit_ops/bit_ops_aeabi.S.o
                0x20000be0                aeabi_bits_funcs
                0x20000bf0                aeabi_bits_funcs_end
 .data.aeabi_mem_funcs
                0x20000bf0       0x10 CMakeFiles/serv_http_esp8266.dir/home/kali/pico/pico-sdk/src/rp2_common/pico_mem_ops/mem_ops_aeabi.S.o
                0x20000bf0                aeabi_mem_funcs
                0x20000c00                aeabi_mem_funcs_end
 .data.stdio_usb
                0x20000c00       0x18 CMakeFiles/serv_http_esp8266.dir/home/kali/pico/pico-sdk/src/rp2_common/pico_stdio_usb/stdio_usb.c.o
                0x20000c00                stdio_usb
 .data._usbd_qdef
                0x20000c18       0x1c CMakeFiles/serv_http_esp8266.dir/home/kali/pico/pico-sdk/lib/tinyusb/src/device/usbd.c.o
                0x20000c18                _usbd_qdef
 .data._usbd_rhport
                0x20000c34        0x1 CMakeFiles/serv_http_esp8266.dir/home/kali/pico/pico-sdk/lib/tinyusb/src/device/usbd.c.o
 *fill*         0x20000c35        0x3 
 .data.i2c0_inst
                0x20000c38        0x8 CMakeFiles/serv_http_esp8266.dir/home/kali/pico/pico-sdk/src/rp2_common/hardware_i2c/i2c.c.o
                0x20000c38                i2c0_inst
                0x20000c40                        . = ALIGN (0x4)
 *(.after_data.*)
                0x20000c40                        . = ALIGN (0x4)
                0x20000c40                        PROVIDE (__mutex_array_start = .)
 *(SORT_BY_NAME(.mutex_array.*))
 *(.mutex_array)
 .mutex_array   0x20000c40        0x8 CMakeFiles/serv_http_esp8266.dir/home/kali/pico/pico-sdk/src/rp2_common/pico_stdio/stdio.c.o
                0x20000c48                        PROVIDE (__mutex_array_end = .)
                0x20000c48                        . = ALIGN (0x4)
 *(.jcr)
                0x20000c48                        . = ALIGN (0x4)

.tm_clone_table
                0x20000c48        0x0 load address 0x1000b3d4
 .tm_clone_table
                0x20000c48        0x0 /usr/lib/gcc/arm-none-eabi/14.2.1/thumb/v6-m/nofp/crtbegin.o
 .tm_clone_table
                0x20000c48        0x0 /usr/lib/gcc/arm-none-eabi/14.2.1/thumb/v6-m/nofp/crtend.o

.igot.plt       0x20000c48        0x0 load address 0x1000b3d4
 .igot.plt      0x20000c48        0x0 /usr/lib/gcc/arm-none-eabi/14.2.1/thumb/v6-m/nofp/crtbegin.o

.tdata          0x20000c48        0x0 load address 0x1000b3d4
                0x20000c48                        . = ALIGN (0x4)
 *(.tdata .tdata.* .gnu.linkonce.td.*)
                0x20000c48                        __tdata_end = .
                0x20000c48                        PROVIDE (__data_end__ = .)
                0x1000a84c                        __etext = LOADADDR (.data)

.tbss           0x20000c48        0x0 load address 0x1000b3d4
                0x20000c48                        . = ALIGN (0x4)
                0x20000c48                        __bss_start__ = .
                0x20000c48                        __tls_base = .
 *(.tbss .tbss.* .gnu.linkonce.tb.*)
 *(.tcommon)
                0x20000c48                        __tls_end = .

.bss            0x20000c48     0x1098 load address 0x1000b3d4
                0x20000c48                        . = ALIGN (0x4)
                0x20000c48                        __tbss_end = .
 *(SORT_BY_ALIGNMENT(SORT_BY_NAME(.bss*)))
 .bss.default_alarm_pool_entries
                0x20000c48      0x180 CMakeFiles/serv_http_esp8266.dir/home/kali/pico/pico-sdk/src/common/pico_time/time.c.o
 .bss.last_avail_time.1